stm32f4xx_ll_rcc.c:202:13:LL_RCC_DeInit	0	static
stm32f4xx_ll_rcc.c:1172:10:RCC_GetHCLKClockFreq	0	static
stm32f4xx_ll_rcc.c:1183:10:RCC_GetPCLK1ClockFreq	0	static
stm32f4xx_ll_rcc.c:1194:10:RCC_GetPCLK2ClockFreq	0	static
stm32f4xx_ll_rcc.c:1205:10:RCC_PLL_GetFreqDomain_SYS	8	static
stm32f4xx_ll_rcc.c:1134:10:RCC_GetSystemClockFreq	0	static
stm32f4xx_ll_rcc.c:318:6:LL_RCC_GetSystemClocksFreq	8	static
stm32f4xx_ll_rcc.c:1249:10:RCC_PLL_GetFreqDomain_48M	0	static
stm32f4xx_ll_rcc.c:697:10:LL_RCC_GetSDIOClockFreq	0	static
stm32f4xx_ll_rcc.c:863:10:LL_RCC_GetUSBClockFreq	0	static
stm32f4xx_ll_rcc.c:768:10:LL_RCC_GetRNGClockFreq	0	static
stm32f4xx_ll_rcc.c:1589:10:RCC_PLLI2S_GetFreqDomain_I2S	0	static
stm32f4xx_ll_rcc.c:385:10:LL_RCC_GetI2SClockFreq	0	static
