Archive member included to satisfy reference by file (symbol)

c:/program files (x86)/atollic/truestudio for stm32 9.0.1/armtools/bin/../lib/gcc/arm-atollic-eabi/6.3.1/../../../../arm-atollic-eabi/lib/armv7e-m/fpu\libc_nano.a(lib_a-init.o)
                              startup_stm32f405xx.o (__libc_init_array)
c:/program files (x86)/atollic/truestudio for stm32 9.0.1/armtools/bin/../lib/gcc/arm-atollic-eabi/6.3.1/armv7e-m/fpu\libgcc.a(_aeabi_uldivmod.o)
                              lib\STM32F4xx_HAL_Driver\Src\stm32f4xx_hal_rcc.o (__aeabi_uldivmod)
c:/program files (x86)/atollic/truestudio for stm32 9.0.1/armtools/bin/../lib/gcc/arm-atollic-eabi/6.3.1/armv7e-m/fpu\libgcc.a(_udivmoddi4.o)
                              c:/program files (x86)/atollic/truestudio for stm32 9.0.1/armtools/bin/../lib/gcc/arm-atollic-eabi/6.3.1/armv7e-m/fpu\libgcc.a(_aeabi_uldivmod.o) (__udivmoddi4)
c:/program files (x86)/atollic/truestudio for stm32 9.0.1/armtools/bin/../lib/gcc/arm-atollic-eabi/6.3.1/armv7e-m/fpu\libgcc.a(_dvmd_tls.o)
                              c:/program files (x86)/atollic/truestudio for stm32 9.0.1/armtools/bin/../lib/gcc/arm-atollic-eabi/6.3.1/armv7e-m/fpu\libgcc.a(_aeabi_uldivmod.o) (__aeabi_ldiv0)

Allocating common symbols
Common symbol       size              file

hpcd_USB_OTG_FS     0x3f0             usbd_conf.o
uwTick              0x4               lib\STM32F4xx_HAL_Driver\Src\stm32f4xx_hal.o
pFlash              0x20              lib\STM32F4xx_HAL_Driver\Src\stm32f4xx_hal_flash.o
USB_Rx_Buffer       0x40              usbd_bulk.o
USBD_StrDesc        0x200             usbd_desc.o

Discarded input sections

 .text          0x00000000        0x0 c:/program files (x86)/atollic/truestudio for stm32 9.0.1/armtools/bin/../lib/gcc/arm-atollic-eabi/6.3.1/armv7e-m/fpu/crti.o
 .data          0x00000000        0x0 c:/program files (x86)/atollic/truestudio for stm32 9.0.1/armtools/bin/../lib/gcc/arm-atollic-eabi/6.3.1/armv7e-m/fpu/crti.o
 .bss           0x00000000        0x0 c:/program files (x86)/atollic/truestudio for stm32 9.0.1/armtools/bin/../lib/gcc/arm-atollic-eabi/6.3.1/armv7e-m/fpu/crti.o
 .data          0x00000000        0x4 c:/program files (x86)/atollic/truestudio for stm32 9.0.1/armtools/bin/../lib/gcc/arm-atollic-eabi/6.3.1/armv7e-m/fpu/crtbegin.o
 .text          0x00000000        0x0 Source\ARMCM4_STM32F4\GCC\cpu_comp.o
 .data          0x00000000        0x0 Source\ARMCM4_STM32F4\GCC\cpu_comp.o
 .bss           0x00000000        0x0 Source\ARMCM4_STM32F4\GCC\cpu_comp.o
 .text          0x00000000        0x0 Source\ARMCM4_STM32F4\can.o
 .data          0x00000000        0x0 Source\ARMCM4_STM32F4\can.o
 .bss           0x00000000        0x0 Source\ARMCM4_STM32F4\can.o
 .debug_info    0x00000000       0x56 Source\ARMCM4_STM32F4\can.o
 .debug_abbrev  0x00000000       0x26 Source\ARMCM4_STM32F4\can.o
 .debug_aranges
                0x00000000       0x18 Source\ARMCM4_STM32F4\can.o
 .debug_line    0x00000000       0x1d Source\ARMCM4_STM32F4\can.o
 .debug_str     0x00000000      0x1a0 Source\ARMCM4_STM32F4\can.o
 .comment       0x00000000       0x7d Source\ARMCM4_STM32F4\can.o
 .ARM.attributes
                0x00000000       0x39 Source\ARMCM4_STM32F4\can.o
 .text          0x00000000        0x0 Source\ARMCM4_STM32F4\cpu.o
 .data          0x00000000        0x0 Source\ARMCM4_STM32F4\cpu.o
 .bss           0x00000000        0x0 Source\ARMCM4_STM32F4\cpu.o
 .text.CpuMemSet
                0x00000000       0x18 Source\ARMCM4_STM32F4\cpu.o
 .text          0x00000000        0x0 Source\ARMCM4_STM32F4\flash.o
 .data          0x00000000        0x0 Source\ARMCM4_STM32F4\flash.o
 .bss           0x00000000        0x0 Source\ARMCM4_STM32F4\flash.o
 .text          0x00000000        0x0 Source\ARMCM4_STM32F4\nvm.o
 .data          0x00000000        0x0 Source\ARMCM4_STM32F4\nvm.o
 .bss           0x00000000        0x0 Source\ARMCM4_STM32F4\nvm.o
 .text.NvmReinit
                0x00000000        0xe Source\ARMCM4_STM32F4\nvm.o
 .text          0x00000000        0x0 Source\ARMCM4_STM32F4\timer.o
 .data          0x00000000        0x0 Source\ARMCM4_STM32F4\timer.o
 .bss           0x00000000        0x0 Source\ARMCM4_STM32F4\timer.o
 .text          0x00000000        0x0 Source\ARMCM4_STM32F4\uart.o
 .data          0x00000000        0x0 Source\ARMCM4_STM32F4\uart.o
 .bss           0x00000000        0x0 Source\ARMCM4_STM32F4\uart.o
 .text          0x00000000        0x0 Source\ARMCM4_STM32F4\usb.o
 .data          0x00000000        0x0 Source\ARMCM4_STM32F4\usb.o
 .bss           0x00000000        0x0 Source\ARMCM4_STM32F4\usb.o
 .debug_info    0x00000000       0x56 Source\ARMCM4_STM32F4\usb.o
 .debug_abbrev  0x00000000       0x26 Source\ARMCM4_STM32F4\usb.o
 .debug_aranges
                0x00000000       0x18 Source\ARMCM4_STM32F4\usb.o
 .debug_line    0x00000000       0x1d Source\ARMCM4_STM32F4\usb.o
 .debug_str     0x00000000      0x1a0 Source\ARMCM4_STM32F4\usb.o
[...]
Memory Configuration

Name             Origin             Length             Attributes
RAM              0x20000000         0x00020000         xrw
CCMRAM           0x10000000         0x00010000         rw
FLASH            0x08000000         0x00008000         xr
*default*        0x00000000         0xffffffff

Linker script and memory map

LOAD c:/program files (x86)/atollic/truestudio for stm32 9.0.1/armtools/bin/../lib/gcc/arm-atollic-eabi/6.3.1/armv7e-m/fpu/crti.o
LOAD c:/program files (x86)/atollic/truestudio for stm32 9.0.1/armtools/bin/../lib/gcc/arm-atollic-eabi/6.3.1/armv7e-m/fpu/crtbegin.o
LOAD Source\ARMCM4_STM32F4\GCC\cpu_comp.o
LOAD Source\ARMCM4_STM32F4\can.o
LOAD Source\ARMCM4_STM32F4\cpu.o
LOAD Source\ARMCM4_STM32F4\flash.o
LOAD Source\ARMCM4_STM32F4\nvm.o
LOAD Source\ARMCM4_STM32F4\timer.o
LOAD Source\ARMCM4_STM32F4\uart.o
LOAD Source\ARMCM4_STM32F4\usb.o
LOAD Source\assert.o
LOAD Source\backdoor.o
LOAD Source\boot.o
LOAD Source\com.o
LOAD Source\cop.o
LOAD Source\file.o
LOAD Source\net.o
LOAD Source\third_party\fatfs\src\ff.o
LOAD Source\third_party\fatfs\src\option\unicode.o
LOAD Source\xcp.o
LOAD hooks.o
LOAD led.o
LOAD lib\STM32F4xx_HAL_Driver\Src\stm32f4xx_hal.o
LOAD lib\STM32F4xx_HAL_Driver\Src\stm32f4xx_hal_can.o
LOAD lib\STM32F4xx_HAL_Driver\Src\stm32f4xx_hal_cortex.o
LOAD lib\STM32F4xx_HAL_Driver\Src\stm32f4xx_hal_dma.o
LOAD lib\STM32F4xx_HAL_Driver\Src\stm32f4xx_hal_dma_ex.o
LOAD lib\STM32F4xx_HAL_Driver\Src\stm32f4xx_hal_flash.o
LOAD lib\STM32F4xx_HAL_Driver\Src\stm32f4xx_hal_flash_ex.o
LOAD lib\STM32F4xx_HAL_Driver\Src\stm32f4xx_hal_flash_ramfunc.o
LOAD lib\STM32F4xx_HAL_Driver\Src\stm32f4xx_hal_gpio.o
LOAD lib\STM32F4xx_HAL_Driver\Src\stm32f4xx_hal_pcd.o
LOAD lib\STM32F4xx_HAL_Driver\Src\stm32f4xx_hal_pcd_ex.o
LOAD lib\STM32F4xx_HAL_Driver\Src\stm32f4xx_hal_pwr.o
LOAD lib\STM32F4xx_HAL_Driver\Src\stm32f4xx_hal_pwr_ex.o
LOAD lib\STM32F4xx_HAL_Driver\Src\stm32f4xx_hal_rcc.o
LOAD lib\STM32F4xx_HAL_Driver\Src\stm32f4xx_hal_rcc_ex.o
LOAD lib\STM32F4xx_HAL_Driver\Src\stm32f4xx_hal_tim.o
LOAD lib\STM32F4xx_HAL_Driver\Src\stm32f4xx_hal_tim_ex.o
LOAD lib\STM32F4xx_HAL_Driver\Src\stm32f4xx_ll_dma.o
LOAD lib\STM32F4xx_HAL_Driver\Src\stm32f4xx_ll_exti.o
LOAD lib\STM32F4xx_HAL_Driver\Src\stm32f4xx_ll_gpio.o
LOAD lib\STM32F4xx_HAL_Driver\Src\stm32f4xx_ll_rcc.o
LOAD lib\STM32F4xx_HAL_Driver\Src\stm32f4xx_ll_spi.o
LOAD lib\STM32F4xx_HAL_Driver\Src\stm32f4xx_ll_usart.o
LOAD lib\STM32F4xx_HAL_Driver\Src\stm32f4xx_ll_usb.o
LOAD lib\STM32F4xx_HAL_Driver\Src\stm32f4xx_ll_utils.o
LOAD lib\STM32_USB_Device_Library\Core\Src\usbd_core.o
LOAD lib\STM32_USB_Device_Library\Core\Src\usbd_ctlreq.o
LOAD lib\STM32_USB_Device_Library\Core\Src\usbd_ioreq.o
LOAD lib\fatfs\mmc.o
LOAD lib\system_stm32f4xx.o
LOAD main.o
LOAD startup_stm32f405xx.o
LOAD usbd_bulk.o
LOAD usbd_conf.o
LOAD usbd_desc.o
                0x00000080                malloc_getpagesize_P = 0x80
START GROUP
LOAD c:/program files (x86)/atollic/truestudio for stm32 9.0.1/armtools/bin/../lib/gcc/arm-atollic-eabi/6.3.1/../../../../arm-atollic-eabi/lib/armv7e-m/fpu\libc_nano.a
LOAD c:/program files (x86)/atollic/truestudio for stm32 9.0.1/armtools/bin/../lib/gcc/arm-atollic-eabi/6.3.1/../../../../arm-atollic-eabi/lib/armv7e-m/fpu\libm.a
END GROUP
START GROUP
LOAD c:/program files (x86)/atollic/truestudio for stm32 9.0.1/armtools/bin/../lib/gcc/arm-atollic-eabi/6.3.1/armv7e-m/fpu\libgcc.a
LOAD c:/program files (x86)/atollic/truestudio for stm32 9.0.1/armtools/bin/../lib/gcc/arm-atollic-eabi/6.3.1/../../../../arm-atollic-eabi/lib/armv7e-m/fpu\libc_nano.a
END GROUP
START GROUP
LOAD c:/program files (x86)/atollic/truestudio for stm32 9.0.1/armtools/bin/../lib/gcc/arm-atollic-eabi/6.3.1/armv7e-m/fpu\libgcc.a
LOAD c:/program files (x86)/atollic/truestudio for stm32 9.0.1/armtools/bin/../lib/gcc/arm-atollic-eabi/6.3.1/../../../../arm-atollic-eabi/lib/armv7e-m/fpu\libc_nano.a
LOAD c:/program files (x86)/atollic/truestudio for stm32 9.0.1/armtools/bin/../lib/gcc/arm-atollic-eabi/6.3.1/../../../../arm-atollic-eabi/lib/armv7e-m/fpu\libnosys.a
END GROUP
START GROUP
LOAD c:/program files (x86)/atollic/truestudio for stm32 9.0.1/armtools/bin/../lib/gcc/arm-atollic-eabi/6.3.1/armv7e-m/fpu\libgcc.a
LOAD c:/program files (x86)/atollic/truestudio for stm32 9.0.1/armtools/bin/../lib/gcc/arm-atollic-eabi/6.3.1/../../../../arm-atollic-eabi/lib/armv7e-m/fpu\libc_nano.a
LOAD c:/program files (x86)/atollic/truestudio for stm32 9.0.1/armtools/bin/../lib/gcc/arm-atollic-eabi/6.3.1/../../../../arm-atollic-eabi/lib/armv7e-m/fpu\libnosys.a
END GROUP
LOAD c:/program files (x86)/atollic/truestudio for stm32 9.0.1/armtools/bin/../lib/gcc/arm-atollic-eabi/6.3.1/armv7e-m/fpu/crtend.o
LOAD c:/program files (x86)/atollic/truestudio for stm32 9.0.1/armtools/bin/../lib/gcc/arm-atollic-eabi/6.3.1/armv7e-m/fpu/crtn.o
                0x20020000                _estack = 0x20020000
                0x00000200                _Min_Heap_Size = 0x200
                0x00000800                _Min_Stack_Size = 0x800

.isr_vector     0x08000000      0x188
                0x08000000                . = ALIGN (0x4)
 *(.isr_vector)
 .isr_vector    0x08000000      0x188 startup_stm32f405xx.o
                0x08000000                g_pfnVectors
                0x08000188                . = ALIGN (0x4)

.text           0x08000188     0x1610
                0x08000188                . = ALIGN (0x4)
 *(.text)
 .text          0x08000188       0x40 c:/program files (x86)/atollic/truestudio for stm32 9.0.1/armtools/bin/../lib/gcc/arm-atollic-eabi/6.3.1/armv7e-m/fpu/crtbegin.o
 *(.text*)
 .text.CpuIrqDisable
                0x080001c8        0x4 Source\ARMCM4_STM32F4\GCC\cpu_comp.o
                0x080001c8                CpuIrqDisable
 .text.CpuIrqEnable
                0x080001cc        0x4 Source\ARMCM4_STM32F4\GCC\cpu_comp.o
                0x080001cc                CpuIrqEnable
 .text.CpuInit  0x080001d0        0x4 Source\ARMCM4_STM32F4\cpu.o
                0x080001d0                CpuInit
 .text.CpuStartUserProgram
                0x080001d4       0x44 Source\ARMCM4_STM32F4\cpu.o
                0x080001d4                CpuStartUserProgram
 .text.CpuMemCopy
                0x08000218       0x1c Source\ARMCM4_STM32F4\cpu.o
                0x08000218                CpuMemCopy
 .text.FlashGetSector
                0x08000234       0x34 Source\ARMCM4_STM32F4\flash.o
 .text.FlashWriteBlock
                0x08000268       0x4e Source\ARMCM4_STM32F4\flash.o
 *fill*         0x080002b6        0x2 
 .text.FlashSwitchBlock
                0x080002b8       0x50 Source\ARMCM4_STM32F4\flash.o
 .text.FlashAddToBlock
                0x08000308       0x82 Source\ARMCM4_STM32F4\flash.o
 *fill*         0x0800038a        0x2 
 .text.FlashReinit
                0x0800038c       0x18 Source\ARMCM4_STM32F4\flash.o
                0x0800038c                FlashReinit
 .text.FlashInit
                0x080003a4        0x4 Source\ARMCM4_STM32F4\flash.o
                0x080003a4                FlashInit
 .text.FlashWrite
                0x080003a8       0x5c Source\ARMCM4_STM32F4\flash.o
                0x080003a8                FlashWrite
 .text.FlashErase
                0x08000404       0x78 Source\ARMCM4_STM32F4\flash.o
                0x08000404                FlashErase
 .text.FlashWriteChecksum
                0x0800047c       0x48 Source\ARMCM4_STM32F4\flash.o
                0x0800047c                FlashWriteChecksum
 .text.FlashVerifyChecksum
                0x080004c4       0x58 Source\ARMCM4_STM32F4\flash.o
                0x080004c4                FlashVerifyChecksum
 .text.FlashDone
                0x0800051c       0x34 Source\ARMCM4_STM32F4\flash.o
                0x0800051c                FlashDone
 .text.FlashGetUserProgBaseAddress
                0x08000550        0x8 Source\ARMCM4_STM32F4\flash.o
                0x08000550                FlashGetUserProgBaseAddress
 .text.NvmInit  0x08000558        0xe Source\ARMCM4_STM32F4\nvm.o
                0x08000558                NvmInit
 .text.NvmWrite
                0x08000566       0x22 Source\ARMCM4_STM32F4\nvm.o
                0x08000566                NvmWrite
 .text.NvmErase
                0x08000588       0x1e Source\ARMCM4_STM32F4\nvm.o
                0x08000588                NvmErase
 .text.NvmVerifyChecksum
                0x080005a6        0x4 Source\ARMCM4_STM32F4\nvm.o
                0x080005a6                NvmVerifyChecksum
 .text.NvmGetUserProgBaseAddress
                0x080005aa        0x4 Source\ARMCM4_STM32F4\nvm.o
                0x080005aa                NvmGetUserProgBaseAddress
 .text.NvmDone  0x080005ae       0x1a Source\ARMCM4_STM32F4\nvm.o
                0x080005ae                NvmDone
 .text.TimerInit
                0x080005c8       0x24 Source\ARMCM4_STM32F4\timer.o
                0x080005c8                TimerInit
 .text.TimerReset
                0x080005ec        0xc Source\ARMCM4_STM32F4\timer.o
                0x080005ec                TimerReset
 .text.TimerUpdate
                0x080005f8       0x1c Source\ARMCM4_STM32F4\timer.o
                0x080005f8                TimerUpdate
 .text.TimerGet
                0x08000614       0x10 Source\ARMCM4_STM32F4\timer.o
                0x08000614                TimerGet
 .text.HAL_GetTick
                0x08000624       0x10 Source\ARMCM4_STM32F4\timer.o
                0x08000624                HAL_GetTick
 .text.SysTick_Handler
                0x08000634        0x2 Source\ARMCM4_STM32F4\timer.o
                0x08000634                SysTick_Handler
 *fill*         0x08000636        0x2 
 .text.UartTransmitByte
                0x08000638       0x28 Source\ARMCM4_STM32F4\uart.o
 .text.UartInit
                0x08000660       0x48 Source\ARMCM4_STM32F4\uart.o
                0x08000660                UartInit
 .text.UartTransmitPacket
                0x080006a8       0x38 Source\ARMCM4_STM32F4\uart.o
                0x080006a8                UartTransmitPacket
 .text.UartReceivePacket
                0x080006e0       0xb4 Source\ARMCM4_STM32F4\uart.o
                0x080006e0                UartReceivePacket
 .text.AssertFailure
                0x08000794        0x8 Source\assert.o
                0x08000794                AssertFailure
 .text.BackDoorCheck
                0x0800079c       0x44 Source\backdoor.o
                0x0800079c                BackDoorCheck
 .text.BackDoorRestartTimer
                0x080007e0       0x1c Source\backdoor.o
                0x080007e0                BackDoorRestartTimer
 .text.BackDoorInit
                0x080007fc       0x18 Source\backdoor.o
                0x080007fc                BackDoorInit
 .text.BootInit
                0x08000814       0x1e Source\boot.o
                0x08000814                BootInit
 .text.BootTask
                0x08000832       0x16 Source\boot.o
                0x08000832                BootTask
 .text.ComInit  0x08000848       0x18 Source\com.o
                0x08000848                ComInit
 .text.ComTask  0x08000860       0x30 Source\com.o
                0x08000860                ComTask
 .text.ComFree  0x08000890        0x2 Source\com.o
                0x08000890                ComFree
 *fill*         0x08000892        0x2 
 .text.ComTransmitPacket
                0x08000894       0x1c Source\com.o
                0x08000894                ComTransmitPacket
 .text.ComGetActiveInterfaceMaxTxLen
                0x080008b0       0x1c Source\com.o
                0x080008b0                ComGetActiveInterfaceMaxTxLen
 .text.ComGetActiveInterfaceMaxRxLen
                0x080008cc        0x4 Source\com.o
                0x080008cc                ComGetActiveInterfaceMaxRxLen
 .text.ComIsConnected
                0x080008d0        0xe Source\com.o
                0x080008d0                ComIsConnected
 .text.CopInit  0x080008de        0x4 Source\cop.o
                0x080008de                CopInit
 .text.CopService
                0x080008e2        0x4 Source\cop.o
                0x080008e2                CopService
 *fill*         0x080008e6        0x2 
 .text.XcpSetCtoError
                0x080008e8       0x14 Source\xcp.o
 .text.XcpInit  0x080008fc       0x1c Source\xcp.o
                0x080008fc                XcpInit
 .text.XcpIsConnected
                0x08000918       0x10 Source\xcp.o
                0x08000918                XcpIsConnected
 .text.XcpPacketTransmitted
                0x08000928       0x10 Source\xcp.o
                0x08000928                XcpPacketTransmitted
 .text.XcpPacketReceived
                0x08000938      0x214 Source\xcp.o
                0x08000938                XcpPacketReceived
 .text.CpuUserProgramStartHook
                0x08000b4c       0x1c hooks.o
                0x08000b4c                CpuUserProgramStartHook
 .text.CopInitHook
                0x08000b68        0x6 hooks.o
                0x08000b68                CopInitHook
 .text.CopServiceHook
                0x08000b6e        0x4 hooks.o
                0x08000b6e                CopServiceHook
 .text.NvmInitHook
                0x08000b72        0x2 hooks.o
                0x08000b72                NvmInitHook
 .text.NvmWriteHook
                0x08000b74        0x4 hooks.o
                0x08000b74                NvmWriteHook
 .text.NvmEraseHook
                0x08000b78        0x4 hooks.o
                0x08000b78                NvmEraseHook
 .text.NvmDoneHook
                0x08000b7c        0x4 hooks.o
                0x08000b7c                NvmDoneHook
 .text.LedBlinkInit
                0x08000b80        0xc led.o
                0x08000b80                LedBlinkInit
 .text.LedBlinkTask
                0x08000b8c       0x48 led.o
                0x08000b8c                LedBlinkTask
 .text.LedBlinkExit
                0x08000bd4       0x10 led.o
                0x08000bd4                LedBlinkExit
 .text.HAL_DeInit
                0x08000be4       0x2c lib\STM32F4xx_HAL_Driver\Src\stm32f4xx_hal.o
                0x08000be4                HAL_DeInit
 .text.HAL_InitTick
                0x08000c10       0x48 lib\STM32F4xx_HAL_Driver\Src\stm32f4xx_hal.o
                0x08000c10                HAL_InitTick
 .text.HAL_Init
                0x08000c58       0x34 lib\STM32F4xx_HAL_Driver\Src\stm32f4xx_hal.o
                0x08000c58                HAL_Init
 .text.HAL_NVIC_SetPriorityGrouping
                0x08000c8c       0x24 lib\STM32F4xx_HAL_Driver\Src\stm32f4xx_hal_cortex.o
                0x08000c8c                HAL_NVIC_SetPriorityGrouping
 .text.HAL_NVIC_SetPriority
                0x08000cb0       0x68 lib\STM32F4xx_HAL_Driver\Src\stm32f4xx_hal_cortex.o
                0x08000cb0                HAL_NVIC_SetPriority
 .text.HAL_SYSTICK_Config
                0x08000d18       0x2c lib\STM32F4xx_HAL_Driver\Src\stm32f4xx_hal_cortex.o
                0x08000d18                HAL_SYSTICK_Config
 .text.FLASH_Program_DoubleWord
                0x08000d44       0x28 lib\STM32F4xx_HAL_Driver\Src\stm32f4xx_hal_flash.o
 .text.FLASH_Program_Word
                0x08000d6c       0x24 lib\STM32F4xx_HAL_Driver\Src\stm32f4xx_hal_flash.o
 .text.FLASH_Program_HalfWord
                0x08000d90       0x24 lib\STM32F4xx_HAL_Driver\Src\stm32f4xx_hal_flash.o
 .text.FLASH_SetErrorCode
                0x08000db4       0x74 lib\STM32F4xx_HAL_Driver\Src\stm32f4xx_hal_flash.o
 .text.HAL_FLASH_Unlock
                0x08000e28       0x24 lib\STM32F4xx_HAL_Driver\Src\stm32f4xx_hal_flash.o
                0x08000e28                HAL_FLASH_Unlock
 .text.HAL_FLASH_Lock
                0x08000e4c       0x14 lib\STM32F4xx_HAL_Driver\Src\stm32f4xx_hal_flash.o
                0x08000e4c                HAL_FLASH_Lock
 .text.FLASH_WaitForLastOperation
                0x08000e60       0x54 lib\STM32F4xx_HAL_Driver\Src\stm32f4xx_hal_flash.o
                0x08000e60                FLASH_WaitForLastOperation
 .text.HAL_FLASH_Program
                0x08000eb4       0x90 lib\STM32F4xx_HAL_Driver\Src\stm32f4xx_hal_flash.o
                0x08000eb4                HAL_FLASH_Program
 .text.FLASH_MassErase.isra.0
                0x08000f44       0x24 lib\STM32F4xx_HAL_Driver\Src\stm32f4xx_hal_flash_ex.o
 .text.FLASH_Erase_Sector
                0x08000f68       0x4c lib\STM32F4xx_HAL_Driver\Src\stm32f4xx_hal_flash_ex.o
                0x08000f68                FLASH_Erase_Sector
 .text.FLASH_FlushCaches
                0x08000fb4       0x58 lib\STM32F4xx_HAL_Driver\Src\stm32f4xx_hal_flash_ex.o
                0x08000fb4                FLASH_FlushCaches
 .text.HAL_FLASHEx_Erase
                0x0800100c       0x9c lib\STM32F4xx_HAL_Driver\Src\stm32f4xx_hal_flash_ex.o
                0x0800100c                HAL_FLASHEx_Erase
 .text.LL_AHB1_GRP1_ForceReset
                0x080010a8       0x10 lib\STM32F4xx_HAL_Driver\Src\stm32f4xx_ll_gpio.o
 .text.LL_AHB1_GRP1_ReleaseReset
                0x080010b8       0x10 lib\STM32F4xx_HAL_Driver\Src\stm32f4xx_ll_gpio.o
 .text.LL_GPIO_DeInit
                0x080010c8       0xc4 lib\STM32F4xx_HAL_Driver\Src\stm32f4xx_ll_gpio.o
                0x080010c8                LL_GPIO_DeInit
 .text.LL_GPIO_Init
                0x0800118c      0x144 lib\STM32F4xx_HAL_Driver\Src\stm32f4xx_ll_gpio.o
                0x0800118c                LL_GPIO_Init
 .text.RCC_GetHCLKClockFreq
                0x080012d0       0x18 lib\STM32F4xx_HAL_Driver\Src\stm32f4xx_ll_rcc.o
                0x080012d0                RCC_GetHCLKClockFreq
 .text.RCC_GetPCLK1ClockFreq
                0x080012e8       0x18 lib\STM32F4xx_HAL_Driver\Src\stm32f4xx_ll_rcc.o
                0x080012e8                RCC_GetPCLK1ClockFreq
 .text.RCC_GetPCLK2ClockFreq
                0x08001300       0x18 lib\STM32F4xx_HAL_Driver\Src\stm32f4xx_ll_rcc.o
                0x08001300                RCC_GetPCLK2ClockFreq
 .text.RCC_PLL_GetFreqDomain_SYS
                0x08001318       0x4c lib\STM32F4xx_HAL_Driver\Src\stm32f4xx_ll_rcc.o
                0x08001318                RCC_PLL_GetFreqDomain_SYS
 .text.RCC_GetSystemClockFreq
                0x08001364       0x28 lib\STM32F4xx_HAL_Driver\Src\stm32f4xx_ll_rcc.o
                0x08001364                RCC_GetSystemClockFreq
 .text.LL_RCC_GetSystemClocksFreq
                0x0800138c       0x20 lib\STM32F4xx_HAL_Driver\Src\stm32f4xx_ll_rcc.o
                0x0800138c                LL_RCC_GetSystemClocksFreq
 .text.LL_USART_Init
                0x080013ac       0xf8 lib\STM32F4xx_HAL_Driver\Src\stm32f4xx_ll_usart.o
                0x080013ac                LL_USART_Init
 .text.LL_SetSystemCoreClock
                0x080014a4        0xc lib\STM32F4xx_HAL_Driver\Src\stm32f4xx_ll_utils.o
                0x080014a4                LL_SetSystemCoreClock
 .text.SystemInit
                0x080014b0       0x4c lib\system_stm32f4xx.o
                0x080014b0                SystemInit
 .text.LL_AHB1_GRP1_EnableClock
                0x080014fc       0x1c main.o
 .text.startup.main
                0x08001518       0xcc main.o
                0x08001518                main
 .text.HAL_MspInit
                0x080015e4       0xa8 main.o
                0x080015e4                HAL_MspInit
 .text.HAL_MspDeInit
                0x0800168c       0x58 main.o
                0x0800168c                HAL_MspDeInit
 .text.Reset_Handler
                0x080016e4       0x50 startup_stm32f405xx.o
                0x080016e4                Reset_Handler
 .text.Default_Handler
                0x08001734        0x2 startup_stm32f405xx.o
                0x08001734                RTC_Alarm_IRQHandler
                0x08001734                HASH_RNG_IRQHandler
                0x08001734                EXTI2_IRQHandler
                0x08001734                TIM8_CC_IRQHandler
                0x08001734                DebugMon_Handler
                0x08001734                TIM1_CC_IRQHandler
                0x08001734                DMA2_Stream5_IRQHandler
                0x08001734                HardFault_Handler
                0x08001734                DMA1_Stream5_IRQHandler
                0x08001734                PVD_IRQHandler
                0x08001734                SDIO_IRQHandler
                0x08001734                TAMP_STAMP_IRQHandler
                0x08001734                PendSV_Handler
                0x08001734                NMI_Handler
                0x08001734                CAN2_RX1_IRQHandler
                0x08001734                EXTI3_IRQHandler
                0x08001734                TIM8_TRG_COM_TIM14_IRQHandler
                0x08001734                TIM1_UP_TIM10_IRQHandler
                0x08001734                TIM8_UP_TIM13_IRQHandler
                0x08001734                I2C3_ER_IRQHandler
                0x08001734                EXTI0_IRQHandler
                0x08001734                I2C2_EV_IRQHandler
                0x08001734                DMA1_Stream2_IRQHandler
                0x08001734                CAN1_RX0_IRQHandler
                0x08001734                FPU_IRQHandler
                0x08001734                OTG_HS_WKUP_IRQHandler
                0x08001734                UsageFault_Handler
                0x08001734                CAN2_SCE_IRQHandler
                0x08001734                DMA2_Stream2_IRQHandler
                0x08001734                SPI1_IRQHandler
                0x08001734                TIM6_DAC_IRQHandler
                0x08001734                TIM1_BRK_TIM9_IRQHandler
                0x08001734                CAN2_RX0_IRQHandler
                0x08001734                DMA2_Stream3_IRQHandler
                0x08001734                USART6_IRQHandler
                0x08001734                USART3_IRQHandler
                0x08001734                CAN1_RX1_IRQHandler
                0x08001734                UART5_IRQHandler
                0x08001734                DMA2_Stream0_IRQHandler
                0x08001734                TIM4_IRQHandler
                0x08001734                I2C1_EV_IRQHandler
                0x08001734                DMA1_Stream6_IRQHandler
                0x08001734                DMA1_Stream1_IRQHandler
                0x08001734                UART4_IRQHandler
                0x08001734                TIM3_IRQHandler
                0x08001734                RCC_IRQHandler
                0x08001734                TIM8_BRK_TIM12_IRQHandler
                0x08001734                Default_Handler
                0x08001734                EXTI15_10_IRQHandler
                0x08001734                ADC_IRQHandler
                0x08001734                DMA1_Stream7_IRQHandler
                0x08001734                TIM7_IRQHandler
                0x08001734                CAN2_TX_IRQHandler
                0x08001734                TIM5_IRQHandler
                0x08001734                DMA2_Stream7_IRQHandler
                0x08001734                I2C3_EV_IRQHandler
                0x08001734                EXTI9_5_IRQHandler
                0x08001734                RTC_WKUP_IRQHandler
                0x08001734                SPI2_IRQHandler
                0x08001734                OTG_HS_EP1_IN_IRQHandler
                0x08001734                MemManage_Handler
                0x08001734                DMA1_Stream0_IRQHandler
                0x08001734                CAN1_TX_IRQHandler
                0x08001734                SVC_Handler
                0x08001734                EXTI4_IRQHandler
                0x08001734                FSMC_IRQHandler
                0x08001734                OTG_HS_EP1_OUT_IRQHandler
                0x08001734                WWDG_IRQHandler
                0x08001734                TIM2_IRQHandler
                0x08001734                OTG_FS_WKUP_IRQHandler
                0x08001734                TIM1_TRG_COM_TIM11_IRQHandler
                0x08001734                OTG_HS_IRQHandler
                0x08001734                EXTI1_IRQHandler
                0x08001734                USART2_IRQHandler
                0x08001734                I2C2_ER_IRQHandler
                0x08001734                DMA2_Stream1_IRQHandler
                0x08001734                CAN1_SCE_IRQHandler
                0x08001734                FLASH_IRQHandler
                0x08001734                DMA2_Stream4_IRQHandler
                0x08001734                BusFault_Handler
                0x08001734                USART1_IRQHandler
                0x08001734                OTG_FS_IRQHandler
                0x08001734                SPI3_IRQHandler
                0x08001734                DMA1_Stream4_IRQHandler
                0x08001734                I2C1_ER_IRQHandler
                0x08001734                DMA2_Stream6_IRQHandler
                0x08001734                DMA1_Stream3_IRQHandler
 *fill*         0x08001736        0x2 
 .text.__libc_init_array
                0x08001738       0x48 c:/program files (x86)/atollic/truestudio for stm32 9.0.1/armtools/bin/../lib/gcc/arm-atollic-eabi/6.3.1/../../../../arm-atollic-eabi/lib/armv7e-m/fpu\libc_nano.a(lib_a-init.o)
                0x08001738                __libc_init_array
 *(.glue_7)
 .glue_7        0x08001780        0x0 linker stubs
 *(.glue_7t)
 .glue_7t       0x08001780        0x0 linker stubs
 *(.eh_frame)
 .eh_frame      0x08001780        0x0 c:/program files (x86)/atollic/truestudio for stm32 9.0.1/armtools/bin/../lib/gcc/arm-atollic-eabi/6.3.1/armv7e-m/fpu/crtbegin.o
 *(.init)
 .init          0x08001780        0x4 c:/program files (x86)/atollic/truestudio for stm32 9.0.1/armtools/bin/../lib/gcc/arm-atollic-eabi/6.3.1/armv7e-m/fpu/crti.o
                0x08001780                _init
 .init          0x08001784        0x8 c:/program files (x86)/atollic/truestudio for stm32 9.0.1/armtools/bin/../lib/gcc/arm-atollic-eabi/6.3.1/armv7e-m/fpu/crtn.o
 *(.fini)
 .fini          0x0800178c        0x4 c:/program files (x86)/atollic/truestudio for stm32 9.0.1/armtools/bin/../lib/gcc/arm-atollic-eabi/6.3.1/armv7e-m/fpu/crti.o
                0x0800178c                _fini
 .fini          0x08001790        0x8 c:/program files (x86)/atollic/truestudio for stm32 9.0.1/armtools/bin/../lib/gcc/arm-atollic-eabi/6.3.1/armv7e-m/fpu/crtn.o
                0x08001798                . = ALIGN (0x4)
                0x08001798                _etext = .

.vfp11_veneer   0x08001798        0x0
 .vfp11_veneer  0x08001798        0x0 linker stubs

.v4_bx          0x08001798        0x0
 .v4_bx         0x08001798        0x0 linker stubs

.iplt           0x08001798        0x0
 .iplt          0x08001798        0x0 c:/program files (x86)/atollic/truestudio for stm32 9.0.1/armtools/bin/../lib/gcc/arm-atollic-eabi/6.3.1/armv7e-m/fpu/crtbegin.o

.rodata         0x08001798       0xc8
                0x08001798                . = ALIGN (0x4)
 *(.rodata)
 *(.rodata*)
 .rodata.flashLayout
                0x08001798       0x78 Source\ARMCM4_STM32F4\flash.o
 .rodata.UartTransmitPacket.str1.1
                0x08001810       0x20 Source\ARMCM4_STM32F4\uart.o
 .rodata.CSWTCH.11
                0x08001830        0x3 Source\com.o
 .rodata.xcpStationId
                0x08001833        0x8 Source\xcp.o
 .rodata.AHBPrescTable
                0x0800183b       0x10 lib\system_stm32f4xx.o
                0x0800183b                AHBPrescTable
 .rodata.APBPrescTable
                0x0800184b        0x8 lib\system_stm32f4xx.o
                0x0800184b                APBPrescTable
 .rodata.main.str1.1
                0x08001853        0xa main.o
                0x08001860                . = ALIGN (0x4)
 *fill*         0x0800185d        0x3 

.rel.dyn        0x08001860        0x0
 .rel.iplt      0x08001860        0x0 c:/program files (x86)/atollic/truestudio for stm32 9.0.1/armtools/bin/../lib/gcc/arm-atollic-eabi/6.3.1/armv7e-m/fpu/crtbegin.o

.ARM.extab
 *(.ARM.extab* .gnu.linkonce.armextab.*)

.ARM            0x08001860        0x0
                0x08001860                __exidx_start = .
 *(.ARM.exidx*)
                0x08001860                __exidx_end = .

.preinit_array  0x08001860        0x0
                0x08001860                PROVIDE (__preinit_array_start, .)
 *(.preinit_array*)
                0x08001860                PROVIDE (__preinit_array_end, .)

.init_array     0x08001860        0x4
                0x08001860                PROVIDE (__init_array_start, .)
 *(SORT(.init_array.*))
 *(.init_array*)
 .init_array    0x08001860        0x4 c:/program files (x86)/atollic/truestudio for stm32 9.0.1/armtools/bin/../lib/gcc/arm-atollic-eabi/6.3.1/armv7e-m/fpu/crtbegin.o
                0x08001864                PROVIDE (__init_array_end, .)

.fini_array     0x08001864        0x4
                [!provide]                PROVIDE (__fini_array_start, .)
 *(SORT(.fini_array.*))
 *(.fini_array*)
 .fini_array    0x08001864        0x4 c:/program files (x86)/atollic/truestudio for stm32 9.0.1/armtools/bin/../lib/gcc/arm-atollic-eabi/6.3.1/armv7e-m/fpu/crtbegin.o
                [!provide]                PROVIDE (__fini_array_end, .)
                0x08001868                _sidata = LOADADDR (.data)

.data           0x20000000        0xc load address 0x08001868
                0x20000000                . = ALIGN (0x4)
                0x20000000                _sdata = .
 *(.data)
 *(.data*)
 .data.comActiveInterface
                0x20000000        0x1 Source\com.o
 .data.uwTickFreq
                0x20000001        0x1 lib\STM32F4xx_HAL_Driver\Src\stm32f4xx_hal.o
                0x20000001                uwTickFreq
 *fill*         0x20000002        0x2 
 .data.uwTickPrio
                0x20000004        0x4 lib\STM32F4xx_HAL_Driver\Src\stm32f4xx_hal.o
                0x20000004                uwTickPrio
 .data.SystemCoreClock
                0x20000008        0x4 lib\system_stm32f4xx.o
                0x20000008                SystemCoreClock
                0x2000000c                . = ALIGN (0x4)
                0x2000000c                _edata = .
                0x08001874                _siccmram = LOADADDR (.ccmram)

.igot.plt       0x2000000c        0x0 load address 0x08001874
 .igot.plt      0x2000000c        0x0 c:/program files (x86)/atollic/truestudio for stm32 9.0.1/armtools/bin/../lib/gcc/arm-atollic-eabi/6.3.1/armv7e-m/fpu/crtbegin.o

.ccmram         0x10000000        0x0 load address 0x08001874
                0x10000000                . = ALIGN (0x4)
                0x10000000                _sccmram = .
 *(.ccmram)
 *(.ccmram*)
                0x10000000                . = ALIGN (0x4)
                0x10000000                _eccmram = .
                0x10000000                . = ALIGN (0x4)

.bss            0x2000000c      0x534
                0x2000000c                _sbss = .
                0x2000000c                __bss_start__ = _sbss
 *(.bss)
 .bss           0x2000000c       0x1c c:/program files (x86)/atollic/truestudio for stm32 9.0.1/armtools/bin/../lib/gcc/arm-atollic-eabi/6.3.1/armv7e-m/fpu/crtbegin.o
 *(.bss*)
 .bss.blockInfo
                0x20000028      0x204 Source\ARMCM4_STM32F4\flash.o
 .bss.bootBlockInfo
                0x2000022c      0x204 Source\ARMCM4_STM32F4\flash.o
 .bss.millisecond_counter
                0x20000430        0x4 Source\ARMCM4_STM32F4\timer.o
 .bss.prog_max_cmd_received
                0x20000434        0x4 Source\ARMCM4_STM32F4\uart.o
                0x20000434                prog_max_cmd_received
 .bss.xcpCtoReqPacket.9174
                0x20000438       0x41 Source\ARMCM4_STM32F4\uart.o
 .bss.xcpCtoRxInProgress
                0x20000479        0x1 Source\ARMCM4_STM32F4\uart.o
 .bss.xcpCtoRxLength.9175
                0x2000047a        0x1 Source\ARMCM4_STM32F4\uart.o
 *fill*         0x2000047b        0x1 
 .bss.xcpCtoRxStartTime.9176
                0x2000047c        0x4 Source\ARMCM4_STM32F4\uart.o
 .bss.backdoorExtensionTime
                0x20000480        0x4 Source\backdoor.o
 .bss.backdoorOpen
                0x20000484        0x1 Source\backdoor.o
 *fill*         0x20000485        0x3 
 .bss.backdoorOpenTime
                0x20000488        0x4 Source\backdoor.o
 .bss.xcpCtoReqPacket.8701
                0x2000048c       0x40 Source\com.o
 .bss.xcpInfo   0x200004cc       0x4c Source\xcp.o
 .bss.ledBlinkIntervalMs
                0x20000518        0x2 led.o
 .bss.ledOn.8698
                0x2000051a        0x1 led.o
 *fill*         0x2000051b        0x1 
 .bss.nextBlinkEvent.8699
                0x2000051c        0x4 led.o
 *(COMMON)
 COMMON         0x20000520       0x20 lib\STM32F4xx_HAL_Driver\Src\stm32f4xx_hal_flash.o
                0x20000520                pFlash
                0x20000540                . = ALIGN (0x4)
                0x20000540                _ebss = .
                0x20000540                __bss_end__ = _ebss

._user_heap_stack
                0x20000540      0xa00
                0x20000540                . = ALIGN (0x4)
                [!provide]                PROVIDE (end, .)
                [!provide]                PROVIDE (_end, .)
                0x20000740                . = (. + _Min_Heap_Size)
 *fill*         0x20000540      0x200 
                0x20000f40                . = (. + _Min_Stack_Size)
 *fill*         0x20000740      0x800 
                0x20000f40                . = ALIGN (0x4)

/DISCARD/
 libc.a(*)
 libm.a(*)
 libgcc.a(*)

.ARM.attributes
                0x00000000       0x30
 *(.ARM.attributes)
 .ARM.attributes
                0x00000000       0x22 c:/program files (x86)/atollic/truestudio for stm32 9.0.1/armtools/bin/../lib/gcc/arm-atollic-eabi/6.3.1/armv7e-m/fpu/crti.o
 .ARM.attributes
                0x00000022       0x34 c:/program files (x86)/atollic/truestudio for stm32 9.0.1/armtools/bin/../lib/gcc/arm-atollic-eabi/6.3.1/armv7e-m/fpu/crtbegin.o
 .ARM.attributes
                0x00000056       0x39 Source\ARMCM4_STM32F4\GCC\cpu_comp.o
 .ARM.attributes
                0x0000008f       0x39 Source\ARMCM4_STM32F4\cpu.o
 .ARM.attributes
                0x000000c8       0x39 Source\ARMCM4_STM32F4\flash.o
 .ARM.attributes
                0x00000101       0x39 Source\ARMCM4_STM32F4\nvm.o
 .ARM.attributes
                0x0000013a       0x39 Source\ARMCM4_STM32F4\timer.o
 .ARM.attributes
                0x00000173       0x39 Source\ARMCM4_STM32F4\uart.o
 .ARM.attributes
                0x000001ac       0x39 Source\assert.o
 .ARM.attributes
                0x000001e5       0x39 Source\backdoor.o
 .ARM.attributes
                0x0000021e       0x39 Source\boot.o
 .ARM.attributes
                0x00000257       0x39 Source\com.o
 .ARM.attributes
                0x00000290       0x39 Source\cop.o
 .ARM.attributes
                0x000002c9       0x39 Source\xcp.o
 .ARM.attributes
                0x00000302       0x39 hooks.o
 .ARM.attributes
                0x0000033b       0x39 led.o
 .ARM.attributes
                0x00000374       0x39 lib\STM32F4xx_HAL_Driver\Src\stm32f4xx_hal.o
 .ARM.attributes
                0x000003ad       0x39 lib\STM32F4xx_HAL_Driver\Src\stm32f4xx_hal_cortex.o
 .ARM.attributes
                0x000003e6       0x39 lib\STM32F4xx_HAL_Driver\Src\stm32f4xx_hal_flash.o
 .ARM.attributes
                0x0000041f       0x39 lib\STM32F4xx_HAL_Driver\Src\stm32f4xx_hal_flash_ex.o
 .ARM.attributes
                0x00000458       0x39 lib\STM32F4xx_HAL_Driver\Src\stm32f4xx_ll_gpio.o
 .ARM.attributes
                0x00000491       0x39 lib\STM32F4xx_HAL_Driver\Src\stm32f4xx_ll_rcc.o
 .ARM.attributes
                0x000004ca       0x39 lib\STM32F4xx_HAL_Driver\Src\stm32f4xx_ll_usart.o
 .ARM.attributes
                0x00000503       0x39 lib\STM32F4xx_HAL_Driver\Src\stm32f4xx_ll_utils.o
 .ARM.attributes
                0x0000053c       0x39 lib\system_stm32f4xx.o
 .ARM.attributes
                0x00000575       0x39 main.o
 .ARM.attributes
                0x000005ae       0x21 startup_stm32f405xx.o
 .ARM.attributes
                0x000005cf       0x34 c:/program files (x86)/atollic/truestudio for stm32 9.0.1/armtools/bin/../lib/gcc/arm-atollic-eabi/6.3.1/../../../../arm-atollic-eabi/lib/armv7e-m/fpu\libc_nano.a(lib_a-init.o)
 .ARM.attributes
                0x00000603       0x22 c:/program files (x86)/atollic/truestudio for stm32 9.0.1/armtools/bin/../lib/gcc/arm-atollic-eabi/6.3.1/armv7e-m/fpu/crtn.o
OUTPUT(openblt_olimex_stm32p405.elf elf32-littlearm)

.debug_info     0x00000000    0x11b5d
 .debug_info    0x00000000       0x80 Source\ARMCM4_STM32F4\GCC\cpu_comp.o
 .debug_info    0x00000080      0xcbc Source\ARMCM4_STM32F4\cpu.o
 .debug_info    0x00000d3c     0x10e6 Source\ARMCM4_STM32F4\flash.o
 .debug_info    0x00001e22      0x2f8 Source\ARMCM4_STM32F4\nvm.o
 .debug_info    0x0000211a      0xa5b Source\ARMCM4_STM32F4\timer.o
 .debug_info    0x00002b75      0xf60 Source\ARMCM4_STM32F4\uart.o
 .debug_info    0x00003ad5       0xc2 Source\assert.o
 .debug_info    0x00003b97      0x184 Source\backdoor.o
 .debug_info    0x00003d1b      0x152 Source\boot.o
 .debug_info    0x00003e6d      0xb6c Source\com.o
 .debug_info    0x000049d9       0xb2 Source\cop.o
 .debug_info    0x00004a8b      0x7ed Source\xcp.o
 .debug_info    0x00005278      0xb91 hooks.o
 .debug_info    0x00005e09      0xb51 led.o
 .debug_info    0x0000695a     0x11da lib\STM32F4xx_HAL_Driver\Src\stm32f4xx_hal.o
 .debug_info    0x00007b34     0x1732 lib\STM32F4xx_HAL_Driver\Src\stm32f4xx_hal_cortex.o
 .debug_info    0x00009266      0xf5b lib\STM32F4xx_HAL_Driver\Src\stm32f4xx_hal_flash.o
 .debug_info    0x0000a1c1     0x10a1 lib\STM32F4xx_HAL_Driver\Src\stm32f4xx_hal_flash_ex.o
 .debug_info    0x0000b262     0x1229 lib\STM32F4xx_HAL_Driver\Src\stm32f4xx_ll_gpio.o
 .debug_info    0x0000c48b     0x1107 lib\STM32F4xx_HAL_Driver\Src\stm32f4xx_ll_rcc.o
 .debug_info    0x0000d592     0x113c lib\STM32F4xx_HAL_Driver\Src\stm32f4xx_ll_usart.o
 .debug_info    0x0000e6ce     0x13cc lib\STM32F4xx_HAL_Driver\Src\stm32f4xx_ll_utils.o
 .debug_info    0x0000fa9a      0xd1c lib\system_stm32f4xx.o
 .debug_info    0x000107b6     0x130b main.o
 .debug_info    0x00011ac1       0x9c startup_stm32f405xx.o

.debug_abbrev   0x00000000     0x367e
 .debug_abbrev  0x00000000       0x42 Source\ARMCM4_STM32F4\GCC\cpu_comp.o
 .debug_abbrev  0x00000042      0x204 Source\ARMCM4_STM32F4\cpu.o
 .debug_abbrev  0x00000246      0x37c Source\ARMCM4_STM32F4\flash.o
 .debug_abbrev  0x000005c2       0xf4 Source\ARMCM4_STM32F4\nvm.o
 .debug_abbrev  0x000006b6      0x237 Source\ARMCM4_STM32F4\timer.o
 .debug_abbrev  0x000008ed      0x2f5 Source\ARMCM4_STM32F4\uart.o
 .debug_abbrev  0x00000be2       0x85 Source\assert.o
 .debug_abbrev  0x00000c67       0xd6 Source\backdoor.o
 .debug_abbrev  0x00000d3d       0x6e Source\boot.o
 .debug_abbrev  0x00000dab      0x28c Source\com.o
 .debug_abbrev  0x00001037       0x63 Source\cop.o
 .debug_abbrev  0x0000109a      0x263 Source\xcp.o
 .debug_abbrev  0x000012fd      0x298 hooks.o
 .debug_abbrev  0x00001595      0x22b led.o
 .debug_abbrev  0x000017c0      0x308 lib\STM32F4xx_HAL_Driver\Src\stm32f4xx_hal.o
 .debug_abbrev  0x00001ac8      0x399 lib\STM32F4xx_HAL_Driver\Src\stm32f4xx_hal_cortex.o
 .debug_abbrev  0x00001e61      0x372 lib\STM32F4xx_HAL_Driver\Src\stm32f4xx_hal_flash.o
 .debug_abbrev  0x000021d3      0x365 lib\STM32F4xx_HAL_Driver\Src\stm32f4xx_hal_flash_ex.o
 .debug_abbrev  0x00002538      0x303 lib\STM32F4xx_HAL_Driver\Src\stm32f4xx_ll_gpio.o
 .debug_abbrev  0x0000283b      0x33c lib\STM32F4xx_HAL_Driver\Src\stm32f4xx_ll_rcc.o
 .debug_abbrev  0x00002b77      0x2f5 lib\STM32F4xx_HAL_Driver\Src\stm32f4xx_ll_usart.o
 .debug_abbrev  0x00002e6c      0x33f lib\STM32F4xx_HAL_Driver\Src\stm32f4xx_ll_utils.o
 .debug_abbrev  0x000031ab      0x1ca lib\system_stm32f4xx.o
 .debug_abbrev  0x00003375      0x2f7 main.o
 .debug_abbrev  0x0000366c       0x12 startup_stm32f405xx.o

.debug_aranges  0x00000000      0x790
 .debug_aranges
                0x00000000       0x28 Source\ARMCM4_STM32F4\GCC\cpu_comp.o
 .debug_aranges
                0x00000028       0x38 Source\ARMCM4_STM32F4\cpu.o
 .debug_aranges
                0x00000060       0x70 Source\ARMCM4_STM32F4\flash.o
 .debug_aranges
                0x000000d0       0x50 Source\ARMCM4_STM32F4\nvm.o
 .debug_aranges
                0x00000120       0x48 Source\ARMCM4_STM32F4\timer.o
 .debug_aranges
                0x00000168       0x38 Source\ARMCM4_STM32F4\uart.o
 .debug_aranges
                0x000001a0       0x20 Source\assert.o
 .debug_aranges
                0x000001c0       0x40 Source\backdoor.o
 .debug_aranges
                0x00000200       0x28 Source\boot.o
 .debug_aranges
                0x00000228       0x48 Source\com.o
 .debug_aranges
                0x00000270       0x28 Source\cop.o
 .debug_aranges
                0x00000298       0x40 Source\xcp.o
 .debug_aranges
                0x000002d8       0x50 hooks.o
 .debug_aranges
                0x00000328       0x30 led.o
 .debug_aranges
                0x00000358       0xd8 lib\STM32F4xx_HAL_Driver\Src\stm32f4xx_hal.o
 .debug_aranges
                0x00000430       0xa8 lib\STM32F4xx_HAL_Driver\Src\stm32f4xx_hal_cortex.o
 .debug_aranges
                0x000004d8       0x90 lib\STM32F4xx_HAL_Driver\Src\stm32f4xx_hal_flash.o
 .debug_aranges
                0x00000568       0x50 lib\STM32F4xx_HAL_Driver\Src\stm32f4xx_hal_flash_ex.o
 .debug_aranges
                0x000005b8       0x40 lib\STM32F4xx_HAL_Driver\Src\stm32f4xx_ll_gpio.o
 .debug_aranges
                0x000005f8       0x78 lib\STM32F4xx_HAL_Driver\Src\stm32f4xx_ll_rcc.o
 .debug_aranges
                0x00000670       0x40 lib\STM32F4xx_HAL_Driver\Src\stm32f4xx_ll_usart.o
 .debug_aranges
                0x000006b0       0x58 lib\STM32F4xx_HAL_Driver\Src\stm32f4xx_ll_utils.o
 .debug_aranges
                0x00000708       0x28 lib\system_stm32f4xx.o
 .debug_aranges
                0x00000730       0x38 main.o
 .debug_aranges
                0x00000768       0x28 startup_stm32f405xx.o

.debug_ranges   0x00000000      0xbc8
 .debug_ranges  0x00000000       0x18 Source\ARMCM4_STM32F4\GCC\cpu_comp.o
 .debug_ranges  0x00000018       0x28 Source\ARMCM4_STM32F4\cpu.o
 .debug_ranges  0x00000040       0x60 Source\ARMCM4_STM32F4\flash.o
 .debug_ranges  0x000000a0       0x40 Source\ARMCM4_STM32F4\nvm.o
 .debug_ranges  0x000000e0       0x50 Source\ARMCM4_STM32F4\timer.o
 .debug_ranges  0x00000130       0xb0 Source\ARMCM4_STM32F4\uart.o
 .debug_ranges  0x000001e0       0x10 Source\assert.o
 .debug_ranges  0x000001f0       0x30 Source\backdoor.o
 .debug_ranges  0x00000220       0x18 Source\boot.o
 .debug_ranges  0x00000238       0x38 Source\com.o
 .debug_ranges  0x00000270       0x18 Source\cop.o
 .debug_ranges  0x00000288      0x138 Source\xcp.o
 .debug_ranges  0x000003c0       0x40 hooks.o
 .debug_ranges  0x00000400       0x38 led.o
 .debug_ranges  0x00000438       0xc8 lib\STM32F4xx_HAL_Driver\Src\stm32f4xx_hal.o
 .debug_ranges  0x00000500      0x138 lib\STM32F4xx_HAL_Driver\Src\stm32f4xx_hal_cortex.o
 .debug_ranges  0x00000638       0xb0 lib\STM32F4xx_HAL_Driver\Src\stm32f4xx_hal_flash.o
 .debug_ranges  0x000006e8       0xd8 lib\STM32F4xx_HAL_Driver\Src\stm32f4xx_hal_flash_ex.o
 .debug_ranges  0x000007c0       0x78 lib\STM32F4xx_HAL_Driver\Src\stm32f4xx_ll_gpio.o
 .debug_ranges  0x00000838      0x1a0 lib\STM32F4xx_HAL_Driver\Src\stm32f4xx_ll_rcc.o
 .debug_ranges  0x000009d8       0x78 lib\STM32F4xx_HAL_Driver\Src\stm32f4xx_ll_usart.o
 .debug_ranges  0x00000a50       0x90 lib\STM32F4xx_HAL_Driver\Src\stm32f4xx_ll_utils.o
 .debug_ranges  0x00000ae0       0x18 lib\system_stm32f4xx.o
 .debug_ranges  0x00000af8       0xb0 main.o
 .debug_ranges  0x00000ba8       0x20 startup_stm32f405xx.o

.debug_line     0x00000000     0x4763
 .debug_line    0x00000000       0x68 Source\ARMCM4_STM32F4\GCC\cpu_comp.o
 .debug_line    0x00000068      0x2f4 Source\ARMCM4_STM32F4\cpu.o
 .debug_line    0x0000035c      0x465 Source\ARMCM4_STM32F4\flash.o
 .debug_line    0x000007c1       0xeb Source\ARMCM4_STM32F4\nvm.o
 .debug_line    0x000008ac      0x2a4 Source\ARMCM4_STM32F4\timer.o
 .debug_line    0x00000b50      0x3df Source\ARMCM4_STM32F4\uart.o
 .debug_line    0x00000f2f       0x74 Source\assert.o
 .debug_line    0x00000fa3       0xda Source\backdoor.o
 .debug_line    0x0000107d       0x99 Source\boot.o
 .debug_line    0x00001116      0x2ce Source\com.o
 .debug_line    0x000013e4       0x50 Source\cop.o
 .debug_line    0x00001434      0x1c2 Source\xcp.o
 .debug_line    0x000015f6      0x30a hooks.o
 .debug_line    0x00001900      0x2d6 led.o
 .debug_line    0x00001bd6      0x482 lib\STM32F4xx_HAL_Driver\Src\stm32f4xx_hal.o
 .debug_line    0x00002058      0x4cc lib\STM32F4xx_HAL_Driver\Src\stm32f4xx_hal_cortex.o
 .debug_line    0x00002524      0x4d0 lib\STM32F4xx_HAL_Driver\Src\stm32f4xx_hal_flash.o
 .debug_line    0x000029f4      0x486 lib\STM32F4xx_HAL_Driver\Src\stm32f4xx_hal_flash_ex.o
 .debug_line    0x00002e7a      0x41b lib\STM32F4xx_HAL_Driver\Src\stm32f4xx_ll_gpio.o
 .debug_line    0x00003295      0x505 lib\STM32F4xx_HAL_Driver\Src\stm32f4xx_ll_rcc.o
 .debug_line    0x0000379a      0x3ee lib\STM32F4xx_HAL_Driver\Src\stm32f4xx_ll_usart.o
 .debug_line    0x00003b88      0x4cc lib\STM32F4xx_HAL_Driver\Src\stm32f4xx_ll_utils.o
 .debug_line    0x00004054      0x26d lib\system_stm32f4xx.o
 .debug_line    0x000042c1      0x42b main.o
 .debug_line    0x000046ec       0x77 startup_stm32f405xx.o

.debug_str      0x00000000     0x2f21
 .debug_str     0x00000000      0x194 Source\ARMCM4_STM32F4\GCC\cpu_comp.o
                                0x1c4 (size before relaxing)
 .debug_str     0x00000194      0x5ba Source\ARMCM4_STM32F4\cpu.o
                                0x7d2 (size before relaxing)
 .debug_str     0x0000074e      0x2a5 Source\ARMCM4_STM32F4\flash.o
                                0x94c (size before relaxing)
 .debug_str     0x000009f3       0x8b Source\ARMCM4_STM32F4\nvm.o
                                0x2e9 (size before relaxing)
 .debug_str     0x00000a7e       0x8d Source\ARMCM4_STM32F4\timer.o
                                0x6f4 (size before relaxing)
 .debug_str     0x00000b0b      0x24c Source\ARMCM4_STM32F4\uart.o
                                0x8f9 (size before relaxing)
 .debug_str     0x00000d57       0x21 Source\assert.o
                                0x1cb (size before relaxing)
 .debug_str     0x00000d78       0xbf Source\backdoor.o
                                0x271 (size before relaxing)
 .debug_str     0x00000e37       0x3b Source\boot.o
                                0x208 (size before relaxing)
 .debug_str     0x00000e72      0x106 Source\com.o
                                0x7e6 (size before relaxing)
 .debug_str     0x00000f78       0x2b Source\cop.o
                                0x1bf (size before relaxing)
 .debug_str     0x00000fa3      0x1d2 Source\xcp.o
                                0x47c (size before relaxing)
 .debug_str     0x00001175       0x48 hooks.o
                                0x77d (size before relaxing)
 .debug_str     0x000011bd       0x54 led.o
                                0x749 (size before relaxing)
 .debug_str     0x00001211      0x8f0 lib\STM32F4xx_HAL_Driver\Src\stm32f4xx_hal.o
                                0xfc1 (size before relaxing)
 .debug_str     0x00001b01      0x387 lib\STM32F4xx_HAL_Driver\Src\stm32f4xx_hal_cortex.o
                               0x1098 (size before relaxing)
 .debug_str     0x00001e88      0x2b8 lib\STM32F4xx_HAL_Driver\Src\stm32f4xx_hal_flash.o
                                0x9f3 (size before relaxing)
 .debug_str     0x00002140      0x1d2 lib\STM32F4xx_HAL_Driver\Src\stm32f4xx_hal_flash_ex.o
                                0xa49 (size before relaxing)
 .debug_str     0x00002312      0x176 lib\STM32F4xx_HAL_Driver\Src\stm32f4xx_ll_gpio.o
                                0x938 (size before relaxing)
 .debug_str     0x00002488      0x431 lib\STM32F4xx_HAL_Driver\Src\stm32f4xx_ll_rcc.o
                                0xba8 (size before relaxing)
 .debug_str     0x000028b9      0x1e4 lib\STM32F4xx_HAL_Driver\Src\stm32f4xx_ll_usart.o
                                0xa82 (size before relaxing)
 .debug_str     0x00002a9d      0x337 lib\STM32F4xx_HAL_Driver\Src\stm32f4xx_ll_utils.o
                                0xb8e (size before relaxing)
 .debug_str     0x00002dd4       0x4c lib\system_stm32f4xx.o
                                0x7f7 (size before relaxing)
 .debug_str     0x00002e20      0x101 main.o
                                0xa96 (size before relaxing)

.comment        0x00000000       0x7c
 .comment       0x00000000       0x7c Source\ARMCM4_STM32F4\GCC\cpu_comp.o
                                 0x7d (size before relaxing)
 .comment       0x0000007c       0x7d Source\ARMCM4_STM32F4\cpu.o
 .comment       0x0000007c       0x7d Source\ARMCM4_STM32F4\flash.o
 .comment       0x0000007c       0x7d Source\ARMCM4_STM32F4\nvm.o
 .comment       0x0000007c       0x7d Source\ARMCM4_STM32F4\timer.o
 .comment       0x0000007c       0x7d Source\ARMCM4_STM32F4\uart.o
 .comment       0x0000007c       0x7d Source\assert.o
 .comment       0x0000007c       0x7d Source\backdoor.o
 .comment       0x0000007c       0x7d Source\boot.o
 .comment       0x0000007c       0x7d Source\com.o
 .comment       0x0000007c       0x7d Source\cop.o
 .comment       0x0000007c       0x7d Source\xcp.o
 .comment       0x0000007c       0x7d hooks.o
 .comment       0x0000007c       0x7d led.o
 .comment       0x0000007c       0x7d lib\STM32F4xx_HAL_Driver\Src\stm32f4xx_hal.o
 .comment       0x0000007c       0x7d lib\STM32F4xx_HAL_Driver\Src\stm32f4xx_hal_cortex.o
 .comment       0x0000007c       0x7d lib\STM32F4xx_HAL_Driver\Src\stm32f4xx_hal_flash.o
 .comment       0x0000007c       0x7d lib\STM32F4xx_HAL_Driver\Src\stm32f4xx_hal_flash_ex.o
 .comment       0x0000007c       0x7d lib\STM32F4xx_HAL_Driver\Src\stm32f4xx_ll_gpio.o
 .comment       0x0000007c       0x7d lib\STM32F4xx_HAL_Driver\Src\stm32f4xx_ll_rcc.o
 .comment       0x0000007c       0x7d lib\STM32F4xx_HAL_Driver\Src\stm32f4xx_ll_usart.o
 .comment       0x0000007c       0x7d lib\STM32F4xx_HAL_Driver\Src\stm32f4xx_ll_utils.o
 .comment       0x0000007c       0x7d lib\system_stm32f4xx.o
 .comment       0x0000007c       0x7d main.o

.debug_frame    0x00000000      0xfcc
 .debug_frame   0x00000000       0x30 Source\ARMCM4_STM32F4\GCC\cpu_comp.o
 .debug_frame   0x00000030       0x78 Source\ARMCM4_STM32F4\cpu.o
 .debug_frame   0x000000a8      0x154 Source\ARMCM4_STM32F4\flash.o
 .debug_frame   0x000001fc       0xd8 Source\ARMCM4_STM32F4\nvm.o
 .debug_frame   0x000002d4       0x80 Source\ARMCM4_STM32F4\timer.o
 .debug_frame   0x00000354       0x88 Source\ARMCM4_STM32F4\uart.o
 .debug_frame   0x000003dc       0x28 Source\assert.o
 .debug_frame   0x00000404       0x84 Source\backdoor.o
 .debug_frame   0x00000488       0x48 Source\boot.o
 .debug_frame   0x000004d0       0xa4 Source\com.o
 .debug_frame   0x00000574       0x30 Source\cop.o
 .debug_frame   0x000005a4       0x7c Source\xcp.o
 .debug_frame   0x00000620       0x98 hooks.o
 .debug_frame   0x000006b8       0x48 led.o
 .debug_frame   0x00000700      0x1d0 lib\STM32F4xx_HAL_Driver\Src\stm32f4xx_hal.o
 .debug_frame   0x000008d0      0x158 lib\STM32F4xx_HAL_Driver\Src\stm32f4xx_hal_cortex.o
 .debug_frame   0x00000a28      0x154 lib\STM32F4xx_HAL_Driver\Src\stm32f4xx_hal_flash.o
 .debug_frame   0x00000b7c       0xa8 lib\STM32F4xx_HAL_Driver\Src\stm32f4xx_hal_flash_ex.o
 .debug_frame   0x00000c24       0x7c lib\STM32F4xx_HAL_Driver\Src\stm32f4xx_ll_gpio.o
 .debug_frame   0x00000ca0       0xf0 lib\STM32F4xx_HAL_Driver\Src\stm32f4xx_ll_rcc.o
 .debug_frame   0x00000d90       0x7c lib\STM32F4xx_HAL_Driver\Src\stm32f4xx_ll_usart.o
 .debug_frame   0x00000e0c       0xe0 lib\STM32F4xx_HAL_Driver\Src\stm32f4xx_ll_utils.o
 .debug_frame   0x00000eec       0x38 lib\system_stm32f4xx.o
 .debug_frame   0x00000f24       0x7c main.o
 .debug_frame   0x00000fa0       0x2c c:/program files (x86)/atollic/truestudio for stm32 9.0.1/armtools/bin/../lib/gcc/arm-atollic-eabi/6.3.1/../../../../arm-atollic-eabi/lib/armv7e-m/fpu\libc_nano.a(lib_a-init.o)

.debug_loc      0x00000000     0x3496
 .debug_loc     0x00000000      0x14e Source\ARMCM4_STM32F4\cpu.o
 .debug_loc     0x0000014e      0x622 Source\ARMCM4_STM32F4\flash.o
 .debug_loc     0x00000770      0x19e Source\ARMCM4_STM32F4\nvm.o
 .debug_loc     0x0000090e      0x2d8 Source\ARMCM4_STM32F4\uart.o
 .debug_loc     0x00000be6       0x42 Source\assert.o
 .debug_loc     0x00000c28       0x67 Source\com.o
 .debug_loc     0x00000c8f      0x546 Source\xcp.o
 .debug_loc     0x000011d5       0x6e hooks.o
 .debug_loc     0x00001243       0x5a led.o
 .debug_loc     0x0000129d      0x11b lib\STM32F4xx_HAL_Driver\Src\stm32f4xx_hal.o
 .debug_loc     0x000013b8      0x4fb lib\STM32F4xx_HAL_Driver\Src\stm32f4xx_hal_cortex.o
 .debug_loc     0x000018b3      0x2d9 lib\STM32F4xx_HAL_Driver\Src\stm32f4xx_hal_flash.o
 .debug_loc     0x00001b8c      0x3e5 lib\STM32F4xx_HAL_Driver\Src\stm32f4xx_hal_flash_ex.o
 .debug_loc     0x00001f71      0x48f lib\STM32F4xx_HAL_Driver\Src\stm32f4xx_ll_gpio.o
 .debug_loc     0x00002400      0x2f9 lib\STM32F4xx_HAL_Driver\Src\stm32f4xx_ll_rcc.o
 .debug_loc     0x000026f9      0x422 lib\STM32F4xx_HAL_Driver\Src\stm32f4xx_ll_usart.o
 .debug_loc     0x00002b1b      0x682 lib\STM32F4xx_HAL_Driver\Src\stm32f4xx_ll_utils.o
 .debug_loc     0x0000319d      0x11c lib\system_stm32f4xx.o
 .debug_loc     0x000032b9      0x1dd main.o

Cross Reference Table

Symbol                                            File
ADC_IRQHandler                                    startup_stm32f405xx.o
AHBPrescTable                                     lib\system_stm32f4xx.o
                                                  lib\STM32F4xx_HAL_Driver\Src\stm32f4xx_ll_utils.o
                                                  lib\STM32F4xx_HAL_Driver\Src\stm32f4xx_ll_rcc.o
                                                  lib\STM32F4xx_HAL_Driver\Src\stm32f4xx_hal_rcc.o
APBPrescTable                                     lib\system_stm32f4xx.o
                                                  lib\STM32F4xx_HAL_Driver\Src\stm32f4xx_ll_rcc.o
                                                  lib\STM32F4xx_HAL_Driver\Src\stm32f4xx_hal_rcc.o
AssertFailure                                     Source\assert.o
                                                  usbd_conf.o
                                                  main.o
                                                  Source\ARMCM4_STM32F4\uart.o
BackDoorCheck                                     Source\backdoor.o
                                                  Source\boot.o
BackDoorGetExtension                              Source\backdoor.o
BackDoorInit                                      Source\backdoor.o
                                                  Source\boot.o
BackDoorRestartTimer                              Source\backdoor.o
BackDoorSetExtension                              Source\backdoor.o
BootInit                                          Source\boot.o
                                                  main.o
BootTask                                          Source\boot.o
                                                  main.o
BusFault_Handler                                  startup_stm32f405xx.o
CAN1_RX0_IRQHandler                               startup_stm32f405xx.o
CAN1_RX1_IRQHandler                               startup_stm32f405xx.o
CAN1_SCE_IRQHandler                               startup_stm32f405xx.o
CAN1_TX_IRQHandler                                startup_stm32f405xx.o
CAN2_RX0_IRQHandler                               startup_stm32f405xx.o
CAN2_RX1_IRQHandler                               startup_stm32f405xx.o
CAN2_SCE_IRQHandler                               startup_stm32f405xx.o
CAN2_TX_IRQHandler                                startup_stm32f405xx.o
ComFree                                           Source\com.o
                                                  Source\ARMCM4_STM32F4\cpu.o
ComGetActiveInterfaceMaxRxLen                     Source\com.o
                                                  Source\xcp.o
ComGetActiveInterfaceMaxTxLen                     Source\com.o
                                                  Source\xcp.o
ComInit                                           Source\com.o
                                                  Source\boot.o
ComIsConnected                                    Source\com.o
                                                  Source\backdoor.o
ComTask                                           Source\com.o
                                                  Source\boot.o
ComTransmitPacket                                 Source\com.o
                                                  Source\xcp.o
CopInit                                           Source\cop.o
                                                  Source\boot.o
CopInitHook                                       hooks.o
                                                  Source\cop.o
CopService                                        Source\cop.o
                                                  lib\fatfs\mmc.o
                                                  Source\xcp.o
                                                  Source\boot.o
                                                  Source\assert.o
                                                  Source\ARMCM4_STM32F4\uart.o
                                                  Source\ARMCM4_STM32F4\flash.o
                                                  Source\ARMCM4_STM32F4\cpu.o
CopServiceHook                                    hooks.o
                                                  Source\cop.o
CpuInit                                           Source\ARMCM4_STM32F4\cpu.o
                                                  Source\boot.o
CpuIrqDisable                                     Source\ARMCM4_STM32F4\GCC\cpu_comp.o
                                                  Source\ARMCM4_STM32F4\cpu.o
CpuIrqEnable                                      Source\ARMCM4_STM32F4\GCC\cpu_comp.o
                                                  Source\ARMCM4_STM32F4\cpu.o
CpuMemCopy                                        Source\ARMCM4_STM32F4\cpu.o
                                                  Source\xcp.o
                                                  Source\ARMCM4_STM32F4\uart.o
                                                  Source\ARMCM4_STM32F4\flash.o
CpuMemSet                                         Source\ARMCM4_STM32F4\cpu.o
CpuStartUserProgram                               Source\ARMCM4_STM32F4\cpu.o
                                                  Source\xcp.o
                                                  Source\backdoor.o
CpuUserProgramStartHook                           hooks.o
                                                  Source\ARMCM4_STM32F4\cpu.o
DMA1_Stream0_IRQHandler                           startup_stm32f405xx.o
DMA1_Stream1_IRQHandler                           startup_stm32f405xx.o
DMA1_Stream2_IRQHandler                           startup_stm32f405xx.o
DMA1_Stream3_IRQHandler                           startup_stm32f405xx.o
DMA1_Stream4_IRQHandler                           startup_stm32f405xx.o
DMA1_Stream5_IRQHandler                           startup_stm32f405xx.o
DMA1_Stream6_IRQHandler                           startup_stm32f405xx.o
DMA1_Stream7_IRQHandler                           startup_stm32f405xx.o
DMA2_Stream0_IRQHandler                           startup_stm32f405xx.o
DMA2_Stream1_IRQHandler                           startup_stm32f405xx.o
DMA2_Stream2_IRQHandler                           startup_stm32f405xx.o
DMA2_Stream3_IRQHandler                           startup_stm32f405xx.o
DMA2_Stream4_IRQHandler                           startup_stm32f405xx.o
DMA2_Stream5_IRQHandler                           startup_stm32f405xx.o
DMA2_Stream6_IRQHandler                           startup_stm32f405xx.o
DMA2_Stream7_IRQHandler                           startup_stm32f405xx.o
DebugMon_Handler                                  startup_stm32f405xx.o
Default_Handler                                   startup_stm32f405xx.o
EXTI0_IRQHandler                                  startup_stm32f405xx.o
EXTI15_10_IRQHandler                              startup_stm32f405xx.o
EXTI1_IRQHandler                                  startup_stm32f405xx.o
EXTI2_IRQHandler                                  startup_stm32f405xx.o
EXTI3_IRQHandler                                  startup_stm32f405xx.o
EXTI4_IRQHandler                                  startup_stm32f405xx.o
EXTI9_5_IRQHandler                                startup_stm32f405xx.o
FLASH_Erase_Sector                                lib\STM32F4xx_HAL_Driver\Src\stm32f4xx_hal_flash_ex.o
                                                  lib\STM32F4xx_HAL_Driver\Src\stm32f4xx_hal_flash.o
FLASH_FlushCaches                                 lib\STM32F4xx_HAL_Driver\Src\stm32f4xx_hal_flash_ex.o
                                                  lib\STM32F4xx_HAL_Driver\Src\stm32f4xx_hal_flash.o
FLASH_IRQHandler                                  startup_stm32f405xx.o
FLASH_WaitForLastOperation                        lib\STM32F4xx_HAL_Driver\Src\stm32f4xx_hal_flash.o
                                                  lib\STM32F4xx_HAL_Driver\Src\stm32f4xx_hal_flash_ex.o
FPU_IRQHandler                                    startup_stm32f405xx.o
FSMC_IRQHandler                                   startup_stm32f405xx.o
FS_Desc                                           usbd_desc.o
FlashDone                                         Source\ARMCM4_STM32F4\flash.o
                                                  Source\ARMCM4_STM32F4\nvm.o
FlashErase                                        Source\ARMCM4_STM32F4\flash.o
                                                  Source\ARMCM4_STM32F4\nvm.o
FlashGetUserProgBaseAddress                       Source\ARMCM4_STM32F4\flash.o
                                                  Source\ARMCM4_STM32F4\nvm.o
FlashInit                                         Source\ARMCM4_STM32F4\flash.o
                                                  Source\ARMCM4_STM32F4\nvm.o
FlashReinit                                       Source\ARMCM4_STM32F4\flash.o
                                                  Source\ARMCM4_STM32F4\nvm.o
FlashVerifyChecksum                               Source\ARMCM4_STM32F4\flash.o
                                                  Source\ARMCM4_STM32F4\nvm.o
FlashWrite                                        Source\ARMCM4_STM32F4\flash.o
                                                  Source\ARMCM4_STM32F4\nvm.o
FlashWriteChecksum                                Source\ARMCM4_STM32F4\flash.o
                                                  Source\ARMCM4_STM32F4\nvm.o
HAL_CAN_AbortTxRequest                            lib\STM32F4xx_HAL_Driver\Src\stm32f4xx_hal_can.o
HAL_CAN_ActivateNotification                      lib\STM32F4xx_HAL_Driver\Src\stm32f4xx_hal_can.o
HAL_CAN_AddTxMessage                              lib\STM32F4xx_HAL_Driver\Src\stm32f4xx_hal_can.o
HAL_CAN_ConfigFilter                              lib\STM32F4xx_HAL_Driver\Src\stm32f4xx_hal_can.o
HAL_CAN_DeInit                                    lib\STM32F4xx_HAL_Driver\Src\stm32f4xx_hal_can.o
HAL_CAN_DeactivateNotification                    lib\STM32F4xx_HAL_Driver\Src\stm32f4xx_hal_can.o
HAL_CAN_ErrorCallback                             lib\STM32F4xx_HAL_Driver\Src\stm32f4xx_hal_can.o
HAL_CAN_GetError                                  lib\STM32F4xx_HAL_Driver\Src\stm32f4xx_hal_can.o
HAL_CAN_GetRxFifoFillLevel                        lib\STM32F4xx_HAL_Driver\Src\stm32f4xx_hal_can.o
HAL_CAN_GetRxMessage                              lib\STM32F4xx_HAL_Driver\Src\stm32f4xx_hal_can.o
HAL_CAN_GetState                                  lib\STM32F4xx_HAL_Driver\Src\stm32f4xx_hal_can.o
HAL_CAN_GetTxMailboxesFreeLevel                   lib\STM32F4xx_HAL_Driver\Src\stm32f4xx_hal_can.o
HAL_CAN_GetTxTimestamp                            lib\STM32F4xx_HAL_Driver\Src\stm32f4xx_hal_can.o
HAL_CAN_IRQHandler                                lib\STM32F4xx_HAL_Driver\Src\stm32f4xx_hal_can.o
HAL_CAN_Init                                      lib\STM32F4xx_HAL_Driver\Src\stm32f4xx_hal_can.o
HAL_CAN_IsSleepActive                             lib\STM32F4xx_HAL_Driver\Src\stm32f4xx_hal_can.o
HAL_CAN_IsTxMessagePending                        lib\STM32F4xx_HAL_Driver\Src\stm32f4xx_hal_can.o
HAL_CAN_MspDeInit                                 lib\STM32F4xx_HAL_Driver\Src\stm32f4xx_hal_can.o
HAL_CAN_MspInit                                   lib\STM32F4xx_HAL_Driver\Src\stm32f4xx_hal_can.o
HAL_CAN_RequestSleep                              lib\STM32F4xx_HAL_Driver\Src\stm32f4xx_hal_can.o
HAL_CAN_ResetError                                lib\STM32F4xx_HAL_Driver\Src\stm32f4xx_hal_can.o
HAL_CAN_RxFifo0FullCallback                       lib\STM32F4xx_HAL_Driver\Src\stm32f4xx_hal_can.o
HAL_CAN_RxFifo0MsgPendingCallback                 lib\STM32F4xx_HAL_Driver\Src\stm32f4xx_hal_can.o
HAL_CAN_RxFifo1FullCallback                       lib\STM32F4xx_HAL_Driver\Src\stm32f4xx_hal_can.o
HAL_CAN_RxFifo1MsgPendingCallback                 lib\STM32F4xx_HAL_Driver\Src\stm32f4xx_hal_can.o
HAL_CAN_SleepCallback                             lib\STM32F4xx_HAL_Driver\Src\stm32f4xx_hal_can.o
HAL_CAN_Start                                     lib\STM32F4xx_HAL_Driver\Src\stm32f4xx_hal_can.o
HAL_CAN_Stop                                      lib\STM32F4xx_HAL_Driver\Src\stm32f4xx_hal_can.o
HAL_CAN_TxMailbox0AbortCallback                   lib\STM32F4xx_HAL_Driver\Src\stm32f4xx_hal_can.o
HAL_CAN_TxMailbox0CompleteCallback                lib\STM32F4xx_HAL_Driver\Src\stm32f4xx_hal_can.o
HAL_CAN_TxMailbox1AbortCallback                   lib\STM32F4xx_HAL_Driver\Src\stm32f4xx_hal_can.o
HAL_CAN_TxMailbox1CompleteCallback                lib\STM32F4xx_HAL_Driver\Src\stm32f4xx_hal_can.o
HAL_CAN_TxMailbox2AbortCallback                   lib\STM32F4xx_HAL_Driver\Src\stm32f4xx_hal_can.o
HAL_CAN_TxMailbox2CompleteCallback                lib\STM32F4xx_HAL_Driver\Src\stm32f4xx_hal_can.o
HAL_CAN_WakeUp                                    lib\STM32F4xx_HAL_Driver\Src\stm32f4xx_hal_can.o
HAL_CAN_WakeUpFromRxMsgCallback                   lib\STM32F4xx_HAL_Driver\Src\stm32f4xx_hal_can.o
HAL_DBGMCU_DisableDBGSleepMode                    lib\STM32F4xx_HAL_Driver\Src\stm32f4xx_hal.o
HAL_DBGMCU_DisableDBGStandbyMode                  lib\STM32F4xx_HAL_Driver\Src\stm32f4xx_hal.o
HAL_DBGMCU_DisableDBGStopMode                     lib\STM32F4xx_HAL_Driver\Src\stm32f4xx_hal.o
HAL_DBGMCU_EnableDBGSleepMode                     lib\STM32F4xx_HAL_Driver\Src\stm32f4xx_hal.o
HAL_DBGMCU_EnableDBGStandbyMode                   lib\STM32F4xx_HAL_Driver\Src\stm32f4xx_hal.o
HAL_DBGMCU_EnableDBGStopMode                      lib\STM32F4xx_HAL_Driver\Src\stm32f4xx_hal.o
HAL_DMAEx_ChangeMemory                            lib\STM32F4xx_HAL_Driver\Src\stm32f4xx_hal_dma_ex.o
HAL_DMAEx_MultiBufferStart                        lib\STM32F4xx_HAL_Driver\Src\stm32f4xx_hal_dma_ex.o
HAL_DMAEx_MultiBufferStart_IT                     lib\STM32F4xx_HAL_Driver\Src\stm32f4xx_hal_dma_ex.o
HAL_DMA_Abort                                     lib\STM32F4xx_HAL_Driver\Src\stm32f4xx_hal_dma.o
HAL_DMA_Abort_IT                                  lib\STM32F4xx_HAL_Driver\Src\stm32f4xx_hal_dma.o
HAL_DMA_DeInit                                    lib\STM32F4xx_HAL_Driver\Src\stm32f4xx_hal_dma.o
HAL_DMA_GetError                                  lib\STM32F4xx_HAL_Driver\Src\stm32f4xx_hal_dma.o
HAL_DMA_GetState                                  lib\STM32F4xx_HAL_Driver\Src\stm32f4xx_hal_dma.o
HAL_DMA_IRQHandler                                lib\STM32F4xx_HAL_Driver\Src\stm32f4xx_hal_dma.o
HAL_DMA_Init                                      lib\STM32F4xx_HAL_Driver\Src\stm32f4xx_hal_dma.o
HAL_DMA_PollForTransfer                           lib\STM32F4xx_HAL_Driver\Src\stm32f4xx_hal_dma.o
HAL_DMA_RegisterCallback                          lib\STM32F4xx_HAL_Driver\Src\stm32f4xx_hal_dma.o
HAL_DMA_Start                                     lib\STM32F4xx_HAL_Driver\Src\stm32f4xx_hal_dma.o
HAL_DMA_Start_IT                                  lib\STM32F4xx_HAL_Driver\Src\stm32f4xx_hal_dma.o
HAL_DMA_UnRegisterCallback                        lib\STM32F4xx_HAL_Driver\Src\stm32f4xx_hal_dma.o
HAL_DeInit                                        lib\STM32F4xx_HAL_Driver\Src\stm32f4xx_hal.o
                                                  Source\ARMCM4_STM32F4\cpu.o
HAL_Delay                                         lib\STM32F4xx_HAL_Driver\Src\stm32f4xx_hal.o
                                                  usbd_conf.o
                                                  lib\STM32F4xx_HAL_Driver\Src\stm32f4xx_ll_usb.o
HAL_DisableCompensationCell                       lib\STM32F4xx_HAL_Driver\Src\stm32f4xx_hal.o
HAL_EnableCompensationCell                        lib\STM32F4xx_HAL_Driver\Src\stm32f4xx_hal.o
HAL_FLASHEx_Erase                                 lib\STM32F4xx_HAL_Driver\Src\stm32f4xx_hal_flash_ex.o
                                                  Source\ARMCM4_STM32F4\flash.o
HAL_FLASHEx_Erase_IT                              lib\STM32F4xx_HAL_Driver\Src\stm32f4xx_hal_flash_ex.o
HAL_FLASHEx_OBGetConfig                           lib\STM32F4xx_HAL_Driver\Src\stm32f4xx_hal_flash_ex.o
HAL_FLASHEx_OBProgram                             lib\STM32F4xx_HAL_Driver\Src\stm32f4xx_hal_flash_ex.o
HAL_FLASH_EndOfOperationCallback                  lib\STM32F4xx_HAL_Driver\Src\stm32f4xx_hal_flash.o
HAL_FLASH_GetError                                lib\STM32F4xx_HAL_Driver\Src\stm32f4xx_hal_flash.o
HAL_FLASH_IRQHandler                              lib\STM32F4xx_HAL_Driver\Src\stm32f4xx_hal_flash.o
HAL_FLASH_Lock                                    lib\STM32F4xx_HAL_Driver\Src\stm32f4xx_hal_flash.o
                                                  Source\ARMCM4_STM32F4\flash.o
HAL_FLASH_OB_Launch                               lib\STM32F4xx_HAL_Driver\Src\stm32f4xx_hal_flash.o
HAL_FLASH_OB_Lock                                 lib\STM32F4xx_HAL_Driver\Src\stm32f4xx_hal_flash.o
HAL_FLASH_OB_Unlock                               lib\STM32F4xx_HAL_Driver\Src\stm32f4xx_hal_flash.o
HAL_FLASH_OperationErrorCallback                  lib\STM32F4xx_HAL_Driver\Src\stm32f4xx_hal_flash.o
HAL_FLASH_Program                                 lib\STM32F4xx_HAL_Driver\Src\stm32f4xx_hal_flash.o
                                                  Source\ARMCM4_STM32F4\flash.o
HAL_FLASH_Program_IT                              lib\STM32F4xx_HAL_Driver\Src\stm32f4xx_hal_flash.o
HAL_FLASH_Unlock                                  lib\STM32F4xx_HAL_Driver\Src\stm32f4xx_hal_flash.o
                                                  Source\ARMCM4_STM32F4\flash.o
HAL_GPIO_DeInit                                   lib\STM32F4xx_HAL_Driver\Src\stm32f4xx_hal_gpio.o
HAL_GPIO_EXTI_Callback                            lib\STM32F4xx_HAL_Driver\Src\stm32f4xx_hal_gpio.o
HAL_GPIO_EXTI_IRQHandler                          lib\STM32F4xx_HAL_Driver\Src\stm32f4xx_hal_gpio.o
HAL_GPIO_Init                                     lib\STM32F4xx_HAL_Driver\Src\stm32f4xx_hal_gpio.o
                                                  lib\STM32F4xx_HAL_Driver\Src\stm32f4xx_hal_rcc.o
HAL_GPIO_LockPin                                  lib\STM32F4xx_HAL_Driver\Src\stm32f4xx_hal_gpio.o
HAL_GPIO_ReadPin                                  lib\STM32F4xx_HAL_Driver\Src\stm32f4xx_hal_gpio.o
HAL_GPIO_TogglePin                                lib\STM32F4xx_HAL_Driver\Src\stm32f4xx_hal_gpio.o
HAL_GPIO_WritePin                                 lib\STM32F4xx_HAL_Driver\Src\stm32f4xx_hal_gpio.o
HAL_GetDEVID                                      lib\STM32F4xx_HAL_Driver\Src\stm32f4xx_hal.o
HAL_GetHalVersion                                 lib\STM32F4xx_HAL_Driver\Src\stm32f4xx_hal.o
HAL_GetREVID                                      lib\STM32F4xx_HAL_Driver\Src\stm32f4xx_hal.o
HAL_GetTick                                       Source\ARMCM4_STM32F4\timer.o
                                                  lib\STM32F4xx_HAL_Driver\Src\stm32f4xx_hal_rcc_ex.o
                                                  lib\STM32F4xx_HAL_Driver\Src\stm32f4xx_hal_rcc.o
                                                  lib\STM32F4xx_HAL_Driver\Src\stm32f4xx_hal_pwr_ex.o
                                                  lib\STM32F4xx_HAL_Driver\Src\stm32f4xx_hal_flash.o
                                                  lib\STM32F4xx_HAL_Driver\Src\stm32f4xx_hal_dma.o
                                                  lib\STM32F4xx_HAL_Driver\Src\stm32f4xx_hal_can.o
HAL_GetTickFreq                                   lib\STM32F4xx_HAL_Driver\Src\stm32f4xx_hal.o
HAL_GetTickPrio                                   lib\STM32F4xx_HAL_Driver\Src\stm32f4xx_hal.o
HAL_GetUID                                        lib\STM32F4xx_HAL_Driver\Src\stm32f4xx_hal.o
HAL_IncTick                                       lib\STM32F4xx_HAL_Driver\Src\stm32f4xx_hal.o
HAL_Init                                          lib\STM32F4xx_HAL_Driver\Src\stm32f4xx_hal.o
                                                  main.o
HAL_InitTick                                      lib\STM32F4xx_HAL_Driver\Src\stm32f4xx_hal.o
                                                  lib\STM32F4xx_HAL_Driver\Src\stm32f4xx_hal_rcc_ex.o
                                                  lib\STM32F4xx_HAL_Driver\Src\stm32f4xx_hal_rcc.o
HAL_MPU_ConfigRegion                              lib\STM32F4xx_HAL_Driver\Src\stm32f4xx_hal_cortex.o
HAL_MPU_Disable                                   lib\STM32F4xx_HAL_Driver\Src\stm32f4xx_hal_cortex.o
HAL_MPU_Enable                                    lib\STM32F4xx_HAL_Driver\Src\stm32f4xx_hal_cortex.o
HAL_MspDeInit                                     main.o
                                                  lib\STM32F4xx_HAL_Driver\Src\stm32f4xx_hal.o
HAL_MspInit                                       main.o
                                                  lib\STM32F4xx_HAL_Driver\Src\stm32f4xx_hal.o
HAL_NVIC_ClearPendingIRQ                          lib\STM32F4xx_HAL_Driver\Src\stm32f4xx_hal_cortex.o
HAL_NVIC_DisableIRQ                               lib\STM32F4xx_HAL_Driver\Src\stm32f4xx_hal_cortex.o
HAL_NVIC_EnableIRQ                                lib\STM32F4xx_HAL_Driver\Src\stm32f4xx_hal_cortex.o
HAL_NVIC_GetActive                                lib\STM32F4xx_HAL_Driver\Src\stm32f4xx_hal_cortex.o
HAL_NVIC_GetPendingIRQ                            lib\STM32F4xx_HAL_Driver\Src\stm32f4xx_hal_cortex.o
HAL_NVIC_GetPriority                              lib\STM32F4xx_HAL_Driver\Src\stm32f4xx_hal_cortex.o
HAL_NVIC_GetPriorityGrouping                      lib\STM32F4xx_HAL_Driver\Src\stm32f4xx_hal_cortex.o
HAL_NVIC_SetPendingIRQ                            lib\STM32F4xx_HAL_Driver\Src\stm32f4xx_hal_cortex.o
HAL_NVIC_SetPriority                              lib\STM32F4xx_HAL_Driver\Src\stm32f4xx_hal_cortex.o
                                                  lib\STM32F4xx_HAL_Driver\Src\stm32f4xx_hal.o
HAL_NVIC_SetPriorityGrouping                      lib\STM32F4xx_HAL_Driver\Src\stm32f4xx_hal_cortex.o
                                                  lib\STM32F4xx_HAL_Driver\Src\stm32f4xx_hal.o
HAL_NVIC_SystemReset                              lib\STM32F4xx_HAL_Driver\Src\stm32f4xx_hal_cortex.o
HAL_PCDEx_SetRxFiFo                               lib\STM32F4xx_HAL_Driver\Src\stm32f4xx_hal_pcd_ex.o
                                                  usbd_conf.o
HAL_PCDEx_SetTxFiFo                               lib\STM32F4xx_HAL_Driver\Src\stm32f4xx_hal_pcd_ex.o
                                                  usbd_conf.o
HAL_PCD_ActivateRemoteWakeup                      lib\STM32F4xx_HAL_Driver\Src\stm32f4xx_hal_pcd.o
HAL_PCD_ConnectCallback                           usbd_conf.o
                                                  lib\STM32F4xx_HAL_Driver\Src\stm32f4xx_hal_pcd.o
HAL_PCD_DataInStageCallback                       usbd_conf.o
                                                  lib\STM32F4xx_HAL_Driver\Src\stm32f4xx_hal_pcd.o
HAL_PCD_DataOutStageCallback                      usbd_conf.o
                                                  lib\STM32F4xx_HAL_Driver\Src\stm32f4xx_hal_pcd.o
HAL_PCD_DeActivateRemoteWakeup                    lib\STM32F4xx_HAL_Driver\Src\stm32f4xx_hal_pcd.o
HAL_PCD_DeInit                                    lib\STM32F4xx_HAL_Driver\Src\stm32f4xx_hal_pcd.o
                                                  usbd_conf.o
HAL_PCD_DevConnect                                lib\STM32F4xx_HAL_Driver\Src\stm32f4xx_hal_pcd.o
HAL_PCD_DevDisconnect                             lib\STM32F4xx_HAL_Driver\Src\stm32f4xx_hal_pcd.o
HAL_PCD_DisconnectCallback                        usbd_conf.o
                                                  lib\STM32F4xx_HAL_Driver\Src\stm32f4xx_hal_pcd.o
HAL_PCD_EP_Close                                  lib\STM32F4xx_HAL_Driver\Src\stm32f4xx_hal_pcd.o
                                                  usbd_conf.o
HAL_PCD_EP_ClrStall                               lib\STM32F4xx_HAL_Driver\Src\stm32f4xx_hal_pcd.o
                                                  usbd_conf.o
HAL_PCD_EP_Flush                                  lib\STM32F4xx_HAL_Driver\Src\stm32f4xx_hal_pcd.o
                                                  usbd_conf.o
HAL_PCD_EP_GetRxCount                             lib\STM32F4xx_HAL_Driver\Src\stm32f4xx_hal_pcd.o
                                                  usbd_conf.o
HAL_PCD_EP_Open                                   lib\STM32F4xx_HAL_Driver\Src\stm32f4xx_hal_pcd.o
                                                  usbd_conf.o
HAL_PCD_EP_Receive                                lib\STM32F4xx_HAL_Driver\Src\stm32f4xx_hal_pcd.o
                                                  usbd_conf.o
HAL_PCD_EP_SetStall                               lib\STM32F4xx_HAL_Driver\Src\stm32f4xx_hal_pcd.o
                                                  usbd_conf.o
HAL_PCD_EP_Transmit                               lib\STM32F4xx_HAL_Driver\Src\stm32f4xx_hal_pcd.o
                                                  usbd_conf.o
HAL_PCD_GetState                                  lib\STM32F4xx_HAL_Driver\Src\stm32f4xx_hal_pcd.o
HAL_PCD_IRQHandler                                lib\STM32F4xx_HAL_Driver\Src\stm32f4xx_hal_pcd.o
HAL_PCD_ISOINIncompleteCallback                   usbd_conf.o
                                                  lib\STM32F4xx_HAL_Driver\Src\stm32f4xx_hal_pcd.o
HAL_PCD_ISOOUTIncompleteCallback                  usbd_conf.o
                                                  lib\STM32F4xx_HAL_Driver\Src\stm32f4xx_hal_pcd.o
HAL_PCD_Init                                      lib\STM32F4xx_HAL_Driver\Src\stm32f4xx_hal_pcd.o
                                                  usbd_conf.o
HAL_PCD_MspDeInit                                 lib\STM32F4xx_HAL_Driver\Src\stm32f4xx_hal_pcd.o
HAL_PCD_MspInit                                   lib\STM32F4xx_HAL_Driver\Src\stm32f4xx_hal_pcd.o
HAL_PCD_ResetCallback                             usbd_conf.o
                                                  lib\STM32F4xx_HAL_Driver\Src\stm32f4xx_hal_pcd.o
HAL_PCD_ResumeCallback                            usbd_conf.o
                                                  lib\STM32F4xx_HAL_Driver\Src\stm32f4xx_hal_pcd.o
HAL_PCD_SOFCallback                               usbd_conf.o
                                                  lib\STM32F4xx_HAL_Driver\Src\stm32f4xx_hal_pcd.o
HAL_PCD_SetAddress                                lib\STM32F4xx_HAL_Driver\Src\stm32f4xx_hal_pcd.o
                                                  usbd_conf.o
HAL_PCD_SetupStageCallback                        usbd_conf.o
                                                  lib\STM32F4xx_HAL_Driver\Src\stm32f4xx_hal_pcd.o
HAL_PCD_Start                                     lib\STM32F4xx_HAL_Driver\Src\stm32f4xx_hal_pcd.o
                                                  usbd_conf.o
HAL_PCD_Stop                                      lib\STM32F4xx_HAL_Driver\Src\stm32f4xx_hal_pcd.o
                                                  usbd_conf.o
HAL_PCD_SuspendCallback                           usbd_conf.o
                                                  lib\STM32F4xx_HAL_Driver\Src\stm32f4xx_hal_pcd.o
HAL_PWREx_ControlVoltageScaling                   lib\STM32F4xx_HAL_Driver\Src\stm32f4xx_hal_pwr_ex.o
HAL_PWREx_DisableBkUpReg                          lib\STM32F4xx_HAL_Driver\Src\stm32f4xx_hal_pwr_ex.o
HAL_PWREx_DisableFlashPowerDown                   lib\STM32F4xx_HAL_Driver\Src\stm32f4xx_hal_pwr_ex.o
HAL_PWREx_EnableBkUpReg                           lib\STM32F4xx_HAL_Driver\Src\stm32f4xx_hal_pwr_ex.o
HAL_PWREx_EnableFlashPowerDown                    lib\STM32F4xx_HAL_Driver\Src\stm32f4xx_hal_pwr_ex.o
HAL_PWREx_GetVoltageRange                         lib\STM32F4xx_HAL_Driver\Src\stm32f4xx_hal_pwr_ex.o
HAL_PWR_ConfigPVD                                 lib\STM32F4xx_HAL_Driver\Src\stm32f4xx_hal_pwr.o
HAL_PWR_DeInit                                    lib\STM32F4xx_HAL_Driver\Src\stm32f4xx_hal_pwr.o
HAL_PWR_DisableBkUpAccess                         lib\STM32F4xx_HAL_Driver\Src\stm32f4xx_hal_pwr.o
HAL_PWR_DisablePVD                                lib\STM32F4xx_HAL_Driver\Src\stm32f4xx_hal_pwr.o
HAL_PWR_DisableSEVOnPend                          lib\STM32F4xx_HAL_Driver\Src\stm32f4xx_hal_pwr.o
HAL_PWR_DisableSleepOnExit                        lib\STM32F4xx_HAL_Driver\Src\stm32f4xx_hal_pwr.o
HAL_PWR_DisableWakeUpPin                          lib\STM32F4xx_HAL_Driver\Src\stm32f4xx_hal_pwr.o
HAL_PWR_EnableBkUpAccess                          lib\STM32F4xx_HAL_Driver\Src\stm32f4xx_hal_pwr.o
HAL_PWR_EnablePVD                                 lib\STM32F4xx_HAL_Driver\Src\stm32f4xx_hal_pwr.o
HAL_PWR_EnableSEVOnPend                           lib\STM32F4xx_HAL_Driver\Src\stm32f4xx_hal_pwr.o
HAL_PWR_EnableSleepOnExit                         lib\STM32F4xx_HAL_Driver\Src\stm32f4xx_hal_pwr.o
HAL_PWR_EnableWakeUpPin                           lib\STM32F4xx_HAL_Driver\Src\stm32f4xx_hal_pwr.o
HAL_PWR_EnterSLEEPMode                            lib\STM32F4xx_HAL_Driver\Src\stm32f4xx_hal_pwr.o
HAL_PWR_EnterSTANDBYMode                          lib\STM32F4xx_HAL_Driver\Src\stm32f4xx_hal_pwr.o
HAL_PWR_EnterSTOPMode                             lib\STM32F4xx_HAL_Driver\Src\stm32f4xx_hal_pwr.o
HAL_PWR_PVDCallback                               lib\STM32F4xx_HAL_Driver\Src\stm32f4xx_hal_pwr.o
HAL_PWR_PVD_IRQHandler                            lib\STM32F4xx_HAL_Driver\Src\stm32f4xx_hal_pwr.o
HAL_RCCEx_DisablePLLI2S                           lib\STM32F4xx_HAL_Driver\Src\stm32f4xx_hal_rcc_ex.o
HAL_RCCEx_EnablePLLI2S                            lib\STM32F4xx_HAL_Driver\Src\stm32f4xx_hal_rcc_ex.o
HAL_RCCEx_GetPeriphCLKConfig                      lib\STM32F4xx_HAL_Driver\Src\stm32f4xx_hal_rcc_ex.o
HAL_RCCEx_GetPeriphCLKFreq                        lib\STM32F4xx_HAL_Driver\Src\stm32f4xx_hal_rcc_ex.o
HAL_RCCEx_PeriphCLKConfig                         lib\STM32F4xx_HAL_Driver\Src\stm32f4xx_hal_rcc_ex.o
HAL_RCC_CSSCallback                               lib\STM32F4xx_HAL_Driver\Src\stm32f4xx_hal_rcc.o
HAL_RCC_ClockConfig                               lib\STM32F4xx_HAL_Driver\Src\stm32f4xx_hal_rcc.o
HAL_RCC_DeInit                                    lib\STM32F4xx_HAL_Driver\Src\stm32f4xx_hal_rcc_ex.o
                                                  lib\STM32F4xx_HAL_Driver\Src\stm32f4xx_hal_rcc.o
HAL_RCC_DisableCSS                                lib\STM32F4xx_HAL_Driver\Src\stm32f4xx_hal_rcc.o
HAL_RCC_EnableCSS                                 lib\STM32F4xx_HAL_Driver\Src\stm32f4xx_hal_rcc.o
HAL_RCC_GetClockConfig                            lib\STM32F4xx_HAL_Driver\Src\stm32f4xx_hal_rcc.o
HAL_RCC_GetHCLKFreq                               lib\STM32F4xx_HAL_Driver\Src\stm32f4xx_hal_rcc.o
                                                  lib\STM32F4xx_HAL_Driver\Src\stm32f4xx_hal_pcd.o
HAL_RCC_GetOscConfig                              lib\STM32F4xx_HAL_Driver\Src\stm32f4xx_hal_rcc.o
HAL_RCC_GetPCLK1Freq                              lib\STM32F4xx_HAL_Driver\Src\stm32f4xx_hal_rcc.o
HAL_RCC_GetPCLK2Freq                              lib\STM32F4xx_HAL_Driver\Src\stm32f4xx_hal_rcc.o
HAL_RCC_GetSysClockFreq                           lib\STM32F4xx_HAL_Driver\Src\stm32f4xx_hal_rcc.o
HAL_RCC_MCOConfig                                 lib\STM32F4xx_HAL_Driver\Src\stm32f4xx_hal_rcc.o
HAL_RCC_NMI_IRQHandler                            lib\STM32F4xx_HAL_Driver\Src\stm32f4xx_hal_rcc.o
HAL_RCC_OscConfig                                 lib\STM32F4xx_HAL_Driver\Src\stm32f4xx_hal_rcc.o
HAL_ResumeTick                                    lib\STM32F4xx_HAL_Driver\Src\stm32f4xx_hal.o
HAL_SYSTICK_CLKSourceConfig                       lib\STM32F4xx_HAL_Driver\Src\stm32f4xx_hal_cortex.o
HAL_SYSTICK_Callback                              lib\STM32F4xx_HAL_Driver\Src\stm32f4xx_hal_cortex.o
HAL_SYSTICK_Config                                lib\STM32F4xx_HAL_Driver\Src\stm32f4xx_hal_cortex.o
                                                  lib\STM32F4xx_HAL_Driver\Src\stm32f4xx_hal.o
HAL_SYSTICK_IRQHandler                            lib\STM32F4xx_HAL_Driver\Src\stm32f4xx_hal_cortex.o
HAL_SetTickFreq                                   lib\STM32F4xx_HAL_Driver\Src\stm32f4xx_hal.o
HAL_SuspendTick                                   lib\STM32F4xx_HAL_Driver\Src\stm32f4xx_hal.o
HASH_RNG_IRQHandler                               startup_stm32f405xx.o
HardFault_Handler                                 startup_stm32f405xx.o
I2C1_ER_IRQHandler                                startup_stm32f405xx.o
I2C1_EV_IRQHandler                                startup_stm32f405xx.o
I2C2_ER_IRQHandler                                startup_stm32f405xx.o
I2C2_EV_IRQHandler                                startup_stm32f405xx.o
I2C3_ER_IRQHandler                                startup_stm32f405xx.o
I2C3_EV_IRQHandler                                startup_stm32f405xx.o
LL_DMA_DeInit                                     lib\STM32F4xx_HAL_Driver\Src\stm32f4xx_ll_dma.o
LL_DMA_Init                                       lib\STM32F4xx_HAL_Driver\Src\stm32f4xx_ll_dma.o
LL_DMA_StructInit                                 lib\STM32F4xx_HAL_Driver\Src\stm32f4xx_ll_dma.o
LL_EXTI_DeInit                                    lib\STM32F4xx_HAL_Driver\Src\stm32f4xx_ll_exti.o
LL_EXTI_Init                                      lib\STM32F4xx_HAL_Driver\Src\stm32f4xx_ll_exti.o
LL_EXTI_StructInit                                lib\STM32F4xx_HAL_Driver\Src\stm32f4xx_ll_exti.o
LL_GPIO_DeInit                                    lib\STM32F4xx_HAL_Driver\Src\stm32f4xx_ll_gpio.o
                                                  main.o
LL_GPIO_Init                                      lib\STM32F4xx_HAL_Driver\Src\stm32f4xx_ll_gpio.o
                                                  main.o
                                                  lib\fatfs\mmc.o
LL_GPIO_StructInit                                lib\STM32F4xx_HAL_Driver\Src\stm32f4xx_ll_gpio.o
LL_I2S_ConfigPrescaler                            lib\STM32F4xx_HAL_Driver\Src\stm32f4xx_ll_spi.o
LL_I2S_DeInit                                     lib\STM32F4xx_HAL_Driver\Src\stm32f4xx_ll_spi.o
LL_I2S_Init                                       lib\STM32F4xx_HAL_Driver\Src\stm32f4xx_ll_spi.o
LL_I2S_InitFullDuplex                             lib\STM32F4xx_HAL_Driver\Src\stm32f4xx_ll_spi.o
LL_I2S_StructInit                                 lib\STM32F4xx_HAL_Driver\Src\stm32f4xx_ll_spi.o
LL_Init1msTick                                    lib\STM32F4xx_HAL_Driver\Src\stm32f4xx_ll_utils.o
LL_PLL_ConfigSystemClock_HSE                      lib\STM32F4xx_HAL_Driver\Src\stm32f4xx_ll_utils.o
LL_PLL_ConfigSystemClock_HSI                      lib\STM32F4xx_HAL_Driver\Src\stm32f4xx_ll_utils.o
LL_RCC_DeInit                                     lib\STM32F4xx_HAL_Driver\Src\stm32f4xx_ll_rcc.o
LL_RCC_GetI2SClockFreq                            lib\STM32F4xx_HAL_Driver\Src\stm32f4xx_ll_rcc.o
                                                  lib\STM32F4xx_HAL_Driver\Src\stm32f4xx_ll_spi.o
LL_RCC_GetRNGClockFreq                            lib\STM32F4xx_HAL_Driver\Src\stm32f4xx_ll_rcc.o
LL_RCC_GetSDIOClockFreq                           lib\STM32F4xx_HAL_Driver\Src\stm32f4xx_ll_rcc.o
LL_RCC_GetSystemClocksFreq                        lib\STM32F4xx_HAL_Driver\Src\stm32f4xx_ll_rcc.o
                                                  lib\STM32F4xx_HAL_Driver\Src\stm32f4xx_ll_usart.o
LL_RCC_GetUSBClockFreq                            lib\STM32F4xx_HAL_Driver\Src\stm32f4xx_ll_rcc.o
LL_SPI_DeInit                                     lib\STM32F4xx_HAL_Driver\Src\stm32f4xx_ll_spi.o
LL_SPI_Init                                       lib\STM32F4xx_HAL_Driver\Src\stm32f4xx_ll_spi.o
                                                  lib\fatfs\mmc.o
LL_SPI_StructInit                                 lib\STM32F4xx_HAL_Driver\Src\stm32f4xx_ll_spi.o
LL_SetSystemCoreClock                             lib\STM32F4xx_HAL_Driver\Src\stm32f4xx_ll_utils.o
                                                  main.o
LL_USART_ClockInit                                lib\STM32F4xx_HAL_Driver\Src\stm32f4xx_ll_usart.o
LL_USART_ClockStructInit                          lib\STM32F4xx_HAL_Driver\Src\stm32f4xx_ll_usart.o
LL_USART_DeInit                                   lib\STM32F4xx_HAL_Driver\Src\stm32f4xx_ll_usart.o
LL_USART_Init                                     lib\STM32F4xx_HAL_Driver\Src\stm32f4xx_ll_usart.o
                                                  Source\ARMCM4_STM32F4\uart.o
LL_USART_StructInit                               lib\STM32F4xx_HAL_Driver\Src\stm32f4xx_ll_usart.o
LL_mDelay                                         lib\STM32F4xx_HAL_Driver\Src\stm32f4xx_ll_utils.o
LedBlinkExit                                      led.o
                                                  hooks.o
LedBlinkInit                                      led.o
                                                  hooks.o
LedBlinkTask                                      led.o
                                                  hooks.o
MemManage_Handler                                 startup_stm32f405xx.o
NMI_Handler                                       startup_stm32f405xx.o
NvmDone                                           Source\ARMCM4_STM32F4\nvm.o
                                                  Source\xcp.o
NvmDoneHook                                       hooks.o
                                                  Source\ARMCM4_STM32F4\nvm.o
NvmErase                                          Source\ARMCM4_STM32F4\nvm.o
                                                  Source\xcp.o
NvmEraseHook                                      hooks.o
                                                  Source\ARMCM4_STM32F4\nvm.o
NvmGetUserProgBaseAddress                         Source\ARMCM4_STM32F4\nvm.o
                                                  Source\ARMCM4_STM32F4\cpu.o
NvmInit                                           Source\ARMCM4_STM32F4\nvm.o
                                                  Source\xcp.o
                                                  Source\boot.o
NvmInitHook                                       hooks.o
                                                  Source\ARMCM4_STM32F4\nvm.o
NvmReinit                                         Source\ARMCM4_STM32F4\nvm.o
NvmReinitHook                                     hooks.o
                                                  Source\ARMCM4_STM32F4\nvm.o
NvmVerifyChecksum                                 Source\ARMCM4_STM32F4\nvm.o
                                                  Source\ARMCM4_STM32F4\cpu.o
NvmWrite                                          Source\ARMCM4_STM32F4\nvm.o
                                                  Source\xcp.o
NvmWriteHook                                      hooks.o
                                                  Source\ARMCM4_STM32F4\nvm.o
OTG_FS_IRQHandler                                 startup_stm32f405xx.o
OTG_FS_WKUP_IRQHandler                            startup_stm32f405xx.o
OTG_HS_EP1_IN_IRQHandler                          startup_stm32f405xx.o
OTG_HS_EP1_OUT_IRQHandler                         startup_stm32f405xx.o
OTG_HS_IRQHandler                                 startup_stm32f405xx.o
OTG_HS_WKUP_IRQHandler                            startup_stm32f405xx.o
PVD_IRQHandler                                    startup_stm32f405xx.o
PendSV_Handler                                    startup_stm32f405xx.o
RCC_GetHCLKClockFreq                              lib\STM32F4xx_HAL_Driver\Src\stm32f4xx_ll_rcc.o
RCC_GetPCLK1ClockFreq                             lib\STM32F4xx_HAL_Driver\Src\stm32f4xx_ll_rcc.o
RCC_GetPCLK2ClockFreq                             lib\STM32F4xx_HAL_Driver\Src\stm32f4xx_ll_rcc.o
RCC_GetSystemClockFreq                            lib\STM32F4xx_HAL_Driver\Src\stm32f4xx_ll_rcc.o
RCC_IRQHandler                                    startup_stm32f405xx.o