Archive member included to satisfy reference by file (symbol)

/home/tard/dev_tools/Atollic_TrueSTUDIO_9_3_0/ARMTools/bin/../lib/gcc/arm-atollic-eabi/6.3.1/../../../../arm-atollic-eabi/lib/armv7e-m/fpu/libc_nano.a(lib_a-init.o)
                              startup_stm32f405xx.o (__libc_init_array)
/home/tard/dev_tools/Atollic_TrueSTUDIO_9_3_0/ARMTools/bin/../lib/gcc/arm-atollic-eabi/6.3.1/armv7e-m/fpu/libgcc.a(_aeabi_uldivmod.o)
                              lib/STM32F4xx_HAL_Driver/Src/stm32f4xx_hal_rcc.o (__aeabi_uldivmod)
/home/tard/dev_tools/Atollic_TrueSTUDIO_9_3_0/ARMTools/bin/../lib/gcc/arm-atollic-eabi/6.3.1/armv7e-m/fpu/libgcc.a(_udivmoddi4.o)
                              /home/tard/dev_tools/Atollic_TrueSTUDIO_9_3_0/ARMTools/bin/../lib/gcc/arm-atollic-eabi/6.3.1/armv7e-m/fpu/libgcc.a(_aeabi_uldivmod.o) (__udivmoddi4)
/home/tard/dev_tools/Atollic_TrueSTUDIO_9_3_0/ARMTools/bin/../lib/gcc/arm-atollic-eabi/6.3.1/armv7e-m/fpu/libgcc.a(_dvmd_tls.o)
                              /home/tard/dev_tools/Atollic_TrueSTUDIO_9_3_0/ARMTools/bin/../lib/gcc/arm-atollic-eabi/6.3.1/armv7e-m/fpu/libgcc.a(_aeabi_uldivmod.o) (__aeabi_ldiv0)

Allocating common symbols
Common symbol       size              file

hpcd_USB_OTG_FS     0x3f0             usbd_conf.o
uwTick              0x4               lib/STM32F4xx_HAL_Driver/Src/stm32f4xx_hal.o
pFlash              0x20              lib/STM32F4xx_HAL_Driver/Src/stm32f4xx_hal_flash.o
USB_Rx_Buffer       0x40              usbd_bulk.o
USBD_StrDesc        0x200             usbd_desc.o

Discarded input sections

 .text          0x0000000000000000        0x0 /home/tard/dev_tools/Atollic_TrueSTUDIO_9_3_0/ARMTools/bin/../lib/gcc/arm-atollic-eabi/6.3.1/armv7e-m/fpu/crti.o
 .data          0x0000000000000000        0x0 /home/tard/dev_tools/Atollic_TrueSTUDIO_9_3_0/ARMTools/bin/../lib/gcc/arm-atollic-eabi/6.3.1/armv7e-m/fpu/crti.o
 .bss           0x0000000000000000        0x0 /home/tard/dev_tools/Atollic_TrueSTUDIO_9_3_0/ARMTools/bin/../lib/gcc/arm-atollic-eabi/6.3.1/armv7e-m/fpu/crti.o
 .data          0x0000000000000000        0x4 /home/tard/dev_tools/Atollic_TrueSTUDIO_9_3_0/ARMTools/bin/../lib/gcc/arm-atollic-eabi/6.3.1/armv7e-m/fpu/crtbegin.o
 .text          0x0000000000000000        0x0 Source/ARMCM4_STM32F4/GCC/cpu_comp.o
 .data          0x0000000000000000        0x0 Source/ARMCM4_STM32F4/GCC/cpu_comp.o
 .bss           0x0000000000000000        0x0 Source/ARMCM4_STM32F4/GCC/cpu_comp.o
 .text          0x0000000000000000        0x0 Source/ARMCM4_STM32F4/can.o
 .data          0x0000000000000000        0x0 Source/ARMCM4_STM32F4/can.o
 .bss           0x0000000000000000        0x0 Source/ARMCM4_STM32F4/can.o
 .debug_info    0x0000000000000000       0x56 Source/ARMCM4_STM32F4/can.o
 .debug_abbrev  0x0000000000000000       0x26 Source/ARMCM4_STM32F4/can.o
 .debug_aranges
                0x0000000000000000       0x18 Source/ARMCM4_STM32F4/can.o
 .debug_line    0x0000000000000000       0x1d Source/ARMCM4_STM32F4/can.o
 .debug_str     0x0000000000000000      0x186 Source/ARMCM4_STM32F4/can.o
 .comment       0x0000000000000000       0x7d Source/ARMCM4_STM32F4/can.o
 .ARM.attributes
                0x0000000000000000       0x39 Source/ARMCM4_STM32F4/can.o
 .text          0x0000000000000000        0x0 Source/ARMCM4_STM32F4/cpu.o
 .data          0x0000000000000000        0x0 Source/ARMCM4_STM32F4/cpu.o
 .bss           0x0000000000000000        0x0 Source/ARMCM4_STM32F4/cpu.o
 .text.CpuMemSet
                0x0000000000000000       0x18 Source/ARMCM4_STM32F4/cpu.o
 .text          0x0000000000000000        0x0 Source/ARMCM4_STM32F4/flash.o
 .data          0x0000000000000000        0x0 Source/ARMCM4_STM32F4/flash.o
 .bss           0x0000000000000000        0x0 Source/ARMCM4_STM32F4/flash.o
 .text          0x0000000000000000        0x0 Source/ARMCM4_STM32F4/nvm.o
 .data          0x0000000000000000        0x0 Source/ARMCM4_STM32F4/nvm.o
 .bss           0x0000000000000000        0x0 Source/ARMCM4_STM32F4/nvm.o
 .text.NvmReinit
                0x0000000000000000        0xe Source/ARMCM4_STM32F4/nvm.o
 .text          0x0000000000000000        0x0 Source/ARMCM4_STM32F4/timer.o
 .data          0x0000000000000000        0x0 Source/ARMCM4_STM32F4/timer.o
 .bss           0x0000000000000000        0x0 Source/ARMCM4_STM32F4/timer.o
 .text          0x0000000000000000        0x0 Source/ARMCM4_STM32F4/uart.o
 .data          0x0000000000000000        0x0 Source/ARMCM4_STM32F4/uart.o
 .bss           0x0000000000000000        0x0 Source/ARMCM4_STM32F4/uart.o
 .text          0x0000000000000000        0x0 Source/ARMCM4_STM32F4/usb.o
 .data          0x0000000000000000        0x0 Source/ARMCM4_STM32F4/usb.o
 .bss           0x0000000000000000        0x0 Source/ARMCM4_STM32F4/usb.o
 .debug_info    0x0000000000000000       0x56 Source/ARMCM4_STM32F4/usb.o
 .debug_abbrev  0x0000000000000000       0x26 Source/ARMCM4_STM32F4/usb.o
 .debug_aranges
                0x0000000000000000       0x18 Source/ARMCM4_STM32F4/usb.o
[...]
Memory Configuration

Name             Origin             Length             Attributes
RAM              0x0000000020000000 0x0000000000020000 xrw
CCMRAM           0x0000000010000000 0x0000000000010000 rw
FLASH            0x0000000008000000 0x0000000000008000 xr
MEMORY_B1        0x0000000000000000 0xffffffffffffffff
*default*        0x0000000000000000 0xffffffffffffffff

Linker script and memory map

LOAD /home/tard/dev_tools/Atollic_TrueSTUDIO_9_3_0/ARMTools/bin/../lib/gcc/arm-atollic-eabi/6.3.1/armv7e-m/fpu/crti.o
LOAD /home/tard/dev_tools/Atollic_TrueSTUDIO_9_3_0/ARMTools/bin/../lib/gcc/arm-atollic-eabi/6.3.1/armv7e-m/fpu/crtbegin.o
LOAD Source/ARMCM4_STM32F4/GCC/cpu_comp.o
LOAD Source/ARMCM4_STM32F4/can.o
LOAD Source/ARMCM4_STM32F4/cpu.o
LOAD Source/ARMCM4_STM32F4/flash.o
LOAD Source/ARMCM4_STM32F4/nvm.o
LOAD Source/ARMCM4_STM32F4/timer.o
LOAD Source/ARMCM4_STM32F4/uart.o
LOAD Source/ARMCM4_STM32F4/usb.o
LOAD Source/assert.o
LOAD Source/backdoor.o
LOAD Source/boot.o
LOAD Source/com.o
LOAD Source/cop.o
LOAD Source/file.o
LOAD Source/net.o
LOAD Source/third_party/fatfs/src/ff.o
LOAD Source/third_party/fatfs/src/option/unicode.o
LOAD Source/xcp.o
LOAD hooks.o
LOAD led.o
LOAD lib/STM32F4xx_HAL_Driver/Src/stm32f4xx_hal.o
LOAD lib/STM32F4xx_HAL_Driver/Src/stm32f4xx_hal_can.o
LOAD lib/STM32F4xx_HAL_Driver/Src/stm32f4xx_hal_cortex.o
LOAD lib/STM32F4xx_HAL_Driver/Src/stm32f4xx_hal_dma.o
LOAD lib/STM32F4xx_HAL_Driver/Src/stm32f4xx_hal_dma_ex.o
LOAD lib/STM32F4xx_HAL_Driver/Src/stm32f4xx_hal_flash.o
LOAD lib/STM32F4xx_HAL_Driver/Src/stm32f4xx_hal_flash_ex.o
LOAD lib/STM32F4xx_HAL_Driver/Src/stm32f4xx_hal_flash_ramfunc.o
LOAD lib/STM32F4xx_HAL_Driver/Src/stm32f4xx_hal_gpio.o
LOAD lib/STM32F4xx_HAL_Driver/Src/stm32f4xx_hal_pcd.o
LOAD lib/STM32F4xx_HAL_Driver/Src/stm32f4xx_hal_pcd_ex.o
LOAD lib/STM32F4xx_HAL_Driver/Src/stm32f4xx_hal_pwr.o
LOAD lib/STM32F4xx_HAL_Driver/Src/stm32f4xx_hal_pwr_ex.o
LOAD lib/STM32F4xx_HAL_Driver/Src/stm32f4xx_hal_rcc.o
LOAD lib/STM32F4xx_HAL_Driver/Src/stm32f4xx_hal_rcc_ex.o
LOAD lib/STM32F4xx_HAL_Driver/Src/stm32f4xx_hal_tim.o
LOAD lib/STM32F4xx_HAL_Driver/Src/stm32f4xx_hal_tim_ex.o
LOAD lib/STM32F4xx_HAL_Driver/Src/stm32f4xx_ll_dma.o
LOAD lib/STM32F4xx_HAL_Driver/Src/stm32f4xx_ll_exti.o
LOAD lib/STM32F4xx_HAL_Driver/Src/stm32f4xx_ll_gpio.o
LOAD lib/STM32F4xx_HAL_Driver/Src/stm32f4xx_ll_rcc.o
LOAD lib/STM32F4xx_HAL_Driver/Src/stm32f4xx_ll_spi.o
LOAD lib/STM32F4xx_HAL_Driver/Src/stm32f4xx_ll_usart.o
LOAD lib/STM32F4xx_HAL_Driver/Src/stm32f4xx_ll_usb.o
LOAD lib/STM32F4xx_HAL_Driver/Src/stm32f4xx_ll_utils.o
LOAD lib/STM32_USB_Device_Library/Core/Src/usbd_core.o
LOAD lib/STM32_USB_Device_Library/Core/Src/usbd_ctlreq.o
LOAD lib/STM32_USB_Device_Library/Core/Src/usbd_ioreq.o
LOAD lib/fatfs/mmc.o
LOAD lib/system_stm32f4xx.o
LOAD main.o
LOAD startup_stm32f405xx.o
LOAD usbd_bulk.o
LOAD usbd_conf.o
LOAD usbd_desc.o
                0x0000000000000080                malloc_getpagesize_P = 0x80
START GROUP
LOAD /home/tard/dev_tools/Atollic_TrueSTUDIO_9_3_0/ARMTools/bin/../lib/gcc/arm-atollic-eabi/6.3.1/../../../../arm-atollic-eabi/lib/armv7e-m/fpu/libc_nano.a
LOAD /home/tard/dev_tools/Atollic_TrueSTUDIO_9_3_0/ARMTools/bin/../lib/gcc/arm-atollic-eabi/6.3.1/../../../../arm-atollic-eabi/lib/armv7e-m/fpu/libm.a
END GROUP
START GROUP
LOAD /home/tard/dev_tools/Atollic_TrueSTUDIO_9_3_0/ARMTools/bin/../lib/gcc/arm-atollic-eabi/6.3.1/armv7e-m/fpu/libgcc.a
LOAD /home/tard/dev_tools/Atollic_TrueSTUDIO_9_3_0/ARMTools/bin/../lib/gcc/arm-atollic-eabi/6.3.1/../../../../arm-atollic-eabi/lib/armv7e-m/fpu/libc_nano.a
END GROUP
START GROUP
LOAD /home/tard/dev_tools/Atollic_TrueSTUDIO_9_3_0/ARMTools/bin/../lib/gcc/arm-atollic-eabi/6.3.1/armv7e-m/fpu/libgcc.a
LOAD /home/tard/dev_tools/Atollic_TrueSTUDIO_9_3_0/ARMTools/bin/../lib/gcc/arm-atollic-eabi/6.3.1/../../../../arm-atollic-eabi/lib/armv7e-m/fpu/libc_nano.a
LOAD /home/tard/dev_tools/Atollic_TrueSTUDIO_9_3_0/ARMTools/bin/../lib/gcc/arm-atollic-eabi/6.3.1/../../../../arm-atollic-eabi/lib/armv7e-m/fpu/libnosys.a
END GROUP
START GROUP
LOAD /home/tard/dev_tools/Atollic_TrueSTUDIO_9_3_0/ARMTools/bin/../lib/gcc/arm-atollic-eabi/6.3.1/armv7e-m/fpu/libgcc.a
LOAD /home/tard/dev_tools/Atollic_TrueSTUDIO_9_3_0/ARMTools/bin/../lib/gcc/arm-atollic-eabi/6.3.1/../../../../arm-atollic-eabi/lib/armv7e-m/fpu/libc_nano.a
LOAD /home/tard/dev_tools/Atollic_TrueSTUDIO_9_3_0/ARMTools/bin/../lib/gcc/arm-atollic-eabi/6.3.1/../../../../arm-atollic-eabi/lib/armv7e-m/fpu/libnosys.a
END GROUP
LOAD /home/tard/dev_tools/Atollic_TrueSTUDIO_9_3_0/ARMTools/bin/../lib/gcc/arm-atollic-eabi/6.3.1/armv7e-m/fpu/crtend.o
LOAD /home/tard/dev_tools/Atollic_TrueSTUDIO_9_3_0/ARMTools/bin/../lib/gcc/arm-atollic-eabi/6.3.1/armv7e-m/fpu/crtn.o
                0x0000000020020000                _estack = 0x20020000
                0x0000000000000000                _Min_Heap_Size = 0x0
                0x0000000000000400                _Min_Stack_Size = 0x400

.isr_vector     0x0000000008000000      0x188
                0x0000000008000000                . = ALIGN (0x4)
 *(.isr_vector)
 .isr_vector    0x0000000008000000      0x188 startup_stm32f405xx.o
                0x0000000008000000                g_pfnVectors
                0x0000000008000188                . = ALIGN (0x4)

.text           0x0000000008000188     0x1610
                0x0000000008000188                . = ALIGN (0x4)
 *(.text)
 .text          0x0000000008000188       0x40 /home/tard/dev_tools/Atollic_TrueSTUDIO_9_3_0/ARMTools/bin/../lib/gcc/arm-atollic-eabi/6.3.1/armv7e-m/fpu/crtbegin.o
 *(.text*)
 .text.CpuIrqDisable
                0x00000000080001c8        0x4 Source/ARMCM4_STM32F4/GCC/cpu_comp.o
                0x00000000080001c8                CpuIrqDisable
 .text.CpuIrqEnable
                0x00000000080001cc        0x4 Source/ARMCM4_STM32F4/GCC/cpu_comp.o
                0x00000000080001cc                CpuIrqEnable
 .text.CpuInit  0x00000000080001d0        0x4 Source/ARMCM4_STM32F4/cpu.o
                0x00000000080001d0                CpuInit
 .text.CpuStartUserProgram
                0x00000000080001d4       0x44 Source/ARMCM4_STM32F4/cpu.o
                0x00000000080001d4                CpuStartUserProgram
 .text.CpuMemCopy
                0x0000000008000218       0x1c Source/ARMCM4_STM32F4/cpu.o
                0x0000000008000218                CpuMemCopy
 .text.FlashGetSector
                0x0000000008000234       0x34 Source/ARMCM4_STM32F4/flash.o
 .text.FlashWriteBlock
                0x0000000008000268       0x4e Source/ARMCM4_STM32F4/flash.o
 *fill*         0x00000000080002b6        0x2 
 .text.FlashSwitchBlock
                0x00000000080002b8       0x50 Source/ARMCM4_STM32F4/flash.o
 .text.FlashAddToBlock
                0x0000000008000308       0x82 Source/ARMCM4_STM32F4/flash.o
 *fill*         0x000000000800038a        0x2 
 .text.FlashReinit
                0x000000000800038c       0x18 Source/ARMCM4_STM32F4/flash.o
                0x000000000800038c                FlashReinit
 .text.FlashInit
                0x00000000080003a4        0x4 Source/ARMCM4_STM32F4/flash.o
                0x00000000080003a4                FlashInit
 .text.FlashWrite
                0x00000000080003a8       0x5c Source/ARMCM4_STM32F4/flash.o
                0x00000000080003a8                FlashWrite
 .text.FlashErase
                0x0000000008000404       0x78 Source/ARMCM4_STM32F4/flash.o
                0x0000000008000404                FlashErase
 .text.FlashWriteChecksum
                0x000000000800047c       0x48 Source/ARMCM4_STM32F4/flash.o
                0x000000000800047c                FlashWriteChecksum
 .text.FlashVerifyChecksum
                0x00000000080004c4       0x58 Source/ARMCM4_STM32F4/flash.o
                0x00000000080004c4                FlashVerifyChecksum
 .text.FlashDone
                0x000000000800051c       0x34 Source/ARMCM4_STM32F4/flash.o
                0x000000000800051c                FlashDone
 .text.FlashGetUserProgBaseAddress
                0x0000000008000550        0x8 Source/ARMCM4_STM32F4/flash.o
                0x0000000008000550                FlashGetUserProgBaseAddress
 .text.NvmInit  0x0000000008000558        0xe Source/ARMCM4_STM32F4/nvm.o
                0x0000000008000558                NvmInit
 .text.NvmWrite
                0x0000000008000566       0x22 Source/ARMCM4_STM32F4/nvm.o
                0x0000000008000566                NvmWrite
 .text.NvmErase
                0x0000000008000588       0x1e Source/ARMCM4_STM32F4/nvm.o
                0x0000000008000588                NvmErase
 .text.NvmVerifyChecksum
                0x00000000080005a6        0x4 Source/ARMCM4_STM32F4/nvm.o
                0x00000000080005a6                NvmVerifyChecksum
 .text.NvmGetUserProgBaseAddress
                0x00000000080005aa        0x4 Source/ARMCM4_STM32F4/nvm.o
                0x00000000080005aa                NvmGetUserProgBaseAddress
 .text.NvmDone  0x00000000080005ae       0x1a Source/ARMCM4_STM32F4/nvm.o
                0x00000000080005ae                NvmDone
 .text.TimerInit
                0x00000000080005c8       0x24 Source/ARMCM4_STM32F4/timer.o
                0x00000000080005c8                TimerInit
 .text.TimerReset
                0x00000000080005ec        0xc Source/ARMCM4_STM32F4/timer.o
                0x00000000080005ec                TimerReset
 .text.TimerUpdate
                0x00000000080005f8       0x1c Source/ARMCM4_STM32F4/timer.o
                0x00000000080005f8                TimerUpdate
 .text.TimerGet
                0x0000000008000614       0x10 Source/ARMCM4_STM32F4/timer.o
                0x0000000008000614                TimerGet
 .text.HAL_GetTick
                0x0000000008000624       0x10 Source/ARMCM4_STM32F4/timer.o
                0x0000000008000624                HAL_GetTick
 .text.SysTick_Handler
                0x0000000008000634        0x2 Source/ARMCM4_STM32F4/timer.o
                0x0000000008000634                SysTick_Handler
 *fill*         0x0000000008000636        0x2 
 .text.UartTransmitByte
                0x0000000008000638       0x28 Source/ARMCM4_STM32F4/uart.o
 .text.UartInit
                0x0000000008000660       0x48 Source/ARMCM4_STM32F4/uart.o
                0x0000000008000660                UartInit
 .text.UartTransmitPacket
                0x00000000080006a8       0x38 Source/ARMCM4_STM32F4/uart.o
                0x00000000080006a8                UartTransmitPacket
 .text.UartReceivePacket
                0x00000000080006e0       0xb4 Source/ARMCM4_STM32F4/uart.o
                0x00000000080006e0                UartReceivePacket
 .text.AssertFailure
                0x0000000008000794        0x8 Source/assert.o
                0x0000000008000794                AssertFailure
 .text.BackDoorCheck
                0x000000000800079c       0x44 Source/backdoor.o
                0x000000000800079c                BackDoorCheck
 .text.BackDoorRestartTimer
                0x00000000080007e0       0x1c Source/backdoor.o
                0x00000000080007e0                BackDoorRestartTimer
 .text.BackDoorInit
                0x00000000080007fc       0x18 Source/backdoor.o
                0x00000000080007fc                BackDoorInit
 .text.BootInit
                0x0000000008000814       0x1e Source/boot.o
                0x0000000008000814                BootInit
 .text.BootTask
                0x0000000008000832       0x16 Source/boot.o
                0x0000000008000832                BootTask
 .text.ComInit  0x0000000008000848       0x18 Source/com.o
                0x0000000008000848                ComInit
 .text.ComTask  0x0000000008000860       0x30 Source/com.o
                0x0000000008000860                ComTask
 .text.ComFree  0x0000000008000890        0x2 Source/com.o
                0x0000000008000890                ComFree
 *fill*         0x0000000008000892        0x2 
 .text.ComTransmitPacket
                0x0000000008000894       0x1c Source/com.o
                0x0000000008000894                ComTransmitPacket
 .text.ComGetActiveInterfaceMaxTxLen
                0x00000000080008b0       0x1c Source/com.o
                0x00000000080008b0                ComGetActiveInterfaceMaxTxLen
 .text.ComGetActiveInterfaceMaxRxLen
                0x00000000080008cc        0x4 Source/com.o
                0x00000000080008cc                ComGetActiveInterfaceMaxRxLen
 .text.ComIsConnected
                0x00000000080008d0        0xe Source/com.o
                0x00000000080008d0                ComIsConnected
 .text.CopInit  0x00000000080008de        0x4 Source/cop.o
                0x00000000080008de                CopInit
 .text.CopService
                0x00000000080008e2        0x4 Source/cop.o
                0x00000000080008e2                CopService
 *fill*         0x00000000080008e6        0x2 
 .text.XcpSetCtoError
                0x00000000080008e8       0x14 Source/xcp.o
 .text.XcpInit  0x00000000080008fc       0x1c Source/xcp.o
                0x00000000080008fc                XcpInit
 .text.XcpIsConnected
                0x0000000008000918       0x10 Source/xcp.o
                0x0000000008000918                XcpIsConnected
 .text.XcpPacketTransmitted
                0x0000000008000928       0x10 Source/xcp.o
                0x0000000008000928                XcpPacketTransmitted
 .text.XcpPacketReceived
                0x0000000008000938      0x214 Source/xcp.o
                0x0000000008000938                XcpPacketReceived
 .text.CpuUserProgramStartHook
                0x0000000008000b4c       0x1c hooks.o
                0x0000000008000b4c                CpuUserProgramStartHook
 .text.CopInitHook
                0x0000000008000b68        0x6 hooks.o
                0x0000000008000b68                CopInitHook
 .text.CopServiceHook
                0x0000000008000b6e        0x4 hooks.o
                0x0000000008000b6e                CopServiceHook
 .text.NvmInitHook
                0x0000000008000b72        0x2 hooks.o
                0x0000000008000b72                NvmInitHook
 .text.NvmWriteHook
                0x0000000008000b74        0x4 hooks.o
                0x0000000008000b74                NvmWriteHook
 .text.NvmEraseHook
                0x0000000008000b78        0x4 hooks.o
                0x0000000008000b78                NvmEraseHook
 .text.NvmDoneHook
                0x0000000008000b7c        0x4 hooks.o
                0x0000000008000b7c                NvmDoneHook
 .text.LedBlinkInit
                0x0000000008000b80        0xc led.o
                0x0000000008000b80                LedBlinkInit
 .text.LedBlinkTask
                0x0000000008000b8c       0x48 led.o
                0x0000000008000b8c                LedBlinkTask
 .text.LedBlinkExit
                0x0000000008000bd4       0x10 led.o
                0x0000000008000bd4                LedBlinkExit
 .text.HAL_DeInit
                0x0000000008000be4       0x2c lib/STM32F4xx_HAL_Driver/Src/stm32f4xx_hal.o
                0x0000000008000be4                HAL_DeInit
 .text.HAL_InitTick
                0x0000000008000c10       0x48 lib/STM32F4xx_HAL_Driver/Src/stm32f4xx_hal.o
                0x0000000008000c10                HAL_InitTick
 .text.HAL_Init
                0x0000000008000c58       0x34 lib/STM32F4xx_HAL_Driver/Src/stm32f4xx_hal.o
                0x0000000008000c58                HAL_Init
 .text.HAL_NVIC_SetPriorityGrouping
                0x0000000008000c8c       0x24 lib/STM32F4xx_HAL_Driver/Src/stm32f4xx_hal_cortex.o
                0x0000000008000c8c                HAL_NVIC_SetPriorityGrouping
 .text.HAL_NVIC_SetPriority
                0x0000000008000cb0       0x68 lib/STM32F4xx_HAL_Driver/Src/stm32f4xx_hal_cortex.o
                0x0000000008000cb0                HAL_NVIC_SetPriority
 .text.HAL_SYSTICK_Config
                0x0000000008000d18       0x2c lib/STM32F4xx_HAL_Driver/Src/stm32f4xx_hal_cortex.o
                0x0000000008000d18                HAL_SYSTICK_Config
 .text.FLASH_Program_DoubleWord
                0x0000000008000d44       0x28 lib/STM32F4xx_HAL_Driver/Src/stm32f4xx_hal_flash.o
 .text.FLASH_Program_Word
                0x0000000008000d6c       0x24 lib/STM32F4xx_HAL_Driver/Src/stm32f4xx_hal_flash.o
 .text.FLASH_Program_HalfWord
                0x0000000008000d90       0x24 lib/STM32F4xx_HAL_Driver/Src/stm32f4xx_hal_flash.o
 .text.FLASH_SetErrorCode
                0x0000000008000db4       0x74 lib/STM32F4xx_HAL_Driver/Src/stm32f4xx_hal_flash.o
 .text.HAL_FLASH_Unlock
                0x0000000008000e28       0x24 lib/STM32F4xx_HAL_Driver/Src/stm32f4xx_hal_flash.o
                0x0000000008000e28                HAL_FLASH_Unlock
 .text.HAL_FLASH_Lock
                0x0000000008000e4c       0x14 lib/STM32F4xx_HAL_Driver/Src/stm32f4xx_hal_flash.o
                0x0000000008000e4c                HAL_FLASH_Lock
 .text.FLASH_WaitForLastOperation
                0x0000000008000e60       0x54 lib/STM32F4xx_HAL_Driver/Src/stm32f4xx_hal_flash.o
                0x0000000008000e60                FLASH_WaitForLastOperation
 .text.HAL_FLASH_Program
                0x0000000008000eb4       0x90 lib/STM32F4xx_HAL_Driver/Src/stm32f4xx_hal_flash.o
                0x0000000008000eb4                HAL_FLASH_Program
 .text.FLASH_MassErase.isra.0
                0x0000000008000f44       0x24 lib/STM32F4xx_HAL_Driver/Src/stm32f4xx_hal_flash_ex.o
 .text.FLASH_Erase_Sector
                0x0000000008000f68       0x4c lib/STM32F4xx_HAL_Driver/Src/stm32f4xx_hal_flash_ex.o
                0x0000000008000f68                FLASH_Erase_Sector
 .text.FLASH_FlushCaches
                0x0000000008000fb4       0x58 lib/STM32F4xx_HAL_Driver/Src/stm32f4xx_hal_flash_ex.o
                0x0000000008000fb4                FLASH_FlushCaches
 .text.HAL_FLASHEx_Erase
                0x000000000800100c       0x9c lib/STM32F4xx_HAL_Driver/Src/stm32f4xx_hal_flash_ex.o
                0x000000000800100c                HAL_FLASHEx_Erase
 .text.LL_AHB1_GRP1_ForceReset
                0x00000000080010a8       0x10 lib/STM32F4xx_HAL_Driver/Src/stm32f4xx_ll_gpio.o
 .text.LL_AHB1_GRP1_ReleaseReset
                0x00000000080010b8       0x10 lib/STM32F4xx_HAL_Driver/Src/stm32f4xx_ll_gpio.o
 .text.LL_GPIO_DeInit
                0x00000000080010c8       0xc4 lib/STM32F4xx_HAL_Driver/Src/stm32f4xx_ll_gpio.o
                0x00000000080010c8                LL_GPIO_DeInit
 .text.LL_GPIO_Init
                0x000000000800118c      0x144 lib/STM32F4xx_HAL_Driver/Src/stm32f4xx_ll_gpio.o
                0x000000000800118c                LL_GPIO_Init
 .text.RCC_GetHCLKClockFreq
                0x00000000080012d0       0x18 lib/STM32F4xx_HAL_Driver/Src/stm32f4xx_ll_rcc.o
                0x00000000080012d0                RCC_GetHCLKClockFreq
 .text.RCC_GetPCLK1ClockFreq
                0x00000000080012e8       0x18 lib/STM32F4xx_HAL_Driver/Src/stm32f4xx_ll_rcc.o
                0x00000000080012e8                RCC_GetPCLK1ClockFreq
 .text.RCC_GetPCLK2ClockFreq
                0x0000000008001300       0x18 lib/STM32F4xx_HAL_Driver/Src/stm32f4xx_ll_rcc.o
                0x0000000008001300                RCC_GetPCLK2ClockFreq
 .text.RCC_PLL_GetFreqDomain_SYS
                0x0000000008001318       0x4c lib/STM32F4xx_HAL_Driver/Src/stm32f4xx_ll_rcc.o
                0x0000000008001318                RCC_PLL_GetFreqDomain_SYS
 .text.RCC_GetSystemClockFreq
                0x0000000008001364       0x28 lib/STM32F4xx_HAL_Driver/Src/stm32f4xx_ll_rcc.o
                0x0000000008001364                RCC_GetSystemClockFreq
 .text.LL_RCC_GetSystemClocksFreq
                0x000000000800138c       0x20 lib/STM32F4xx_HAL_Driver/Src/stm32f4xx_ll_rcc.o
                0x000000000800138c                LL_RCC_GetSystemClocksFreq
 .text.LL_USART_Init
                0x00000000080013ac       0xf8 lib/STM32F4xx_HAL_Driver/Src/stm32f4xx_ll_usart.o
                0x00000000080013ac                LL_USART_Init
 .text.LL_SetSystemCoreClock
                0x00000000080014a4        0xc lib/STM32F4xx_HAL_Driver/Src/stm32f4xx_ll_utils.o
                0x00000000080014a4                LL_SetSystemCoreClock
 .text.SystemInit
                0x00000000080014b0       0x4c lib/system_stm32f4xx.o
                0x00000000080014b0                SystemInit
 .text.LL_AHB1_GRP1_EnableClock
                0x00000000080014fc       0x1c main.o
 .text.startup.main
                0x0000000008001518       0xcc main.o
                0x0000000008001518                main
 .text.HAL_MspInit
                0x00000000080015e4       0xa8 main.o
                0x00000000080015e4                HAL_MspInit
 .text.HAL_MspDeInit
                0x000000000800168c       0x58 main.o
                0x000000000800168c                HAL_MspDeInit
 .text.Reset_Handler
                0x00000000080016e4       0x50 startup_stm32f405xx.o
                0x00000000080016e4                Reset_Handler
 .text.Default_Handler
                0x0000000008001734        0x2 startup_stm32f405xx.o
                0x0000000008001734                RTC_Alarm_IRQHandler
                0x0000000008001734                HASH_RNG_IRQHandler
                0x0000000008001734                EXTI2_IRQHandler
                0x0000000008001734                TIM8_CC_IRQHandler
                0x0000000008001734                DebugMon_Handler
                0x0000000008001734                TIM1_CC_IRQHandler
                0x0000000008001734                DMA2_Stream5_IRQHandler
                0x0000000008001734                HardFault_Handler
                0x0000000008001734                DMA1_Stream5_IRQHandler
                0x0000000008001734                PVD_IRQHandler
                0x0000000008001734                SDIO_IRQHandler
                0x0000000008001734                TAMP_STAMP_IRQHandler
                0x0000000008001734                PendSV_Handler
                0x0000000008001734                NMI_Handler
                0x0000000008001734                CAN2_RX1_IRQHandler
                0x0000000008001734                EXTI3_IRQHandler
                0x0000000008001734                TIM8_TRG_COM_TIM14_IRQHandler
                0x0000000008001734                TIM1_UP_TIM10_IRQHandler
                0x0000000008001734                TIM8_UP_TIM13_IRQHandler
                0x0000000008001734                I2C3_ER_IRQHandler
                0x0000000008001734                EXTI0_IRQHandler
                0x0000000008001734                I2C2_EV_IRQHandler
                0x0000000008001734                DMA1_Stream2_IRQHandler
                0x0000000008001734                CAN1_RX0_IRQHandler
                0x0000000008001734                FPU_IRQHandler
                0x0000000008001734                OTG_HS_WKUP_IRQHandler
                0x0000000008001734                UsageFault_Handler
                0x0000000008001734                CAN2_SCE_IRQHandler
                0x0000000008001734                DMA2_Stream2_IRQHandler
                0x0000000008001734                SPI1_IRQHandler
                0x0000000008001734                TIM6_DAC_IRQHandler
                0x0000000008001734                TIM1_BRK_TIM9_IRQHandler
                0x0000000008001734                CAN2_RX0_IRQHandler
                0x0000000008001734                DMA2_Stream3_IRQHandler
                0x0000000008001734                USART6_IRQHandler
                0x0000000008001734                USART3_IRQHandler
                0x0000000008001734                CAN1_RX1_IRQHandler
                0x0000000008001734                UART5_IRQHandler
                0x0000000008001734                DMA2_Stream0_IRQHandler
                0x0000000008001734                TIM4_IRQHandler
                0x0000000008001734                I2C1_EV_IRQHandler
                0x0000000008001734                DMA1_Stream6_IRQHandler
                0x0000000008001734                DMA1_Stream1_IRQHandler
                0x0000000008001734                UART4_IRQHandler
                0x0000000008001734                TIM3_IRQHandler
                0x0000000008001734                RCC_IRQHandler
                0x0000000008001734                TIM8_BRK_TIM12_IRQHandler
                0x0000000008001734                Default_Handler
                0x0000000008001734                EXTI15_10_IRQHandler
                0x0000000008001734                ADC_IRQHandler
                0x0000000008001734                DMA1_Stream7_IRQHandler
                0x0000000008001734                TIM7_IRQHandler
                0x0000000008001734                CAN2_TX_IRQHandler
                0x0000000008001734                TIM5_IRQHandler
                0x0000000008001734                DMA2_Stream7_IRQHandler
                0x0000000008001734                I2C3_EV_IRQHandler
                0x0000000008001734                EXTI9_5_IRQHandler
                0x0000000008001734                RTC_WKUP_IRQHandler
                0x0000000008001734                SPI2_IRQHandler
                0x0000000008001734                OTG_HS_EP1_IN_IRQHandler
                0x0000000008001734                MemManage_Handler
                0x0000000008001734                DMA1_Stream0_IRQHandler
                0x0000000008001734                CAN1_TX_IRQHandler
                0x0000000008001734                SVC_Handler
                0x0000000008001734                EXTI4_IRQHandler
                0x0000000008001734                FSMC_IRQHandler
                0x0000000008001734                OTG_HS_EP1_OUT_IRQHandler
                0x0000000008001734                WWDG_IRQHandler
                0x0000000008001734                TIM2_IRQHandler
                0x0000000008001734                OTG_FS_WKUP_IRQHandler
                0x0000000008001734                TIM1_TRG_COM_TIM11_IRQHandler
                0x0000000008001734                OTG_HS_IRQHandler
                0x0000000008001734                EXTI1_IRQHandler
                0x0000000008001734                USART2_IRQHandler
                0x0000000008001734                I2C2_ER_IRQHandler
                0x0000000008001734                DMA2_Stream1_IRQHandler
                0x0000000008001734                CAN1_SCE_IRQHandler
                0x0000000008001734                FLASH_IRQHandler
                0x0000000008001734                DMA2_Stream4_IRQHandler
                0x0000000008001734                BusFault_Handler
                0x0000000008001734                USART1_IRQHandler
                0x0000000008001734                OTG_FS_IRQHandler
                0x0000000008001734                SPI3_IRQHandler
                0x0000000008001734                DMA1_Stream4_IRQHandler
                0x0000000008001734                I2C1_ER_IRQHandler
                0x0000000008001734                DMA2_Stream6_IRQHandler
                0x0000000008001734                DMA1_Stream3_IRQHandler
 *fill*         0x0000000008001736        0x2 
 .text.__libc_init_array
                0x0000000008001738       0x48 /home/tard/dev_tools/Atollic_TrueSTUDIO_9_3_0/ARMTools/bin/../lib/gcc/arm-atollic-eabi/6.3.1/../../../../arm-atollic-eabi/lib/armv7e-m/fpu/libc_nano.a(lib_a-init.o)
                0x0000000008001738                __libc_init_array
 *(.glue_7)
 .glue_7        0x0000000008001780        0x0 linker stubs
 *(.glue_7t)
 .glue_7t       0x0000000008001780        0x0 linker stubs
 *(.eh_frame)
 .eh_frame      0x0000000008001780        0x0 /home/tard/dev_tools/Atollic_TrueSTUDIO_9_3_0/ARMTools/bin/../lib/gcc/arm-atollic-eabi/6.3.1/armv7e-m/fpu/crtbegin.o
 *(.init)
 .init          0x0000000008001780        0x4 /home/tard/dev_tools/Atollic_TrueSTUDIO_9_3_0/ARMTools/bin/../lib/gcc/arm-atollic-eabi/6.3.1/armv7e-m/fpu/crti.o
                0x0000000008001780                _init
 .init          0x0000000008001784        0x8 /home/tard/dev_tools/Atollic_TrueSTUDIO_9_3_0/ARMTools/bin/../lib/gcc/arm-atollic-eabi/6.3.1/armv7e-m/fpu/crtn.o
 *(.fini)
 .fini          0x000000000800178c        0x4 /home/tard/dev_tools/Atollic_TrueSTUDIO_9_3_0/ARMTools/bin/../lib/gcc/arm-atollic-eabi/6.3.1/armv7e-m/fpu/crti.o
                0x000000000800178c                _fini
 .fini          0x0000000008001790        0x8 /home/tard/dev_tools/Atollic_TrueSTUDIO_9_3_0/ARMTools/bin/../lib/gcc/arm-atollic-eabi/6.3.1/armv7e-m/fpu/crtn.o
                0x0000000008001798                . = ALIGN (0x4)
                0x0000000008001798                _etext = .

.vfp11_veneer   0x0000000008001798        0x0
 .vfp11_veneer  0x0000000008001798        0x0 linker stubs

.v4_bx          0x0000000008001798        0x0
 .v4_bx         0x0000000008001798        0x0 linker stubs

.iplt           0x0000000008001798        0x0
 .iplt          0x0000000008001798        0x0 /home/tard/dev_tools/Atollic_TrueSTUDIO_9_3_0/ARMTools/bin/../lib/gcc/arm-atollic-eabi/6.3.1/armv7e-m/fpu/crtbegin.o

.rodata         0x0000000008001798       0xc8
                0x0000000008001798                . = ALIGN (0x4)
 *(.rodata)
 *(.rodata*)
 .rodata.flashLayout
                0x0000000008001798       0x78 Source/ARMCM4_STM32F4/flash.o
 .rodata.UartTransmitPacket.str1.1
                0x0000000008001810       0x20 Source/ARMCM4_STM32F4/uart.o
 .rodata.CSWTCH.11
                0x0000000008001830        0x3 Source/com.o
 .rodata.xcpStationId
                0x0000000008001833        0x8 Source/xcp.o
 .rodata.AHBPrescTable
                0x000000000800183b       0x10 lib/system_stm32f4xx.o
                0x000000000800183b                AHBPrescTable
 .rodata.APBPrescTable
                0x000000000800184b        0x8 lib/system_stm32f4xx.o
                0x000000000800184b                APBPrescTable
 .rodata.main.str1.1
                0x0000000008001853        0xa main.o
                0x0000000008001860                . = ALIGN (0x4)
 *fill*         0x000000000800185d        0x3 

.rel.dyn        0x0000000008001860        0x0
 .rel.iplt      0x0000000008001860        0x0 /home/tard/dev_tools/Atollic_TrueSTUDIO_9_3_0/ARMTools/bin/../lib/gcc/arm-atollic-eabi/6.3.1/armv7e-m/fpu/crtbegin.o

.ARM.extab
 *(.ARM.extab* .gnu.linkonce.armextab.*)

.ARM            0x0000000008001860        0x0
                0x0000000008001860                __exidx_start = .
 *(.ARM.exidx*)
                0x0000000008001860                __exidx_end = .

.preinit_array  0x0000000008001860        0x0
                0x0000000008001860                PROVIDE (__preinit_array_start, .)
 *(.preinit_array*)
                0x0000000008001860                PROVIDE (__preinit_array_end, .)

.init_array     0x0000000008001860        0x4
                0x0000000008001860                PROVIDE (__init_array_start, .)
 *(SORT(.init_array.*))
 *(.init_array*)
 .init_array    0x0000000008001860        0x4 /home/tard/dev_tools/Atollic_TrueSTUDIO_9_3_0/ARMTools/bin/../lib/gcc/arm-atollic-eabi/6.3.1/armv7e-m/fpu/crtbegin.o
                0x0000000008001864                PROVIDE (__init_array_end, .)

.fini_array     0x0000000008001864        0x4
                [!provide]                        PROVIDE (__fini_array_start, .)
 *(SORT(.fini_array.*))
 *(.fini_array*)
 .fini_array    0x0000000008001864        0x4 /home/tard/dev_tools/Atollic_TrueSTUDIO_9_3_0/ARMTools/bin/../lib/gcc/arm-atollic-eabi/6.3.1/armv7e-m/fpu/crtbegin.o
                [!provide]                        PROVIDE (__fini_array_end, .)
                0x0000000008001868                _sidata = LOADADDR (.data)

.data           0x0000000020000000        0xc load address 0x0000000008001868
                0x0000000020000000                . = ALIGN (0x4)
                0x0000000020000000                _sdata = .
 *(.data)
 *(.data*)
 .data.comActiveInterface
                0x0000000020000000        0x1 Source/com.o
 .data.uwTickFreq
                0x0000000020000001        0x1 lib/STM32F4xx_HAL_Driver/Src/stm32f4xx_hal.o
                0x0000000020000001                uwTickFreq
 *fill*         0x0000000020000002        0x2 
 .data.uwTickPrio
                0x0000000020000004        0x4 lib/STM32F4xx_HAL_Driver/Src/stm32f4xx_hal.o
                0x0000000020000004                uwTickPrio
 .data.SystemCoreClock
                0x0000000020000008        0x4 lib/system_stm32f4xx.o
                0x0000000020000008                SystemCoreClock
                0x000000002000000c                . = ALIGN (0x4)
                0x000000002000000c                _edata = .
                0x0000000008001874                _siccmram = LOADADDR (.ccmram)

.igot.plt       0x000000002000000c        0x0 load address 0x0000000008001874
 .igot.plt      0x000000002000000c        0x0 /home/tard/dev_tools/Atollic_TrueSTUDIO_9_3_0/ARMTools/bin/../lib/gcc/arm-atollic-eabi/6.3.1/armv7e-m/fpu/crtbegin.o

.ccmram         0x0000000010000000        0x0 load address 0x0000000008001874
                0x0000000010000000                . = ALIGN (0x4)
                0x0000000010000000                _sccmram = .
 *(.ccmram)
 *(.ccmram*)
                0x0000000010000000                . = ALIGN (0x4)
                0x0000000010000000                _eccmram = .
                0x0000000010000000                . = ALIGN (0x4)

.bss            0x000000002000000c      0x534
                0x000000002000000c                _sbss = .
                0x000000002000000c                __bss_start__ = _sbss
 *(.bss)
 .bss           0x000000002000000c       0x1c /home/tard/dev_tools/Atollic_TrueSTUDIO_9_3_0/ARMTools/bin/../lib/gcc/arm-atollic-eabi/6.3.1/armv7e-m/fpu/crtbegin.o
 *(.bss*)
 .bss.blockInfo
                0x0000000020000028      0x204 Source/ARMCM4_STM32F4/flash.o
 .bss.bootBlockInfo
                0x000000002000022c      0x204 Source/ARMCM4_STM32F4/flash.o
 .bss.millisecond_counter
                0x0000000020000430        0x4 Source/ARMCM4_STM32F4/timer.o
 .bss.prog_max_cmd_received
                0x0000000020000434        0x4 Source/ARMCM4_STM32F4/uart.o
                0x0000000020000434                prog_max_cmd_received
 .bss.xcpCtoReqPacket.9174
                0x0000000020000438       0x41 Source/ARMCM4_STM32F4/uart.o
 .bss.xcpCtoRxInProgress
                0x0000000020000479        0x1 Source/ARMCM4_STM32F4/uart.o
 .bss.xcpCtoRxLength.9175
                0x000000002000047a        0x1 Source/ARMCM4_STM32F4/uart.o
 *fill*         0x000000002000047b        0x1 
 .bss.xcpCtoRxStartTime.9176
                0x000000002000047c        0x4 Source/ARMCM4_STM32F4/uart.o
 .bss.backdoorExtensionTime
                0x0000000020000480        0x4 Source/backdoor.o
 .bss.backdoorOpen
                0x0000000020000484        0x1 Source/backdoor.o
 *fill*         0x0000000020000485        0x3 
 .bss.backdoorOpenTime
                0x0000000020000488        0x4 Source/backdoor.o
 .bss.xcpCtoReqPacket.8701
                0x000000002000048c       0x40 Source/com.o
 .bss.xcpInfo   0x00000000200004cc       0x4c Source/xcp.o
 .bss.ledBlinkIntervalMs
                0x0000000020000518        0x2 led.o
 .bss.ledOn.8698
                0x000000002000051a        0x1 led.o
 *fill*         0x000000002000051b        0x1 
 .bss.nextBlinkEvent.8699
                0x000000002000051c        0x4 led.o
 *(COMMON)
 COMMON         0x0000000020000520       0x20 lib/STM32F4xx_HAL_Driver/Src/stm32f4xx_hal_flash.o
                0x0000000020000520                pFlash
                0x0000000020000540                . = ALIGN (0x4)
                0x0000000020000540                _ebss = .
                0x0000000020000540                __bss_end__ = _ebss

._user_heap_stack
                0x0000000020000540      0x400
                0x0000000020000540                . = ALIGN (0x4)
                [!provide]                        PROVIDE (end, .)
                [!provide]                        PROVIDE (_end, .)
                0x0000000020000540                . = (. + _Min_Heap_Size)
                0x0000000020000940                . = (. + _Min_Stack_Size)
 *fill*         0x0000000020000540      0x400 
                0x0000000020000940                . = ALIGN (0x4)

.memory_b1_text
 *(.mb1text)
 *(.mb1text*)
 *(.mb1rodata)
 *(.mb1rodata*)

/DISCARD/
 libc.a(*)
 libm.a(*)
 libgcc.a(*)

.ARM.attributes
                0x0000000000000000       0x30
 *(.ARM.attributes)
 .ARM.attributes
                0x0000000000000000       0x22 /home/tard/dev_tools/Atollic_TrueSTUDIO_9_3_0/ARMTools/bin/../lib/gcc/arm-atollic-eabi/6.3.1/armv7e-m/fpu/crti.o
 .ARM.attributes
                0x0000000000000022       0x34 /home/tard/dev_tools/Atollic_TrueSTUDIO_9_3_0/ARMTools/bin/../lib/gcc/arm-atollic-eabi/6.3.1/armv7e-m/fpu/crtbegin.o
 .ARM.attributes
                0x0000000000000056       0x39 Source/ARMCM4_STM32F4/GCC/cpu_comp.o
 .ARM.attributes
                0x000000000000008f       0x39 Source/ARMCM4_STM32F4/cpu.o
 .ARM.attributes
                0x00000000000000c8       0x39 Source/ARMCM4_STM32F4/flash.o
 .ARM.attributes
                0x0000000000000101       0x39 Source/ARMCM4_STM32F4/nvm.o
 .ARM.attributes
                0x000000000000013a       0x39 Source/ARMCM4_STM32F4/timer.o
 .ARM.attributes
                0x0000000000000173       0x39 Source/ARMCM4_STM32F4/uart.o
 .ARM.attributes
                0x00000000000001ac       0x39 Source/assert.o
 .ARM.attributes
                0x00000000000001e5       0x39 Source/backdoor.o
 .ARM.attributes
                0x000000000000021e       0x39 Source/boot.o
 .ARM.attributes
                0x0000000000000257       0x39 Source/com.o
 .ARM.attributes
                0x0000000000000290       0x39 Source/cop.o
 .ARM.attributes
                0x00000000000002c9       0x39 Source/xcp.o
 .ARM.attributes
                0x0000000000000302       0x39 hooks.o
 .ARM.attributes
                0x000000000000033b       0x39 led.o
 .ARM.attributes
                0x0000000000000374       0x39 lib/STM32F4xx_HAL_Driver/Src/stm32f4xx_hal.o
 .ARM.attributes
                0x00000000000003ad       0x39 lib/STM32F4xx_HAL_Driver/Src/stm32f4xx_hal_cortex.o
 .ARM.attributes
                0x00000000000003e6       0x39 lib/STM32F4xx_HAL_Driver/Src/stm32f4xx_hal_flash.o
 .ARM.attributes
                0x000000000000041f       0x39 lib/STM32F4xx_HAL_Driver/Src/stm32f4xx_hal_flash_ex.o
 .ARM.attributes
                0x0000000000000458       0x39 lib/STM32F4xx_HAL_Driver/Src/stm32f4xx_ll_gpio.o
 .ARM.attributes
                0x0000000000000491       0x39 lib/STM32F4xx_HAL_Driver/Src/stm32f4xx_ll_rcc.o
 .ARM.attributes
                0x00000000000004ca       0x39 lib/STM32F4xx_HAL_Driver/Src/stm32f4xx_ll_usart.o
 .ARM.attributes
                0x0000000000000503       0x39 lib/STM32F4xx_HAL_Driver/Src/stm32f4xx_ll_utils.o
 .ARM.attributes
                0x000000000000053c       0x39 lib/system_stm32f4xx.o
 .ARM.attributes
                0x0000000000000575       0x39 main.o
 .ARM.attributes
                0x00000000000005ae       0x21 startup_stm32f405xx.o
 .ARM.attributes
                0x00000000000005cf       0x34 /home/tard/dev_tools/Atollic_TrueSTUDIO_9_3_0/ARMTools/bin/../lib/gcc/arm-atollic-eabi/6.3.1/../../../../arm-atollic-eabi/lib/armv7e-m/fpu/libc_nano.a(lib_a-init.o)
 .ARM.attributes
                0x0000000000000603       0x22 /home/tard/dev_tools/Atollic_TrueSTUDIO_9_3_0/ARMTools/bin/../lib/gcc/arm-atollic-eabi/6.3.1/armv7e-m/fpu/crtn.o
OUTPUT(openblt_micromouse2019.elf elf32-littlearm)

.debug_info     0x0000000000000000    0x11b43
 .debug_info    0x0000000000000000       0x80 Source/ARMCM4_STM32F4/GCC/cpu_comp.o
 .debug_info    0x0000000000000080      0xcbc Source/ARMCM4_STM32F4/cpu.o
 .debug_info    0x0000000000000d3c     0x10e6 Source/ARMCM4_STM32F4/flash.o
 .debug_info    0x0000000000001e22      0x2f8 Source/ARMCM4_STM32F4/nvm.o
 .debug_info    0x000000000000211a      0xa5b Source/ARMCM4_STM32F4/timer.o
 .debug_info    0x0000000000002b75      0xf60 Source/ARMCM4_STM32F4/uart.o
 .debug_info    0x0000000000003ad5       0xc2 Source/assert.o
 .debug_info    0x0000000000003b97      0x184 Source/backdoor.o
 .debug_info    0x0000000000003d1b      0x152 Source/boot.o
 .debug_info    0x0000000000003e6d      0xb6c Source/com.o
 .debug_info    0x00000000000049d9       0xb2 Source/cop.o
 .debug_info    0x0000000000004a8b      0x7ed Source/xcp.o
 .debug_info    0x0000000000005278      0xb91 hooks.o
 .debug_info    0x0000000000005e09      0xb51 led.o
 .debug_info    0x000000000000695a     0x11da lib/STM32F4xx_HAL_Driver/Src/stm32f4xx_hal.o
 .debug_info    0x0000000000007b34     0x1732 lib/STM32F4xx_HAL_Driver/Src/stm32f4xx_hal_cortex.o
 .debug_info    0x0000000000009266      0xf5b lib/STM32F4xx_HAL_Driver/Src/stm32f4xx_hal_flash.o
 .debug_info    0x000000000000a1c1     0x10a1 lib/STM32F4xx_HAL_Driver/Src/stm32f4xx_hal_flash_ex.o
 .debug_info    0x000000000000b262     0x1229 lib/STM32F4xx_HAL_Driver/Src/stm32f4xx_ll_gpio.o
 .debug_info    0x000000000000c48b     0x1107 lib/STM32F4xx_HAL_Driver/Src/stm32f4xx_ll_rcc.o
 .debug_info    0x000000000000d592     0x113c lib/STM32F4xx_HAL_Driver/Src/stm32f4xx_ll_usart.o
 .debug_info    0x000000000000e6ce     0x13cc lib/STM32F4xx_HAL_Driver/Src/stm32f4xx_ll_utils.o
 .debug_info    0x000000000000fa9a      0xd1c lib/system_stm32f4xx.o
 .debug_info    0x00000000000107b6     0x130b main.o
 .debug_info    0x0000000000011ac1       0x82 startup_stm32f405xx.o

.debug_abbrev   0x0000000000000000     0x367e
 .debug_abbrev  0x0000000000000000       0x42 Source/ARMCM4_STM32F4/GCC/cpu_comp.o
 .debug_abbrev  0x0000000000000042      0x204 Source/ARMCM4_STM32F4/cpu.o
 .debug_abbrev  0x0000000000000246      0x37c Source/ARMCM4_STM32F4/flash.o
 .debug_abbrev  0x00000000000005c2       0xf4 Source/ARMCM4_STM32F4/nvm.o
 .debug_abbrev  0x00000000000006b6      0x237 Source/ARMCM4_STM32F4/timer.o
 .debug_abbrev  0x00000000000008ed      0x2f5 Source/ARMCM4_STM32F4/uart.o
 .debug_abbrev  0x0000000000000be2       0x85 Source/assert.o
 .debug_abbrev  0x0000000000000c67       0xd6 Source/backdoor.o
 .debug_abbrev  0x0000000000000d3d       0x6e Source/boot.o
 .debug_abbrev  0x0000000000000dab      0x28c Source/com.o
 .debug_abbrev  0x0000000000001037       0x63 Source/cop.o
 .debug_abbrev  0x000000000000109a      0x263 Source/xcp.o
 .debug_abbrev  0x00000000000012fd      0x298 hooks.o
 .debug_abbrev  0x0000000000001595      0x22b led.o
 .debug_abbrev  0x00000000000017c0      0x308 lib/STM32F4xx_HAL_Driver/Src/stm32f4xx_hal.o
 .debug_abbrev  0x0000000000001ac8      0x399 lib/STM32F4xx_HAL_Driver/Src/stm32f4xx_hal_cortex.o
 .debug_abbrev  0x0000000000001e61      0x372 lib/STM32F4xx_HAL_Driver/Src/stm32f4xx_hal_flash.o
 .debug_abbrev  0x00000000000021d3      0x365 lib/STM32F4xx_HAL_Driver/Src/stm32f4xx_hal_flash_ex.o
 .debug_abbrev  0x0000000000002538      0x303 lib/STM32F4xx_HAL_Driver/Src/stm32f4xx_ll_gpio.o
 .debug_abbrev  0x000000000000283b      0x33c lib/STM32F4xx_HAL_Driver/Src/stm32f4xx_ll_rcc.o
 .debug_abbrev  0x0000000000002b77      0x2f5 lib/STM32F4xx_HAL_Driver/Src/stm32f4xx_ll_usart.o
 .debug_abbrev  0x0000000000002e6c      0x33f lib/STM32F4xx_HAL_Driver/Src/stm32f4xx_ll_utils.o
 .debug_abbrev  0x00000000000031ab      0x1ca lib/system_stm32f4xx.o
 .debug_abbrev  0x0000000000003375      0x2f7 main.o
 .debug_abbrev  0x000000000000366c       0x12 startup_stm32f405xx.o

.debug_aranges  0x0000000000000000      0x790
 .debug_aranges
                0x0000000000000000       0x28 Source/ARMCM4_STM32F4/GCC/cpu_comp.o
 .debug_aranges
                0x0000000000000028       0x38 Source/ARMCM4_STM32F4/cpu.o
 .debug_aranges
                0x0000000000000060       0x70 Source/ARMCM4_STM32F4/flash.o
 .debug_aranges
                0x00000000000000d0       0x50 Source/ARMCM4_STM32F4/nvm.o
 .debug_aranges
                0x0000000000000120       0x48 Source/ARMCM4_STM32F4/timer.o
 .debug_aranges
                0x0000000000000168       0x38 Source/ARMCM4_STM32F4/uart.o
 .debug_aranges
                0x00000000000001a0       0x20 Source/assert.o
 .debug_aranges
                0x00000000000001c0       0x40 Source/backdoor.o
 .debug_aranges
                0x0000000000000200       0x28 Source/boot.o
 .debug_aranges
                0x0000000000000228       0x48 Source/com.o
 .debug_aranges
                0x0000000000000270       0x28 Source/cop.o
 .debug_aranges
                0x0000000000000298       0x40 Source/xcp.o
 .debug_aranges
                0x00000000000002d8       0x50 hooks.o
 .debug_aranges
                0x0000000000000328       0x30 led.o
 .debug_aranges
                0x0000000000000358       0xd8 lib/STM32F4xx_HAL_Driver/Src/stm32f4xx_hal.o
 .debug_aranges
                0x0000000000000430       0xa8 lib/STM32F4xx_HAL_Driver/Src/stm32f4xx_hal_cortex.o
 .debug_aranges
                0x00000000000004d8       0x90 lib/STM32F4xx_HAL_Driver/Src/stm32f4xx_hal_flash.o
 .debug_aranges
                0x0000000000000568       0x50 lib/STM32F4xx_HAL_Driver/Src/stm32f4xx_hal_flash_ex.o
 .debug_aranges
                0x00000000000005b8       0x40 lib/STM32F4xx_HAL_Driver/Src/stm32f4xx_ll_gpio.o
 .debug_aranges
                0x00000000000005f8       0x78 lib/STM32F4xx_HAL_Driver/Src/stm32f4xx_ll_rcc.o
 .debug_aranges
                0x0000000000000670       0x40 lib/STM32F4xx_HAL_Driver/Src/stm32f4xx_ll_usart.o
 .debug_aranges
                0x00000000000006b0       0x58 lib/STM32F4xx_HAL_Driver/Src/stm32f4xx_ll_utils.o
 .debug_aranges
                0x0000000000000708       0x28 lib/system_stm32f4xx.o
 .debug_aranges
                0x0000000000000730       0x38 main.o
 .debug_aranges
                0x0000000000000768       0x28 startup_stm32f405xx.o

.debug_ranges   0x0000000000000000      0xbc8
 .debug_ranges  0x0000000000000000       0x18 Source/ARMCM4_STM32F4/GCC/cpu_comp.o
 .debug_ranges  0x0000000000000018       0x28 Source/ARMCM4_STM32F4/cpu.o
 .debug_ranges  0x0000000000000040       0x60 Source/ARMCM4_STM32F4/flash.o
 .debug_ranges  0x00000000000000a0       0x40 Source/ARMCM4_STM32F4/nvm.o
 .debug_ranges  0x00000000000000e0       0x50 Source/ARMCM4_STM32F4/timer.o
 .debug_ranges  0x0000000000000130       0xb0 Source/ARMCM4_STM32F4/uart.o
 .debug_ranges  0x00000000000001e0       0x10 Source/assert.o
 .debug_ranges  0x00000000000001f0       0x30 Source/backdoor.o
 .debug_ranges  0x0000000000000220       0x18 Source/boot.o
 .debug_ranges  0x0000000000000238       0x38 Source/com.o
 .debug_ranges  0x0000000000000270       0x18 Source/cop.o
 .debug_ranges  0x0000000000000288      0x138 Source/xcp.o
 .debug_ranges  0x00000000000003c0       0x40 hooks.o
 .debug_ranges  0x0000000000000400       0x38 led.o
 .debug_ranges  0x0000000000000438       0xc8 lib/STM32F4xx_HAL_Driver/Src/stm32f4xx_hal.o
 .debug_ranges  0x0000000000000500      0x138 lib/STM32F4xx_HAL_Driver/Src/stm32f4xx_hal_cortex.o
 .debug_ranges  0x0000000000000638       0xb0 lib/STM32F4xx_HAL_Driver/Src/stm32f4xx_hal_flash.o
 .debug_ranges  0x00000000000006e8       0xd8 lib/STM32F4xx_HAL_Driver/Src/stm32f4xx_hal_flash_ex.o
 .debug_ranges  0x00000000000007c0       0x78 lib/STM32F4xx_HAL_Driver/Src/stm32f4xx_ll_gpio.o
 .debug_ranges  0x0000000000000838      0x1a0 lib/STM32F4xx_HAL_Driver/Src/stm32f4xx_ll_rcc.o
 .debug_ranges  0x00000000000009d8       0x78 lib/STM32F4xx_HAL_Driver/Src/stm32f4xx_ll_usart.o
 .debug_ranges  0x0000000000000a50       0x90 lib/STM32F4xx_HAL_Driver/Src/stm32f4xx_ll_utils.o
 .debug_ranges  0x0000000000000ae0       0x18 lib/system_stm32f4xx.o
 .debug_ranges  0x0000000000000af8       0xb0 main.o
 .debug_ranges  0x0000000000000ba8       0x20 startup_stm32f405xx.o

.debug_line     0x0000000000000000     0x44fc
 .debug_line    0x0000000000000000       0x68 Source/ARMCM4_STM32F4/GCC/cpu_comp.o
 .debug_line    0x0000000000000068      0x2d0 Source/ARMCM4_STM32F4/cpu.o
 .debug_line    0x0000000000000338      0x441 Source/ARMCM4_STM32F4/flash.o
 .debug_line    0x0000000000000779       0xeb Source/ARMCM4_STM32F4/nvm.o
 .debug_line    0x0000000000000864      0x280 Source/ARMCM4_STM32F4/timer.o
 .debug_line    0x0000000000000ae4      0x3bb Source/ARMCM4_STM32F4/uart.o
 .debug_line    0x0000000000000e9f       0x74 Source/assert.o
 .debug_line    0x0000000000000f13       0xda Source/backdoor.o
 .debug_line    0x0000000000000fed       0x99 Source/boot.o
 .debug_line    0x0000000000001086      0x2aa Source/com.o
 .debug_line    0x0000000000001330       0x50 Source/cop.o
 .debug_line    0x0000000000001380      0x1c2 Source/xcp.o
 .debug_line    0x0000000000001542      0x2e3 hooks.o
 .debug_line    0x0000000000001825      0x2b2 led.o
 .debug_line    0x0000000000001ad7      0x45e lib/STM32F4xx_HAL_Driver/Src/stm32f4xx_hal.o
 .debug_line    0x0000000000001f35      0x4a8 lib/STM32F4xx_HAL_Driver/Src/stm32f4xx_hal_cortex.o
 .debug_line    0x00000000000023dd      0x4ac lib/STM32F4xx_HAL_Driver/Src/stm32f4xx_hal_flash.o
 .debug_line    0x0000000000002889      0x462 lib/STM32F4xx_HAL_Driver/Src/stm32f4xx_hal_flash_ex.o
 .debug_line    0x0000000000002ceb      0x3f7 lib/STM32F4xx_HAL_Driver/Src/stm32f4xx_ll_gpio.o
 .debug_line    0x00000000000030e2      0x4e1 lib/STM32F4xx_HAL_Driver/Src/stm32f4xx_ll_rcc.o
 .debug_line    0x00000000000035c3      0x3ca lib/STM32F4xx_HAL_Driver/Src/stm32f4xx_ll_usart.o
 .debug_line    0x000000000000398d      0x4a8 lib/STM32F4xx_HAL_Driver/Src/stm32f4xx_ll_utils.o
 .debug_line    0x0000000000003e35      0x249 lib/system_stm32f4xx.o
 .debug_line    0x000000000000407e      0x407 main.o
 .debug_line    0x0000000000004485       0x77 startup_stm32f405xx.o

.debug_str      0x0000000000000000     0x2f07
 .debug_str     0x0000000000000000      0x17a Source/ARMCM4_STM32F4/GCC/cpu_comp.o
                                        0x1aa (size before relaxing)
 .debug_str     0x000000000000017a      0x5ba Source/ARMCM4_STM32F4/cpu.o
                                        0x7b8 (size before relaxing)
 .debug_str     0x0000000000000734      0x2a5 Source/ARMCM4_STM32F4/flash.o
                                        0x932 (size before relaxing)
 .debug_str     0x00000000000009d9       0x8b Source/ARMCM4_STM32F4/nvm.o
                                        0x2cf (size before relaxing)
 .debug_str     0x0000000000000a64       0x8d Source/ARMCM4_STM32F4/timer.o
                                        0x6da (size before relaxing)
 .debug_str     0x0000000000000af1      0x24c Source/ARMCM4_STM32F4/uart.o
                                        0x8df (size before relaxing)
 .debug_str     0x0000000000000d3d       0x21 Source/assert.o
                                        0x1b1 (size before relaxing)
 .debug_str     0x0000000000000d5e       0xbf Source/backdoor.o
                                        0x257 (size before relaxing)
 .debug_str     0x0000000000000e1d       0x3b Source/boot.o
                                        0x1ee (size before relaxing)
 .debug_str     0x0000000000000e58      0x106 Source/com.o
                                        0x7cc (size before relaxing)
 .debug_str     0x0000000000000f5e       0x2b Source/cop.o
                                        0x1a5 (size before relaxing)
 .debug_str     0x0000000000000f89      0x1d2 Source/xcp.o
                                        0x462 (size before relaxing)
 .debug_str     0x000000000000115b       0x48 hooks.o
                                        0x763 (size before relaxing)
 .debug_str     0x00000000000011a3       0x54 led.o
                                        0x72f (size before relaxing)
 .debug_str     0x00000000000011f7      0x8f0 lib/STM32F4xx_HAL_Driver/Src/stm32f4xx_hal.o
                                        0xfa7 (size before relaxing)
 .debug_str     0x0000000000001ae7      0x387 lib/STM32F4xx_HAL_Driver/Src/stm32f4xx_hal_cortex.o
                                       0x107e (size before relaxing)
 .debug_str     0x0000000000001e6e      0x2b8 lib/STM32F4xx_HAL_Driver/Src/stm32f4xx_hal_flash.o
                                        0x9d9 (size before relaxing)
 .debug_str     0x0000000000002126      0x1d2 lib/STM32F4xx_HAL_Driver/Src/stm32f4xx_hal_flash_ex.o
                                        0xa2f (size before relaxing)
 .debug_str     0x00000000000022f8      0x176 lib/STM32F4xx_HAL_Driver/Src/stm32f4xx_ll_gpio.o
                                        0x91e (size before relaxing)
 .debug_str     0x000000000000246e      0x431 lib/STM32F4xx_HAL_Driver/Src/stm32f4xx_ll_rcc.o
                                        0xb8e (size before relaxing)
 .debug_str     0x000000000000289f      0x1e4 lib/STM32F4xx_HAL_Driver/Src/stm32f4xx_ll_usart.o
                                        0xa68 (size before relaxing)
 .debug_str     0x0000000000002a83      0x337 lib/STM32F4xx_HAL_Driver/Src/stm32f4xx_ll_utils.o
                                        0xb74 (size before relaxing)
 .debug_str     0x0000000000002dba       0x4c lib/system_stm32f4xx.o
                                        0x7dd (size before relaxing)
 .debug_str     0x0000000000002e06      0x101 main.o
                                        0xa7c (size before relaxing)

.comment        0x0000000000000000       0x7c
 .comment       0x0000000000000000       0x7c Source/ARMCM4_STM32F4/GCC/cpu_comp.o
                                         0x7d (size before relaxing)
 .comment       0x000000000000007c       0x7d Source/ARMCM4_STM32F4/cpu.o
 .comment       0x000000000000007c       0x7d Source/ARMCM4_STM32F4/flash.o
 .comment       0x000000000000007c       0x7d Source/ARMCM4_STM32F4/nvm.o
 .comment       0x000000000000007c       0x7d Source/ARMCM4_STM32F4/timer.o
 .comment       0x000000000000007c       0x7d Source/ARMCM4_STM32F4/uart.o
 .comment       0x000000000000007c       0x7d Source/assert.o
 .comment       0x000000000000007c       0x7d Source/backdoor.o
 .comment       0x000000000000007c       0x7d Source/boot.o
 .comment       0x000000000000007c       0x7d Source/com.o
 .comment       0x000000000000007c       0x7d Source/cop.o
 .comment       0x000000000000007c       0x7d Source/xcp.o
 .comment       0x000000000000007c       0x7d hooks.o
 .comment       0x000000000000007c       0x7d led.o
 .comment       0x000000000000007c       0x7d lib/STM32F4xx_HAL_Driver/Src/stm32f4xx_hal.o
 .comment       0x000000000000007c       0x7d lib/STM32F4xx_HAL_Driver/Src/stm32f4xx_hal_cortex.o
 .comment       0x000000000000007c       0x7d lib/STM32F4xx_HAL_Driver/Src/stm32f4xx_hal_flash.o
 .comment       0x000000000000007c       0x7d lib/STM32F4xx_HAL_Driver/Src/stm32f4xx_hal_flash_ex.o
 .comment       0x000000000000007c       0x7d lib/STM32F4xx_HAL_Driver/Src/stm32f4xx_ll_gpio.o
 .comment       0x000000000000007c       0x7d lib/STM32F4xx_HAL_Driver/Src/stm32f4xx_ll_rcc.o
 .comment       0x000000000000007c       0x7d lib/STM32F4xx_HAL_Driver/Src/stm32f4xx_ll_usart.o
 .comment       0x000000000000007c       0x7d lib/STM32F4xx_HAL_Driver/Src/stm32f4xx_ll_utils.o
 .comment       0x000000000000007c       0x7d lib/system_stm32f4xx.o
 .comment       0x000000000000007c       0x7d main.o

.debug_frame    0x0000000000000000      0xfcc
 .debug_frame   0x0000000000000000       0x30 Source/ARMCM4_STM32F4/GCC/cpu_comp.o
 .debug_frame   0x0000000000000030       0x78 Source/ARMCM4_STM32F4/cpu.o
 .debug_frame   0x00000000000000a8      0x154 Source/ARMCM4_STM32F4/flash.o
 .debug_frame   0x00000000000001fc       0xd8 Source/ARMCM4_STM32F4/nvm.o
 .debug_frame   0x00000000000002d4       0x80 Source/ARMCM4_STM32F4/timer.o
 .debug_frame   0x0000000000000354       0x88 Source/ARMCM4_STM32F4/uart.o
 .debug_frame   0x00000000000003dc       0x28 Source/assert.o
 .debug_frame   0x0000000000000404       0x84 Source/backdoor.o
 .debug_frame   0x0000000000000488       0x48 Source/boot.o
 .debug_frame   0x00000000000004d0       0xa4 Source/com.o
 .debug_frame   0x0000000000000574       0x30 Source/cop.o
 .debug_frame   0x00000000000005a4       0x7c Source/xcp.o
 .debug_frame   0x0000000000000620       0x98 hooks.o
 .debug_frame   0x00000000000006b8       0x48 led.o
 .debug_frame   0x0000000000000700      0x1d0 lib/STM32F4xx_HAL_Driver/Src/stm32f4xx_hal.o
 .debug_frame   0x00000000000008d0      0x158 lib/STM32F4xx_HAL_Driver/Src/stm32f4xx_hal_cortex.o
 .debug_frame   0x0000000000000a28      0x154 lib/STM32F4xx_HAL_Driver/Src/stm32f4xx_hal_flash.o
 .debug_frame   0x0000000000000b7c       0xa8 lib/STM32F4xx_HAL_Driver/Src/stm32f4xx_hal_flash_ex.o
 .debug_frame   0x0000000000000c24       0x7c lib/STM32F4xx_HAL_Driver/Src/stm32f4xx_ll_gpio.o
 .debug_frame   0x0000000000000ca0       0xf0 lib/STM32F4xx_HAL_Driver/Src/stm32f4xx_ll_rcc.o
 .debug_frame   0x0000000000000d90       0x7c lib/STM32F4xx_HAL_Driver/Src/stm32f4xx_ll_usart.o
 .debug_frame   0x0000000000000e0c       0xe0 lib/STM32F4xx_HAL_Driver/Src/stm32f4xx_ll_utils.o
 .debug_frame   0x0000000000000eec       0x38 lib/system_stm32f4xx.o
 .debug_frame   0x0000000000000f24       0x7c main.o
 .debug_frame   0x0000000000000fa0       0x2c /home/tard/dev_tools/Atollic_TrueSTUDIO_9_3_0/ARMTools/bin/../lib/gcc/arm-atollic-eabi/6.3.1/../../../../arm-atollic-eabi/lib/armv7e-m/fpu/libc_nano.a(lib_a-init.o)

.debug_loc      0x0000000000000000     0x3496
 .debug_loc     0x0000000000000000      0x14e Source/ARMCM4_STM32F4/cpu.o
 .debug_loc     0x000000000000014e      0x622 Source/ARMCM4_STM32F4/flash.o
 .debug_loc     0x0000000000000770      0x19e Source/ARMCM4_STM32F4/nvm.o
 .debug_loc     0x000000000000090e      0x2d8 Source/ARMCM4_STM32F4/uart.o
 .debug_loc     0x0000000000000be6       0x42 Source/assert.o
 .debug_loc     0x0000000000000c28       0x67 Source/com.o
 .debug_loc     0x0000000000000c8f      0x546 Source/xcp.o
 .debug_loc     0x00000000000011d5       0x6e hooks.o
 .debug_loc     0x0000000000001243       0x5a led.o
 .debug_loc     0x000000000000129d      0x11b lib/STM32F4xx_HAL_Driver/Src/stm32f4xx_hal.o
 .debug_loc     0x00000000000013b8      0x4fb lib/STM32F4xx_HAL_Driver/Src/stm32f4xx_hal_cortex.o
 .debug_loc     0x00000000000018b3      0x2d9 lib/STM32F4xx_HAL_Driver/Src/stm32f4xx_hal_flash.o
 .debug_loc     0x0000000000001b8c      0x3e5 lib/STM32F4xx_HAL_Driver/Src/stm32f4xx_hal_flash_ex.o
 .debug_loc     0x0000000000001f71      0x48f lib/STM32F4xx_HAL_Driver/Src/stm32f4xx_ll_gpio.o
 .debug_loc     0x0000000000002400      0x2f9 lib/STM32F4xx_HAL_Driver/Src/stm32f4xx_ll_rcc.o
 .debug_loc     0x00000000000026f9      0x422 lib/STM32F4xx_HAL_Driver/Src/stm32f4xx_ll_usart.o
 .debug_loc     0x0000000000002b1b      0x682 lib/STM32F4xx_HAL_Driver/Src/stm32f4xx_ll_utils.o
 .debug_loc     0x000000000000319d      0x11c lib/system_stm32f4xx.o
 .debug_loc     0x00000000000032b9      0x1dd main.o

Cross Reference Table

Symbol                                            File
ADC_IRQHandler                                    startup_stm32f405xx.o
AHBPrescTable                                     lib/system_stm32f4xx.o
                                                  lib/STM32F4xx_HAL_Driver/Src/stm32f4xx_ll_utils.o
                                                  lib/STM32F4xx_HAL_Driver/Src/stm32f4xx_ll_rcc.o
                                                  lib/STM32F4xx_HAL_Driver/Src/stm32f4xx_hal_rcc.o
APBPrescTable                                     lib/system_stm32f4xx.o
                                                  lib/STM32F4xx_HAL_Driver/Src/stm32f4xx_ll_rcc.o
                                                  lib/STM32F4xx_HAL_Driver/Src/stm32f4xx_hal_rcc.o
AssertFailure                                     Source/assert.o
                                                  usbd_conf.o
                                                  main.o
                                                  Source/ARMCM4_STM32F4/uart.o
BackDoorCheck                                     Source/backdoor.o
                                                  Source/boot.o
BackDoorGetExtension                              Source/backdoor.o
BackDoorInit                                      Source/backdoor.o
                                                  Source/boot.o
BackDoorRestartTimer                              Source/backdoor.o
BackDoorSetExtension                              Source/backdoor.o
BootInit                                          Source/boot.o
                                                  main.o
BootTask                                          Source/boot.o
                                                  main.o
BusFault_Handler                                  startup_stm32f405xx.o
CAN1_RX0_IRQHandler                               startup_stm32f405xx.o
CAN1_RX1_IRQHandler                               startup_stm32f405xx.o
CAN1_SCE_IRQHandler                               startup_stm32f405xx.o
CAN1_TX_IRQHandler                                startup_stm32f405xx.o
CAN2_RX0_IRQHandler                               startup_stm32f405xx.o
CAN2_RX1_IRQHandler                               startup_stm32f405xx.o
CAN2_SCE_IRQHandler                               startup_stm32f405xx.o
CAN2_TX_IRQHandler                                startup_stm32f405xx.o
ComFree                                           Source/com.o
                                                  Source/ARMCM4_STM32F4/cpu.o
ComGetActiveInterfaceMaxRxLen                     Source/com.o
                                                  Source/xcp.o
ComGetActiveInterfaceMaxTxLen                     Source/com.o
                                                  Source/xcp.o
ComInit                                           Source/com.o
                                                  Source/boot.o
ComIsConnected                                    Source/com.o
                                                  Source/backdoor.o
ComTask                                           Source/com.o
                                                  Source/boot.o
ComTransmitPacket                                 Source/com.o
                                                  Source/xcp.o
CopInit                                           Source/cop.o
                                                  Source/boot.o
CopInitHook                                       hooks.o
                                                  Source/cop.o
CopService                                        Source/cop.o
                                                  lib/fatfs/mmc.o
                                                  Source/xcp.o
                                                  Source/boot.o
                                                  Source/assert.o
                                                  Source/ARMCM4_STM32F4/uart.o
                                                  Source/ARMCM4_STM32F4/flash.o
                                                  Source/ARMCM4_STM32F4/cpu.o
CopServiceHook                                    hooks.o
                                                  Source/cop.o
CpuInit                                           Source/ARMCM4_STM32F4/cpu.o
                                                  Source/boot.o
CpuIrqDisable                                     Source/ARMCM4_STM32F4/GCC/cpu_comp.o
                                                  Source/ARMCM4_STM32F4/cpu.o
CpuIrqEnable                                      Source/ARMCM4_STM32F4/GCC/cpu_comp.o
                                                  Source/ARMCM4_STM32F4/cpu.o
CpuMemCopy                                        Source/ARMCM4_STM32F4/cpu.o
                                                  Source/xcp.o
                                                  Source/ARMCM4_STM32F4/uart.o
                                                  Source/ARMCM4_STM32F4/flash.o
CpuMemSet                                         Source/ARMCM4_STM32F4/cpu.o
CpuStartUserProgram                               Source/ARMCM4_STM32F4/cpu.o
                                                  Source/xcp.o
                                                  Source/backdoor.o
CpuUserProgramStartHook                           hooks.o
                                                  Source/ARMCM4_STM32F4/cpu.o
DMA1_Stream0_IRQHandler                           startup_stm32f405xx.o
DMA1_Stream1_IRQHandler                           startup_stm32f405xx.o
DMA1_Stream2_IRQHandler                           startup_stm32f405xx.o
DMA1_Stream3_IRQHandler                           startup_stm32f405xx.o
DMA1_Stream4_IRQHandler                           startup_stm32f405xx.o
DMA1_Stream5_IRQHandler                           startup_stm32f405xx.o
DMA1_Stream6_IRQHandler                           startup_stm32f405xx.o
DMA1_Stream7_IRQHandler                           startup_stm32f405xx.o
DMA2_Stream0_IRQHandler                           startup_stm32f405xx.o
DMA2_Stream1_IRQHandler                           startup_stm32f405xx.o
DMA2_Stream2_IRQHandler                           startup_stm32f405xx.o
DMA2_Stream3_IRQHandler                           startup_stm32f405xx.o
DMA2_Stream4_IRQHandler                           startup_stm32f405xx.o
DMA2_Stream5_IRQHandler                           startup_stm32f405xx.o
DMA2_Stream6_IRQHandler                           startup_stm32f405xx.o
DMA2_Stream7_IRQHandler                           startup_stm32f405xx.o
DebugMon_Handler                                  startup_stm32f405xx.o
Default_Handler                                   startup_stm32f405xx.o
EXTI0_IRQHandler                                  startup_stm32f405xx.o
EXTI15_10_IRQHandler                              startup_stm32f405xx.o
EXTI1_IRQHandler                                  startup_stm32f405xx.o
EXTI2_IRQHandler                                  startup_stm32f405xx.o
EXTI3_IRQHandler                                  startup_stm32f405xx.o
EXTI4_IRQHandler                                  startup_stm32f405xx.o
EXTI9_5_IRQHandler                                startup_stm32f405xx.o
FLASH_Erase_Sector                                lib/STM32F4xx_HAL_Driver/Src/stm32f4xx_hal_flash_ex.o
                                                  lib/STM32F4xx_HAL_Driver/Src/stm32f4xx_hal_flash.o
FLASH_FlushCaches                                 lib/STM32F4xx_HAL_Driver/Src/stm32f4xx_hal_flash_ex.o
                                                  lib/STM32F4xx_HAL_Driver/Src/stm32f4xx_hal_flash.o
FLASH_IRQHandler                                  startup_stm32f405xx.o
FLASH_WaitForLastOperation                        lib/STM32F4xx_HAL_Driver/Src/stm32f4xx_hal_flash.o
                                                  lib/STM32F4xx_HAL_Driver/Src/stm32f4xx_hal_flash_ex.o
FPU_IRQHandler                                    startup_stm32f405xx.o
FSMC_IRQHandler                                   startup_stm32f405xx.o
FS_Desc                                           usbd_desc.o
FlashDone                                         Source/ARMCM4_STM32F4/flash.o
                                                  Source/ARMCM4_STM32F4/nvm.o
FlashErase                                        Source/ARMCM4_STM32F4/flash.o
                                                  Source/ARMCM4_STM32F4/nvm.o
FlashGetUserProgBaseAddress                       Source/ARMCM4_STM32F4/flash.o
                                                  Source/ARMCM4_STM32F4/nvm.o
FlashInit                                         Source/ARMCM4_STM32F4/flash.o
                                                  Source/ARMCM4_STM32F4/nvm.o
FlashReinit                                       Source/ARMCM4_STM32F4/flash.o
                                                  Source/ARMCM4_STM32F4/nvm.o
FlashVerifyChecksum                               Source/ARMCM4_STM32F4/flash.o
                                                  Source/ARMCM4_STM32F4/nvm.o
FlashWrite                                        Source/ARMCM4_STM32F4/flash.o
                                                  Source/ARMCM4_STM32F4/nvm.o
FlashWriteChecksum                                Source/ARMCM4_STM32F4/flash.o
                                                  Source/ARMCM4_STM32F4/nvm.o
HAL_CAN_AbortTxRequest                            lib/STM32F4xx_HAL_Driver/Src/stm32f4xx_hal_can.o
HAL_CAN_ActivateNotification                      lib/STM32F4xx_HAL_Driver/Src/stm32f4xx_hal_can.o
HAL_CAN_AddTxMessage                              lib/STM32F4xx_HAL_Driver/Src/stm32f4xx_hal_can.o
HAL_CAN_ConfigFilter                              lib/STM32F4xx_HAL_Driver/Src/stm32f4xx_hal_can.o
HAL_CAN_DeInit                                    lib/STM32F4xx_HAL_Driver/Src/stm32f4xx_hal_can.o
HAL_CAN_DeactivateNotification                    lib/STM32F4xx_HAL_Driver/Src/stm32f4xx_hal_can.o
HAL_CAN_ErrorCallback                             lib/STM32F4xx_HAL_Driver/Src/stm32f4xx_hal_can.o
HAL_CAN_GetError                                  lib/STM32F4xx_HAL_Driver/Src/stm32f4xx_hal_can.o
HAL_CAN_GetRxFifoFillLevel                        lib/STM32F4xx_HAL_Driver/Src/stm32f4xx_hal_can.o
HAL_CAN_GetRxMessage                              lib/STM32F4xx_HAL_Driver/Src/stm32f4xx_hal_can.o
HAL_CAN_GetState                                  lib/STM32F4xx_HAL_Driver/Src/stm32f4xx_hal_can.o
HAL_CAN_GetTxMailboxesFreeLevel                   lib/STM32F4xx_HAL_Driver/Src/stm32f4xx_hal_can.o
HAL_CAN_GetTxTimestamp                            lib/STM32F4xx_HAL_Driver/Src/stm32f4xx_hal_can.o
HAL_CAN_IRQHandler                                lib/STM32F4xx_HAL_Driver/Src/stm32f4xx_hal_can.o
HAL_CAN_Init                                      lib/STM32F4xx_HAL_Driver/Src/stm32f4xx_hal_can.o
HAL_CAN_IsSleepActive                             lib/STM32F4xx_HAL_Driver/Src/stm32f4xx_hal_can.o
HAL_CAN_IsTxMessagePending                        lib/STM32F4xx_HAL_Driver/Src/stm32f4xx_hal_can.o
HAL_CAN_MspDeInit                                 lib/STM32F4xx_HAL_Driver/Src/stm32f4xx_hal_can.o
HAL_CAN_MspInit                                   lib/STM32F4xx_HAL_Driver/Src/stm32f4xx_hal_can.o
HAL_CAN_RequestSleep                              lib/STM32F4xx_HAL_Driver/Src/stm32f4xx_hal_can.o
HAL_CAN_ResetError                                lib/STM32F4xx_HAL_Driver/Src/stm32f4xx_hal_can.o
HAL_CAN_RxFifo0FullCallback                       lib/STM32F4xx_HAL_Driver/Src/stm32f4xx_hal_can.o
HAL_CAN_RxFifo0MsgPendingCallback                 lib/STM32F4xx_HAL_Driver/Src/stm32f4xx_hal_can.o
HAL_CAN_RxFifo1FullCallback                       lib/STM32F4xx_HAL_Driver/Src/stm32f4xx_hal_can.o
HAL_CAN_RxFifo1MsgPendingCallback                 lib/STM32F4xx_HAL_Driver/Src/stm32f4xx_hal_can.o
HAL_CAN_SleepCallback                             lib/STM32F4xx_HAL_Driver/Src/stm32f4xx_hal_can.o
HAL_CAN_Start                                     lib/STM32F4xx_HAL_Driver/Src/stm32f4xx_hal_can.o
HAL_CAN_Stop                                      lib/STM32F4xx_HAL_Driver/Src/stm32f4xx_hal_can.o
HAL_CAN_TxMailbox0AbortCallback                   lib/STM32F4xx_HAL_Driver/Src/stm32f4xx_hal_can.o
HAL_CAN_TxMailbox0CompleteCallback                lib/STM32F4xx_HAL_Driver/Src/stm32f4xx_hal_can.o
HAL_CAN_TxMailbox1AbortCallback                   lib/STM32F4xx_HAL_Driver/Src/stm32f4xx_hal_can.o
HAL_CAN_TxMailbox1CompleteCallback                lib/STM32F4xx_HAL_Driver/Src/stm32f4xx_hal_can.o
HAL_CAN_TxMailbox2AbortCallback                   lib/STM32F4xx_HAL_Driver/Src/stm32f4xx_hal_can.o
HAL_CAN_TxMailbox2CompleteCallback                lib/STM32F4xx_HAL_Driver/Src/stm32f4xx_hal_can.o
HAL_CAN_WakeUp                                    lib/STM32F4xx_HAL_Driver/Src/stm32f4xx_hal_can.o
HAL_CAN_WakeUpFromRxMsgCallback                   lib/STM32F4xx_HAL_Driver/Src/stm32f4xx_hal_can.o
HAL_DBGMCU_DisableDBGSleepMode                    lib/STM32F4xx_HAL_Driver/Src/stm32f4xx_hal.o
HAL_DBGMCU_DisableDBGStandbyMode                  lib/STM32F4xx_HAL_Driver/Src/stm32f4xx_hal.o
HAL_DBGMCU_DisableDBGStopMode                     lib/STM32F4xx_HAL_Driver/Src/stm32f4xx_hal.o
HAL_DBGMCU_EnableDBGSleepMode                     lib/STM32F4xx_HAL_Driver/Src/stm32f4xx_hal.o
HAL_DBGMCU_EnableDBGStandbyMode                   lib/STM32F4xx_HAL_Driver/Src/stm32f4xx_hal.o
HAL_DBGMCU_EnableDBGStopMode                      lib/STM32F4xx_HAL_Driver/Src/stm32f4xx_hal.o
HAL_DMAEx_ChangeMemory                            lib/STM32F4xx_HAL_Driver/Src/stm32f4xx_hal_dma_ex.o
HAL_DMAEx_MultiBufferStart                        lib/STM32F4xx_HAL_Driver/Src/stm32f4xx_hal_dma_ex.o
HAL_DMAEx_MultiBufferStart_IT                     lib/STM32F4xx_HAL_Driver/Src/stm32f4xx_hal_dma_ex.o
HAL_DMA_Abort                                     lib/STM32F4xx_HAL_Driver/Src/stm32f4xx_hal_dma.o
HAL_DMA_Abort_IT                                  lib/STM32F4xx_HAL_Driver/Src/stm32f4xx_hal_dma.o
HAL_DMA_DeInit                                    lib/STM32F4xx_HAL_Driver/Src/stm32f4xx_hal_dma.o
HAL_DMA_GetError                                  lib/STM32F4xx_HAL_Driver/Src/stm32f4xx_hal_dma.o
HAL_DMA_GetState                                  lib/STM32F4xx_HAL_Driver/Src/stm32f4xx_hal_dma.o
HAL_DMA_IRQHandler                                lib/STM32F4xx_HAL_Driver/Src/stm32f4xx_hal_dma.o
HAL_DMA_Init                                      lib/STM32F4xx_HAL_Driver/Src/stm32f4xx_hal_dma.o
HAL_DMA_PollForTransfer                           lib/STM32F4xx_HAL_Driver/Src/stm32f4xx_hal_dma.o
HAL_DMA_RegisterCallback                          lib/STM32F4xx_HAL_Driver/Src/stm32f4xx_hal_dma.o
HAL_DMA_Start                                     lib/STM32F4xx_HAL_Driver/Src/stm32f4xx_hal_dma.o
HAL_DMA_Start_IT                                  lib/STM32F4xx_HAL_Driver/Src/stm32f4xx_hal_dma.o
HAL_DMA_UnRegisterCallback                        lib/STM32F4xx_HAL_Driver/Src/stm32f4xx_hal_dma.o
HAL_DeInit                                        lib/STM32F4xx_HAL_Driver/Src/stm32f4xx_hal.o
                                                  Source/ARMCM4_STM32F4/cpu.o
HAL_Delay                                         lib/STM32F4xx_HAL_Driver/Src/stm32f4xx_hal.o
                                                  usbd_conf.o
                                                  lib/STM32F4xx_HAL_Driver/Src/stm32f4xx_ll_usb.o
HAL_DisableCompensationCell                       lib/STM32F4xx_HAL_Driver/Src/stm32f4xx_hal.o
HAL_EnableCompensationCell                        lib/STM32F4xx_HAL_Driver/Src/stm32f4xx_hal.o
HAL_FLASHEx_Erase                                 lib/STM32F4xx_HAL_Driver/Src/stm32f4xx_hal_flash_ex.o
                                                  Source/ARMCM4_STM32F4/flash.o
HAL_FLASHEx_Erase_IT                              lib/STM32F4xx_HAL_Driver/Src/stm32f4xx_hal_flash_ex.o
HAL_FLASHEx_OBGetConfig                           lib/STM32F4xx_HAL_Driver/Src/stm32f4xx_hal_flash_ex.o
HAL_FLASHEx_OBProgram                             lib/STM32F4xx_HAL_Driver/Src/stm32f4xx_hal_flash_ex.o
HAL_FLASH_EndOfOperationCallback                  lib/STM32F4xx_HAL_Driver/Src/stm32f4xx_hal_flash.o
HAL_FLASH_GetError                                lib/STM32F4xx_HAL_Driver/Src/stm32f4xx_hal_flash.o
HAL_FLASH_IRQHandler                              lib/STM32F4xx_HAL_Driver/Src/stm32f4xx_hal_flash.o
HAL_FLASH_Lock                                    lib/STM32F4xx_HAL_Driver/Src/stm32f4xx_hal_flash.o
                                                  Source/ARMCM4_STM32F4/flash.o
HAL_FLASH_OB_Launch                               lib/STM32F4xx_HAL_Driver/Src/stm32f4xx_hal_flash.o
HAL_FLASH_OB_Lock                                 lib/STM32F4xx_HAL_Driver/Src/stm32f4xx_hal_flash.o
HAL_FLASH_OB_Unlock                               lib/STM32F4xx_HAL_Driver/Src/stm32f4xx_hal_flash.o
HAL_FLASH_OperationErrorCallback                  lib/STM32F4xx_HAL_Driver/Src/stm32f4xx_hal_flash.o
HAL_FLASH_Program                                 lib/STM32F4xx_HAL_Driver/Src/stm32f4xx_hal_flash.o
                                                  Source/ARMCM4_STM32F4/flash.o
HAL_FLASH_Program_IT                              lib/STM32F4xx_HAL_Driver/Src/stm32f4xx_hal_flash.o
HAL_FLASH_Unlock                                  lib/STM32F4xx_HAL_Driver/Src/stm32f4xx_hal_flash.o
                                                  Source/ARMCM4_STM32F4/flash.o
HAL_GPIO_DeInit                                   lib/STM32F4xx_HAL_Driver/Src/stm32f4xx_hal_gpio.o
HAL_GPIO_EXTI_Callback                            lib/STM32F4xx_HAL_Driver/Src/stm32f4xx_hal_gpio.o
HAL_GPIO_EXTI_IRQHandler                          lib/STM32F4xx_HAL_Driver/Src/stm32f4xx_hal_gpio.o
HAL_GPIO_Init                                     lib/STM32F4xx_HAL_Driver/Src/stm32f4xx_hal_gpio.o
                                                  lib/STM32F4xx_HAL_Driver/Src/stm32f4xx_hal_rcc.o
HAL_GPIO_LockPin                                  lib/STM32F4xx_HAL_Driver/Src/stm32f4xx_hal_gpio.o
HAL_GPIO_ReadPin                                  lib/STM32F4xx_HAL_Driver/Src/stm32f4xx_hal_gpio.o
HAL_GPIO_TogglePin                                lib/STM32F4xx_HAL_Driver/Src/stm32f4xx_hal_gpio.o
HAL_GPIO_WritePin                                 lib/STM32F4xx_HAL_Driver/Src/stm32f4xx_hal_gpio.o
HAL_GetDEVID                                      lib/STM32F4xx_HAL_Driver/Src/stm32f4xx_hal.o
HAL_GetHalVersion                                 lib/STM32F4xx_HAL_Driver/Src/stm32f4xx_hal.o
HAL_GetREVID                                      lib/STM32F4xx_HAL_Driver/Src/stm32f4xx_hal.o
HAL_GetTick                                       Source/ARMCM4_STM32F4/timer.o
                                                  lib/STM32F4xx_HAL_Driver/Src/stm32f4xx_hal_rcc_ex.o
                                                  lib/STM32F4xx_HAL_Driver/Src/stm32f4xx_hal_rcc.o
                                                  lib/STM32F4xx_HAL_Driver/Src/stm32f4xx_hal_pwr_ex.o
                                                  lib/STM32F4xx_HAL_Driver/Src/stm32f4xx_hal_flash.o
                                                  lib/STM32F4xx_HAL_Driver/Src/stm32f4xx_hal_dma.o
                                                  lib/STM32F4xx_HAL_Driver/Src/stm32f4xx_hal_can.o
HAL_GetTickFreq                                   lib/STM32F4xx_HAL_Driver/Src/stm32f4xx_hal.o
HAL_GetTickPrio                                   lib/STM32F4xx_HAL_Driver/Src/stm32f4xx_hal.o
HAL_GetUID                                        lib/STM32F4xx_HAL_Driver/Src/stm32f4xx_hal.o
HAL_IncTick                                       lib/STM32F4xx_HAL_Driver/Src/stm32f4xx_hal.o
HAL_Init                                          lib/STM32F4xx_HAL_Driver/Src/stm32f4xx_hal.o
                                                  main.o
HAL_InitTick                                      lib/STM32F4xx_HAL_Driver/Src/stm32f4xx_hal.o
                                                  lib/STM32F4xx_HAL_Driver/Src/stm32f4xx_hal_rcc_ex.o
                                                  lib/STM32F4xx_HAL_Driver/Src/stm32f4xx_hal_rcc.o
HAL_MPU_ConfigRegion                              lib/STM32F4xx_HAL_Driver/Src/stm32f4xx_hal_cortex.o
HAL_MPU_Disable                                   lib/STM32F4xx_HAL_Driver/Src/stm32f4xx_hal_cortex.o
HAL_MPU_Enable                                    lib/STM32F4xx_HAL_Driver/Src/stm32f4xx_hal_cortex.o
HAL_MspDeInit                                     main.o
                                                  lib/STM32F4xx_HAL_Driver/Src/stm32f4xx_hal.o
HAL_MspInit                                       main.o
                                                  lib/STM32F4xx_HAL_Driver/Src/stm32f4xx_hal.o
HAL_NVIC_ClearPendingIRQ                          lib/STM32F4xx_HAL_Driver/Src/stm32f4xx_hal_cortex.o
HAL_NVIC_DisableIRQ                               lib/STM32F4xx_HAL_Driver/Src/stm32f4xx_hal_cortex.o
HAL_NVIC_EnableIRQ                                lib/STM32F4xx_HAL_Driver/Src/stm32f4xx_hal_cortex.o
HAL_NVIC_GetActive                                lib/STM32F4xx_HAL_Driver/Src/stm32f4xx_hal_cortex.o
HAL_NVIC_GetPendingIRQ                            lib/STM32F4xx_HAL_Driver/Src/stm32f4xx_hal_cortex.o
HAL_NVIC_GetPriority                              lib/STM32F4xx_HAL_Driver/Src/stm32f4xx_hal_cortex.o
HAL_NVIC_GetPriorityGrouping                      lib/STM32F4xx_HAL_Driver/Src/stm32f4xx_hal_cortex.o
HAL_NVIC_SetPendingIRQ                            lib/STM32F4xx_HAL_Driver/Src/stm32f4xx_hal_cortex.o
HAL_NVIC_SetPriority                              lib/STM32F4xx_HAL_Driver/Src/stm32f4xx_hal_cortex.o
                                                  lib/STM32F4xx_HAL_Driver/Src/stm32f4xx_hal.o
HAL_NVIC_SetPriorityGrouping                      lib/STM32F4xx_HAL_Driver/Src/stm32f4xx_hal_cortex.o
                                                  lib/STM32F4xx_HAL_Driver/Src/stm32f4xx_hal.o
HAL_NVIC_SystemReset                              lib/STM32F4xx_HAL_Driver/Src/stm32f4xx_hal_cortex.o
HAL_PCDEx_SetRxFiFo                               lib/STM32F4xx_HAL_Driver/Src/stm32f4xx_hal_pcd_ex.o
                                                  usbd_conf.o
HAL_PCDEx_SetTxFiFo                               lib/STM32F4xx_HAL_Driver/Src/stm32f4xx_hal_pcd_ex.o
                                                  usbd_conf.o
HAL_PCD_ActivateRemoteWakeup                      lib/STM32F4xx_HAL_Driver/Src/stm32f4xx_hal_pcd.o
HAL_PCD_ConnectCallback                           usbd_conf.o
                                                  lib/STM32F4xx_HAL_Driver/Src/stm32f4xx_hal_pcd.o
HAL_PCD_DataInStageCallback                       usbd_conf.o
                                                  lib/STM32F4xx_HAL_Driver/Src/stm32f4xx_hal_pcd.o
HAL_PCD_DataOutStageCallback                      usbd_conf.o
                                                  lib/STM32F4xx_HAL_Driver/Src/stm32f4xx_hal_pcd.o
HAL_PCD_DeActivateRemoteWakeup                    lib/STM32F4xx_HAL_Driver/Src/stm32f4xx_hal_pcd.o
HAL_PCD_DeInit                                    lib/STM32F4xx_HAL_Driver/Src/stm32f4xx_hal_pcd.o
                                                  usbd_conf.o
HAL_PCD_DevConnect                                lib/STM32F4xx_HAL_Driver/Src/stm32f4xx_hal_pcd.o
HAL_PCD_DevDisconnect                             lib/STM32F4xx_HAL_Driver/Src/stm32f4xx_hal_pcd.o
HAL_PCD_DisconnectCallback                        usbd_conf.o
                                                  lib/STM32F4xx_HAL_Driver/Src/stm32f4xx_hal_pcd.o
HAL_PCD_EP_Close                                  lib/STM32F4xx_HAL_Driver/Src/stm32f4xx_hal_pcd.o
                                                  usbd_conf.o
HAL_PCD_EP_ClrStall                               lib/STM32F4xx_HAL_Driver/Src/stm32f4xx_hal_pcd.o
                                                  usbd_conf.o
HAL_PCD_EP_Flush                                  lib/STM32F4xx_HAL_Driver/Src/stm32f4xx_hal_pcd.o
                                                  usbd_conf.o
HAL_PCD_EP_GetRxCount                             lib/STM32F4xx_HAL_Driver/Src/stm32f4xx_hal_pcd.o
                                                  usbd_conf.o
HAL_PCD_EP_Open                                   lib/STM32F4xx_HAL_Driver/Src/stm32f4xx_hal_pcd.o
                                                  usbd_conf.o
HAL_PCD_EP_Receive                                lib/STM32F4xx_HAL_Driver/Src/stm32f4xx_hal_pcd.o
                                                  usbd_conf.o
HAL_PCD_EP_SetStall                               lib/STM32F4xx_HAL_Driver/Src/stm32f4xx_hal_pcd.o
                                                  usbd_conf.o
HAL_PCD_EP_Transmit                               lib/STM32F4xx_HAL_Driver/Src/stm32f4xx_hal_pcd.o
                                                  usbd_conf.o
HAL_PCD_GetState                                  lib/STM32F4xx_HAL_Driver/Src/stm32f4xx_hal_pcd.o
HAL_PCD_IRQHandler                                lib/STM32F4xx_HAL_Driver/Src/stm32f4xx_hal_pcd.o
HAL_PCD_ISOINIncompleteCallback                   usbd_conf.o
                                                  lib/STM32F4xx_HAL_Driver/Src/stm32f4xx_hal_pcd.o
HAL_PCD_ISOOUTIncompleteCallback                  usbd_conf.o
                                                  lib/STM32F4xx_HAL_Driver/Src/stm32f4xx_hal_pcd.o
HAL_PCD_Init                                      lib/STM32F4xx_HAL_Driver/Src/stm32f4xx_hal_pcd.o
                                                  usbd_conf.o
HAL_PCD_MspDeInit                                 lib/STM32F4xx_HAL_Driver/Src/stm32f4xx_hal_pcd.o
HAL_PCD_MspInit                                   lib/STM32F4xx_HAL_Driver/Src/stm32f4xx_hal_pcd.o
HAL_PCD_ResetCallback                             usbd_conf.o
                                                  lib/STM32F4xx_HAL_Driver/Src/stm32f4xx_hal_pcd.o
HAL_PCD_ResumeCallback                            usbd_conf.o
                                                  lib/STM32F4xx_HAL_Driver/Src/stm32f4xx_hal_pcd.o
HAL_PCD_SOFCallback                               usbd_conf.o
                                                  lib/STM32F4xx_HAL_Driver/Src/stm32f4xx_hal_pcd.o
HAL_PCD_SetAddress                                lib/STM32F4xx_HAL_Driver/Src/stm32f4xx_hal_pcd.o
                                                  usbd_conf.o
HAL_PCD_SetupStageCallback                        usbd_conf.o
                                                  lib/STM32F4xx_HAL_Driver/Src/stm32f4xx_hal_pcd.o
HAL_PCD_Start                                     lib/STM32F4xx_HAL_Driver/Src/stm32f4xx_hal_pcd.o
                                                  usbd_conf.o
HAL_PCD_Stop                                      lib/STM32F4xx_HAL_Driver/Src/stm32f4xx_hal_pcd.o
                                                  usbd_conf.o
HAL_PCD_SuspendCallback                           usbd_conf.o
                                                  lib/STM32F4xx_HAL_Driver/Src/stm32f4xx_hal_pcd.o
HAL_PWREx_ControlVoltageScaling                   lib/STM32F4xx_HAL_Driver/Src/stm32f4xx_hal_pwr_ex.o
HAL_PWREx_DisableBkUpReg                          lib/STM32F4xx_HAL_Driver/Src/stm32f4xx_hal_pwr_ex.o
HAL_PWREx_DisableFlashPowerDown                   lib/STM32F4xx_HAL_Driver/Src/stm32f4xx_hal_pwr_ex.o
HAL_PWREx_EnableBkUpReg                           lib/STM32F4xx_HAL_Driver/Src/stm32f4xx_hal_pwr_ex.o
HAL_PWREx_EnableFlashPowerDown                    lib/STM32F4xx_HAL_Driver/Src/stm32f4xx_hal_pwr_ex.o
HAL_PWREx_GetVoltageRange                         lib/STM32F4xx_HAL_Driver/Src/stm32f4xx_hal_pwr_ex.o
HAL_PWR_ConfigPVD                                 lib/STM32F4xx_HAL_Driver/Src/stm32f4xx_hal_pwr.o
HAL_PWR_DeInit                                    lib/STM32F4xx_HAL_Driver/Src/stm32f4xx_hal_pwr.o
HAL_PWR_DisableBkUpAccess                         lib/STM32F4xx_HAL_Driver/Src/stm32f4xx_hal_pwr.o
HAL_PWR_DisablePVD                                lib/STM32F4xx_HAL_Driver/Src/stm32f4xx_hal_pwr.o
HAL_PWR_DisableSEVOnPend                          lib/STM32F4xx_HAL_Driver/Src/stm32f4xx_hal_pwr.o
HAL_PWR_DisableSleepOnExit                        lib/STM32F4xx_HAL_Driver/Src/stm32f4xx_hal_pwr.o
HAL_PWR_DisableWakeUpPin                          lib/STM32F4xx_HAL_Driver/Src/stm32f4xx_hal_pwr.o
HAL_PWR_EnableBkUpAccess                          lib/STM32F4xx_HAL_Driver/Src/stm32f4xx_hal_pwr.o
HAL_PWR_EnablePVD                                 lib/STM32F4xx_HAL_Driver/Src/stm32f4xx_hal_pwr.o
HAL_PWR_EnableSEVOnPend                           lib/STM32F4xx_HAL_Driver/Src/stm32f4xx_hal_pwr.o
HAL_PWR_EnableSleepOnExit                         lib/STM32F4xx_HAL_Driver/Src/stm32f4xx_hal_pwr.o
HAL_PWR_EnableWakeUpPin                           lib/STM32F4xx_HAL_Driver/Src/stm32f4xx_hal_pwr.o
HAL_PWR_EnterSLEEPMode                            lib/STM32F4xx_HAL_Driver/Src/stm32f4xx_hal_pwr.o
HAL_PWR_EnterSTANDBYMode                          lib/STM32F4xx_HAL_Driver/Src/stm32f4xx_hal_pwr.o
HAL_PWR_EnterSTOPMode                             lib/STM32F4xx_HAL_Driver/Src/stm32f4xx_hal_pwr.o
HAL_PWR_PVDCallback                               lib/STM32F4xx_HAL_Driver/Src/stm32f4xx_hal_pwr.o
HAL_PWR_PVD_IRQHandler                            lib/STM32F4xx_HAL_Driver/Src/stm32f4xx_hal_pwr.o
HAL_RCCEx_DisablePLLI2S                           lib/STM32F4xx_HAL_Driver/Src/stm32f4xx_hal_rcc_ex.o
HAL_RCCEx_EnablePLLI2S                            lib/STM32F4xx_HAL_Driver/Src/stm32f4xx_hal_rcc_ex.o
HAL_RCCEx_GetPeriphCLKConfig                      lib/STM32F4xx_HAL_Driver/Src/stm32f4xx_hal_rcc_ex.o
HAL_RCCEx_GetPeriphCLKFreq                        lib/STM32F4xx_HAL_Driver/Src/stm32f4xx_hal_rcc_ex.o
HAL_RCCEx_PeriphCLKConfig                         lib/STM32F4xx_HAL_Driver/Src/stm32f4xx_hal_rcc_ex.o
HAL_RCC_CSSCallback                               lib/STM32F4xx_HAL_Driver/Src/stm32f4xx_hal_rcc.o
HAL_RCC_ClockConfig                               lib/STM32F4xx_HAL_Driver/Src/stm32f4xx_hal_rcc.o
HAL_RCC_DeInit                                    lib/STM32F4xx_HAL_Driver/Src/stm32f4xx_hal_rcc_ex.o
                                                  lib/STM32F4xx_HAL_Driver/Src/stm32f4xx_hal_rcc.o
HAL_RCC_DisableCSS                                lib/STM32F4xx_HAL_Driver/Src/stm32f4xx_hal_rcc.o
HAL_RCC_EnableCSS                                 lib/STM32F4xx_HAL_Driver/Src/stm32f4xx_hal_rcc.o
HAL_RCC_GetClockConfig                            lib/STM32F4xx_HAL_Driver/Src/stm32f4xx_hal_rcc.o
HAL_RCC_GetHCLKFreq                               lib/STM32F4xx_HAL_Driver/Src/stm32f4xx_hal_rcc.o
                                                  lib/STM32F4xx_HAL_Driver/Src/stm32f4xx_hal_pcd.o
HAL_RCC_GetOscConfig                              lib/STM32F4xx_HAL_Driver/Src/stm32f4xx_hal_rcc.o
HAL_RCC_GetPCLK1Freq                              lib/STM32F4xx_HAL_Driver/Src/stm32f4xx_hal_rcc.o
HAL_RCC_GetPCLK2Freq                              lib/STM32F4xx_HAL_Driver/Src/stm32f4xx_hal_rcc.o
HAL_RCC_GetSysClockFreq                           lib/STM32F4xx_HAL_Driver/Src/stm32f4xx_hal_rcc.o
HAL_RCC_MCOConfig                                 lib/STM32F4xx_HAL_Driver/Src/stm32f4xx_hal_rcc.o
HAL_RCC_NMI_IRQHandler                            lib/STM32F4xx_HAL_Driver/Src/stm32f4xx_hal_rcc.o
HAL_RCC_OscConfig                                 lib/STM32F4xx_HAL_Driver/Src/stm32f4xx_hal_rcc.o
HAL_ResumeTick                                    lib/STM32F4xx_HAL_Driver/Src/stm32f4xx_hal.o
HAL_SYSTICK_CLKSourceConfig                       lib/STM32F4xx_HAL_Driver/Src/stm32f4xx_hal_cortex.o
HAL_SYSTICK_Callback                              lib/STM32F4xx_HAL_Driver/Src/stm32f4xx_hal_cortex.o
HAL_SYSTICK_Config                                lib/STM32F4xx_HAL_Driver/Src/stm32f4xx_hal_cortex.o
                                                  lib/STM32F4xx_HAL_Driver/Src/stm32f4xx_hal.o
HAL_SYSTICK_IRQHandler                            lib/STM32F4xx_HAL_Driver/Src/stm32f4xx_hal_cortex.o
HAL_SetTickFreq                                   lib/STM32F4xx_HAL_Driver/Src/stm32f4xx_hal.o
HAL_SuspendTick                                   lib/STM32F4xx_HAL_Driver/Src/stm32f4xx_hal.o
HASH_RNG_IRQHandler                               startup_stm32f405xx.o
HardFault_Handler                                 startup_stm32f405xx.o
I2C1_ER_IRQHandler                                startup_stm32f405xx.o
I2C1_EV_IRQHandler                                startup_stm32f405xx.o
I2C2_ER_IRQHandler                                startup_stm32f405xx.o
I2C2_EV_IRQHandler                                startup_stm32f405xx.o
I2C3_ER_IRQHandler                                startup_stm32f405xx.o
I2C3_EV_IRQHandler                                startup_stm32f405xx.o
LL_DMA_DeInit                                     lib/STM32F4xx_HAL_Driver/Src/stm32f4xx_ll_dma.o
LL_DMA_Init                                       lib/STM32F4xx_HAL_Driver/Src/stm32f4xx_ll_dma.o
LL_DMA_StructInit                                 lib/STM32F4xx_HAL_Driver/Src/stm32f4xx_ll_dma.o
LL_EXTI_DeInit                                    lib/STM32F4xx_HAL_Driver/Src/stm32f4xx_ll_exti.o
LL_EXTI_Init                                      lib/STM32F4xx_HAL_Driver/Src/stm32f4xx_ll_exti.o
LL_EXTI_StructInit                                lib/STM32F4xx_HAL_Driver/Src/stm32f4xx_ll_exti.o
LL_GPIO_DeInit                                    lib/STM32F4xx_HAL_Driver/Src/stm32f4xx_ll_gpio.o
                                                  main.o
LL_GPIO_Init                                      lib/STM32F4xx_HAL_Driver/Src/stm32f4xx_ll_gpio.o
                                                  main.o
                                                  lib/fatfs/mmc.o
LL_GPIO_StructInit                                lib/STM32F4xx_HAL_Driver/Src/stm32f4xx_ll_gpio.o
LL_I2S_ConfigPrescaler                            lib/STM32F4xx_HAL_Driver/Src/stm32f4xx_ll_spi.o
LL_I2S_DeInit                                     lib/STM32F4xx_HAL_Driver/Src/stm32f4xx_ll_spi.o
LL_I2S_Init                                       lib/STM32F4xx_HAL_Driver/Src/stm32f4xx_ll_spi.o
LL_I2S_InitFullDuplex                             lib/STM32F4xx_HAL_Driver/Src/stm32f4xx_ll_spi.o
LL_I2S_StructInit                                 lib/STM32F4xx_HAL_Driver/Src/stm32f4xx_ll_spi.o
LL_Init1msTick                                    lib/STM32F4xx_HAL_Driver/Src/stm32f4xx_ll_utils.o
LL_PLL_ConfigSystemClock_HSE                      lib/STM32F4xx_HAL_Driver/Src/stm32f4xx_ll_utils.o
LL_PLL_ConfigSystemClock_HSI                      lib/STM32F4xx_HAL_Driver/Src/stm32f4xx_ll_utils.o
LL_RCC_DeInit                                     lib/STM32F4xx_HAL_Driver/Src/stm32f4xx_ll_rcc.o
LL_RCC_GetI2SClockFreq                            lib/STM32F4xx_HAL_Driver/Src/stm32f4xx_ll_rcc.o
                                                  lib/STM32F4xx_HAL_Driver/Src/stm32f4xx_ll_spi.o
LL_RCC_GetRNGClockFreq                            lib/STM32F4xx_HAL_Driver/Src/stm32f4xx_ll_rcc.o
LL_RCC_GetSDIOClockFreq                           lib/STM32F4xx_HAL_Driver/Src/stm32f4xx_ll_rcc.o
LL_RCC_GetSystemClocksFreq                        lib/STM32F4xx_HAL_Driver/Src/stm32f4xx_ll_rcc.o
                                                  lib/STM32F4xx_HAL_Driver/Src/stm32f4xx_ll_usart.o
LL_RCC_GetUSBClockFreq                            lib/STM32F4xx_HAL_Driver/Src/stm32f4xx_ll_rcc.o
LL_SPI_DeInit                                     lib/STM32F4xx_HAL_Driver/Src/stm32f4xx_ll_spi.o
LL_SPI_Init                                       lib/STM32F4xx_HAL_Driver/Src/stm32f4xx_ll_spi.o
                                                  lib/fatfs/mmc.o
LL_SPI_StructInit                                 lib/STM32F4xx_HAL_Driver/Src/stm32f4xx_ll_spi.o
LL_SetSystemCoreClock                             lib/STM32F4xx_HAL_Driver/Src/stm32f4xx_ll_utils.o
                                                  main.o
LL_USART_ClockInit                                lib/STM32F4xx_HAL_Driver/Src/stm32f4xx_ll_usart.o
LL_USART_ClockStructInit                          lib/STM32F4xx_HAL_Driver/Src/stm32f4xx_ll_usart.o