usbd_conf.c:102:6:HAL_PCD_SetupStageCallback	0	static
usbd_conf.c:113:6:HAL_PCD_DataOutStageCallback	0	static
usbd_conf.c:124:6:HAL_PCD_DataInStageCallback	0	static
usbd_conf.c:134:6:HAL_PCD_SOFCallback	0	static
usbd_conf.c:144:6:HAL_PCD_ResetCallback	8	static
usbd_conf.c:174:6:HAL_PCD_SuspendCallback	8	static
usbd_conf.c:197:6:HAL_PCD_ResumeCallback	8	static
usbd_conf.c:212:6:HAL_PCD_ISOOUTIncompleteCallback	0	static
usbd_conf.c:223:6:HAL_PCD_ISOINIncompleteCallback	0	static
usbd_conf.c:233:6:HAL_PCD_ConnectCallback	8	static
usbd_conf.c:246:6:HAL_PCD_DisconnectCallback	8	static
usbd_conf.c:263:20:USBD_LL_Init	8	static
usbd_conf.c:299:20:USBD_LL_DeInit	8	static
usbd_conf.c:331:20:USBD_LL_Start	8	static
usbd_conf.c:363:20:USBD_LL_Stop	8	static
usbd_conf.c:398:20:USBD_LL_OpenEP	8	static
usbd_conf.c:431:20:USBD_LL_CloseEP	8	static
usbd_conf.c:464:20:USBD_LL_FlushEP	8	static
usbd_conf.c:497:20:USBD_LL_StallEP	8	static
usbd_conf.c:530:20:USBD_LL_ClearStallEP	8	static
usbd_conf.c:563:9:USBD_LL_IsStallEP	0	static
usbd_conf.c:583:20:USBD_LL_SetUSBAddress	8	static
usbd_conf.c:618:20:USBD_LL_Transmit	8	static
usbd_conf.c:653:20:USBD_LL_PrepareReceive	8	static
usbd_conf.c:686:10:USBD_LL_GetRxDataSize	8	static
usbd_conf.c:697:6:USBD_LL_Delay	0	static
